Archive member included to satisfy reference by file (symbol)

D:/Arm/STM32CubeCLT_1.15.1/GNU-tools-for-STM32/bin/../lib/gcc/arm-none-eabi/12.3.1/../../../../arm-none-eabi/lib/thumb/v6-m/nofp\libc_nano.a(libc_a-exit.o)
                              D:/Arm/STM32CubeCLT_1.15.1/GNU-tools-for-STM32/bin/../lib/gcc/arm-none-eabi/12.3.1/../../../../arm-none-eabi/lib/thumb/v6-m/nofp/crt0.o (exit)
D:/Arm/STM32CubeCLT_1.15.1/GNU-tools-for-STM32/bin/../lib/gcc/arm-none-eabi/12.3.1/../../../../arm-none-eabi/lib/thumb/v6-m/nofp\libc_nano.a(libc_a-findfp.o)
                              D:/Arm/STM32CubeCLT_1.15.1/GNU-tools-for-STM32/bin/../lib/gcc/arm-none-eabi/12.3.1/../../../../arm-none-eabi/lib/thumb/v6-m/nofp\libc_nano.a(libc_a-exit.o) (__stdio_exit_handler)
D:/Arm/STM32CubeCLT_1.15.1/GNU-tools-for-STM32/bin/../lib/gcc/arm-none-eabi/12.3.1/../../../../arm-none-eabi/lib/thumb/v6-m/nofp\libc_nano.a(libc_a-fwalk.o)
                              D:/Arm/STM32CubeCLT_1.15.1/GNU-tools-for-STM32/bin/../lib/gcc/arm-none-eabi/12.3.1/../../../../arm-none-eabi/lib/thumb/v6-m/nofp\libc_nano.a(libc_a-findfp.o) (_fwalk_sglue)
D:/Arm/STM32CubeCLT_1.15.1/GNU-tools-for-STM32/bin/../lib/gcc/arm-none-eabi/12.3.1/../../../../arm-none-eabi/lib/thumb/v6-m/nofp\libc_nano.a(libc_a-stdio.o)
                              D:/Arm/STM32CubeCLT_1.15.1/GNU-tools-for-STM32/bin/../lib/gcc/arm-none-eabi/12.3.1/../../../../arm-none-eabi/lib/thumb/v6-m/nofp\libc_nano.a(libc_a-findfp.o) (__sread)
D:/Arm/STM32CubeCLT_1.15.1/GNU-tools-for-STM32/bin/../lib/gcc/arm-none-eabi/12.3.1/../../../../arm-none-eabi/lib/thumb/v6-m/nofp\libc_nano.a(libc_a-memset.o)
                              D:/Arm/STM32CubeCLT_1.15.1/GNU-tools-for-STM32/bin/../lib/gcc/arm-none-eabi/12.3.1/../../../../arm-none-eabi/lib/thumb/v6-m/nofp/crt0.o (memset)
D:/Arm/STM32CubeCLT_1.15.1/GNU-tools-for-STM32/bin/../lib/gcc/arm-none-eabi/12.3.1/../../../../arm-none-eabi/lib/thumb/v6-m/nofp\libc_nano.a(libc_a-closer.o)
                              D:/Arm/STM32CubeCLT_1.15.1/GNU-tools-for-STM32/bin/../lib/gcc/arm-none-eabi/12.3.1/../../../../arm-none-eabi/lib/thumb/v6-m/nofp\libc_nano.a(libc_a-stdio.o) (_close_r)
D:/Arm/STM32CubeCLT_1.15.1/GNU-tools-for-STM32/bin/../lib/gcc/arm-none-eabi/12.3.1/../../../../arm-none-eabi/lib/thumb/v6-m/nofp\libc_nano.a(libc_a-reent.o)
                              D:/Arm/STM32CubeCLT_1.15.1/GNU-tools-for-STM32/bin/../lib/gcc/arm-none-eabi/12.3.1/../../../../arm-none-eabi/lib/thumb/v6-m/nofp\libc_nano.a(libc_a-closer.o) (errno)
D:/Arm/STM32CubeCLT_1.15.1/GNU-tools-for-STM32/bin/../lib/gcc/arm-none-eabi/12.3.1/../../../../arm-none-eabi/lib/thumb/v6-m/nofp\libc_nano.a(libc_a-impure.o)
                              D:/Arm/STM32CubeCLT_1.15.1/GNU-tools-for-STM32/bin/../lib/gcc/arm-none-eabi/12.3.1/../../../../arm-none-eabi/lib/thumb/v6-m/nofp\libc_nano.a(libc_a-reent.o) (_impure_ptr)
D:/Arm/STM32CubeCLT_1.15.1/GNU-tools-for-STM32/bin/../lib/gcc/arm-none-eabi/12.3.1/../../../../arm-none-eabi/lib/thumb/v6-m/nofp\libc_nano.a(libc_a-lseekr.o)
                              D:/Arm/STM32CubeCLT_1.15.1/GNU-tools-for-STM32/bin/../lib/gcc/arm-none-eabi/12.3.1/../../../../arm-none-eabi/lib/thumb/v6-m/nofp\libc_nano.a(libc_a-stdio.o) (_lseek_r)
D:/Arm/STM32CubeCLT_1.15.1/GNU-tools-for-STM32/bin/../lib/gcc/arm-none-eabi/12.3.1/../../../../arm-none-eabi/lib/thumb/v6-m/nofp\libc_nano.a(libc_a-readr.o)
                              D:/Arm/STM32CubeCLT_1.15.1/GNU-tools-for-STM32/bin/../lib/gcc/arm-none-eabi/12.3.1/../../../../arm-none-eabi/lib/thumb/v6-m/nofp\libc_nano.a(libc_a-stdio.o) (_read_r)
D:/Arm/STM32CubeCLT_1.15.1/GNU-tools-for-STM32/bin/../lib/gcc/arm-none-eabi/12.3.1/../../../../arm-none-eabi/lib/thumb/v6-m/nofp\libc_nano.a(libc_a-writer.o)
                              D:/Arm/STM32CubeCLT_1.15.1/GNU-tools-for-STM32/bin/../lib/gcc/arm-none-eabi/12.3.1/../../../../arm-none-eabi/lib/thumb/v6-m/nofp\libc_nano.a(libc_a-stdio.o) (_write_r)
D:/Arm/STM32CubeCLT_1.15.1/GNU-tools-for-STM32/bin/../lib/gcc/arm-none-eabi/12.3.1/../../../../arm-none-eabi/lib/thumb/v6-m/nofp\libc_nano.a(libc_a-init.o)
                              D:/Arm/STM32CubeCLT_1.15.1/GNU-tools-for-STM32/bin/../lib/gcc/arm-none-eabi/12.3.1/../../../../arm-none-eabi/lib/thumb/v6-m/nofp/crt0.o (__libc_init_array)
D:/Arm/STM32CubeCLT_1.15.1/GNU-tools-for-STM32/bin/../lib/gcc/arm-none-eabi/12.3.1/../../../../arm-none-eabi/lib/thumb/v6-m/nofp\libc_nano.a(libc_a-lock.o)
                              D:/Arm/STM32CubeCLT_1.15.1/GNU-tools-for-STM32/bin/../lib/gcc/arm-none-eabi/12.3.1/../../../../arm-none-eabi/lib/thumb/v6-m/nofp\libc_nano.a(libc_a-findfp.o) (__retarget_lock_init_recursive)
D:/Arm/STM32CubeCLT_1.15.1/GNU-tools-for-STM32/bin/../lib/gcc/arm-none-eabi/12.3.1/../../../../arm-none-eabi/lib/thumb/v6-m/nofp\libc_nano.a(libc_a-freer.o)
[...]
Memory Configuration

Name             Origin             Length             Attributes
RAM              0x20000000         0x00002000         xrw
FLASH            0x08000000         0x00010000         xr
*default*        0x00000000         0xffffffff

Linker script and memory map

LOAD D:/Arm/STM32CubeCLT_1.15.1/GNU-tools-for-STM32/bin/../lib/gcc/arm-none-eabi/12.3.1/thumb/v6-m/nofp/crti.o
LOAD D:/Arm/STM32CubeCLT_1.15.1/GNU-tools-for-STM32/bin/../lib/gcc/arm-none-eabi/12.3.1/thumb/v6-m/nofp/crtbegin.o
LOAD D:/Arm/STM32CubeCLT_1.15.1/GNU-tools-for-STM32/bin/../lib/gcc/arm-none-eabi/12.3.1/../../../../arm-none-eabi/lib/thumb/v6-m/nofp/crt0.o
START GROUP
LOAD D:/Arm/STM32CubeCLT_1.15.1/GNU-tools-for-STM32/bin/../lib/gcc/arm-none-eabi/12.3.1/../../../../arm-none-eabi/lib/thumb/v6-m/nofp\libc_nano.a
LOAD D:/Arm/STM32CubeCLT_1.15.1/GNU-tools-for-STM32/bin/../lib/gcc/arm-none-eabi/12.3.1/../../../../arm-none-eabi/lib/thumb/v6-m/nofp\libm.a
END GROUP
LOAD CMakeFiles/Lora_test.dir/Core/Src/main.c.obj
LOAD CMakeFiles/Lora_test.dir/Core/Src/delay.c.obj
LOAD CMakeFiles/Lora_test.dir/Radio/Src/crc.c.obj
LOAD CMakeFiles/Lora_test.dir/Radio/Src/sx1276.c.obj
LOAD CMakeFiles/Lora_test.dir/Radio/Src/sx1276-Hal.c.obj
LOAD CMakeFiles/Lora_test.dir/Radio/Src/sx1276-LoRa.c.obj
LOAD CMakeFiles/Lora_test.dir/Radio/Src/sx1276-LoRaMisc.c.obj
LOAD CMakeFiles/Lora_test.dir/Radio/Src/sx1276-FskMisc.c.obj
LOAD CMakeFiles/Lora_test.dir/Radio/Src/sx1276-Fsk.c.obj
LOAD CMakeFiles/Lora_test.dir/Radio/Src/radio.c.obj
LOAD CMakeFiles/Lora_test.dir/Core/Src/gpio.c.obj
LOAD CMakeFiles/Lora_test.dir/Core/Src/spi.c.obj
LOAD CMakeFiles/Lora_test.dir/Core/Src/usart.c.obj
LOAD CMakeFiles/Lora_test.dir/Core/Src/dma.c.obj
LOAD CMakeFiles/Lora_test.dir/Core/Src/stm32f0xx_it.c.obj
LOAD CMakeFiles/Lora_test.dir/Core/Src/stm32f0xx_hal_msp.c.obj
LOAD CMakeFiles/Lora_test.dir/Drivers/STM32F0xx_HAL_Driver/Src/stm32f0xx_hal_spi.c.obj
LOAD CMakeFiles/Lora_test.dir/Drivers/STM32F0xx_HAL_Driver/Src/stm32f0xx_hal_spi_ex.c.obj
LOAD CMakeFiles/Lora_test.dir/Drivers/STM32F0xx_HAL_Driver/Src/stm32f0xx_hal_rcc.c.obj
LOAD CMakeFiles/Lora_test.dir/Drivers/STM32F0xx_HAL_Driver/Src/stm32f0xx_hal_rcc_ex.c.obj
LOAD CMakeFiles/Lora_test.dir/Drivers/STM32F0xx_HAL_Driver/Src/stm32f0xx_hal.c.obj
LOAD CMakeFiles/Lora_test.dir/Drivers/STM32F0xx_HAL_Driver/Src/stm32f0xx_hal_i2c.c.obj
LOAD CMakeFiles/Lora_test.dir/Drivers/STM32F0xx_HAL_Driver/Src/stm32f0xx_hal_i2c_ex.c.obj
LOAD CMakeFiles/Lora_test.dir/Drivers/STM32F0xx_HAL_Driver/Src/stm32f0xx_hal_gpio.c.obj
LOAD CMakeFiles/Lora_test.dir/Drivers/STM32F0xx_HAL_Driver/Src/stm32f0xx_hal_dma.c.obj
LOAD CMakeFiles/Lora_test.dir/Drivers/STM32F0xx_HAL_Driver/Src/stm32f0xx_hal_cortex.c.obj
LOAD CMakeFiles/Lora_test.dir/Drivers/STM32F0xx_HAL_Driver/Src/stm32f0xx_hal_pwr.c.obj
LOAD CMakeFiles/Lora_test.dir/Drivers/STM32F0xx_HAL_Driver/Src/stm32f0xx_hal_pwr_ex.c.obj
LOAD CMakeFiles/Lora_test.dir/Drivers/STM32F0xx_HAL_Driver/Src/stm32f0xx_hal_flash.c.obj
LOAD CMakeFiles/Lora_test.dir/Drivers/STM32F0xx_HAL_Driver/Src/stm32f0xx_hal_flash_ex.c.obj
LOAD CMakeFiles/Lora_test.dir/Drivers/STM32F0xx_HAL_Driver/Src/stm32f0xx_hal_exti.c.obj
LOAD CMakeFiles/Lora_test.dir/Drivers/STM32F0xx_HAL_Driver/Src/stm32f0xx_hal_tim.c.obj
LOAD CMakeFiles/Lora_test.dir/Drivers/STM32F0xx_HAL_Driver/Src/stm32f0xx_hal_tim_ex.c.obj
LOAD CMakeFiles/Lora_test.dir/Drivers/STM32F0xx_HAL_Driver/Src/stm32f0xx_hal_uart.c.obj
LOAD CMakeFiles/Lora_test.dir/Drivers/STM32F0xx_HAL_Driver/Src/stm32f0xx_hal_uart_ex.c.obj
LOAD CMakeFiles/Lora_test.dir/Core/Src/system_stm32f0xx.c.obj
LOAD CMakeFiles/Lora_test.dir/Core/Src/sysmem.c.obj
LOAD CMakeFiles/Lora_test.dir/Core/Src/syscalls.c.obj
LOAD CMakeFiles/Lora_test.dir/startup_stm32f030x8.s.obj
START GROUP
LOAD D:/Arm/STM32CubeCLT_1.15.1/GNU-tools-for-STM32/bin/../lib/gcc/arm-none-eabi/12.3.1/thumb/v6-m/nofp\libgcc.a
LOAD D:/Arm/STM32CubeCLT_1.15.1/GNU-tools-for-STM32/bin/../lib/gcc/arm-none-eabi/12.3.1/../../../../arm-none-eabi/lib/thumb/v6-m/nofp\libg_nano.a
LOAD D:/Arm/STM32CubeCLT_1.15.1/GNU-tools-for-STM32/bin/../lib/gcc/arm-none-eabi/12.3.1/../../../../arm-none-eabi/lib/thumb/v6-m/nofp\libc_nano.a
END GROUP
START GROUP
LOAD D:/Arm/STM32CubeCLT_1.15.1/GNU-tools-for-STM32/bin/../lib/gcc/arm-none-eabi/12.3.1/thumb/v6-m/nofp\libgcc.a
LOAD D:/Arm/STM32CubeCLT_1.15.1/GNU-tools-for-STM32/bin/../lib/gcc/arm-none-eabi/12.3.1/../../../../arm-none-eabi/lib/thumb/v6-m/nofp\libc_nano.a
END GROUP
LOAD D:/Arm/STM32CubeCLT_1.15.1/GNU-tools-for-STM32/bin/../lib/gcc/arm-none-eabi/12.3.1/thumb/v6-m/nofp/crtend.o
LOAD D:/Arm/STM32CubeCLT_1.15.1/GNU-tools-for-STM32/bin/../lib/gcc/arm-none-eabi/12.3.1/thumb/v6-m/nofp/crtn.o
                0x20002000                        _estack = (ORIGIN (RAM) + LENGTH (RAM))
                0x00000200                        _Min_Heap_Size = 0x200
                0x00000400                        _Min_Stack_Size = 0x400

.isr_vector     0x08000000       0xc0
                0x08000000                        . = ALIGN (0x4)
 *(.isr_vector)
 .isr_vector    0x08000000       0xc0 CMakeFiles/Lora_test.dir/startup_stm32f030x8.s.obj
                0x08000000                g_pfnVectors
                0x080000c0                        . = ALIGN (0x4)

.text           0x080000c0     0x8520
                0x080000c0                        . = ALIGN (0x4)
 *(.text)
 .text          0x080000c0       0x48 D:/Arm/STM32CubeCLT_1.15.1/GNU-tools-for-STM32/bin/../lib/gcc/arm-none-eabi/12.3.1/thumb/v6-m/nofp/crtbegin.o
 .text          0x08000108      0x114 D:/Arm/STM32CubeCLT_1.15.1/GNU-tools-for-STM32/bin/../lib/gcc/arm-none-eabi/12.3.1/thumb/v6-m/nofp\libgcc.a(_udivsi3.o)
                0x08000108                __aeabi_uidiv
                0x08000108                __udivsi3
                0x08000214                __aeabi_uidivmod
 .text          0x0800021c        0x4 D:/Arm/STM32CubeCLT_1.15.1/GNU-tools-for-STM32/bin/../lib/gcc/arm-none-eabi/12.3.1/thumb/v6-m/nofp\libgcc.a(_dvmd_tls.o)
                0x0800021c                __aeabi_idiv0
                0x0800021c                __aeabi_ldiv0
 .text          0x08000220       0x7c D:/Arm/STM32CubeCLT_1.15.1/GNU-tools-for-STM32/bin/../lib/gcc/arm-none-eabi/12.3.1/thumb/v6-m/nofp\libgcc.a(_arm_cmpdf2.o)
                0x08000220                __aeabi_cdrcmple
                0x08000230                __aeabi_cdcmple
                0x08000230                __aeabi_cdcmpeq
                0x08000240                __aeabi_dcmpeq
                0x0800024c                __aeabi_dcmplt
                0x08000260                __aeabi_dcmple
                0x08000274                __aeabi_dcmpgt
                0x08000288                __aeabi_dcmpge
 .text          0x0800029c       0x3c D:/Arm/STM32CubeCLT_1.15.1/GNU-tools-for-STM32/bin/../lib/gcc/arm-none-eabi/12.3.1/thumb/v6-m/nofp\libgcc.a(_fixunsdfsi.o)
                0x0800029c                __aeabi_d2uiz
                0x0800029c                __fixunsdfsi
 .text          0x080002d8      0x6c8 D:/Arm/STM32CubeCLT_1.15.1/GNU-tools-for-STM32/bin/../lib/gcc/arm-none-eabi/12.3.1/thumb/v6-m/nofp\libgcc.a(adddf3.o)
                0x080002d8                __aeabi_dadd
 .text          0x080009a0      0x634 D:/Arm/STM32CubeCLT_1.15.1/GNU-tools-for-STM32/bin/../lib/gcc/arm-none-eabi/12.3.1/thumb/v6-m/nofp\libgcc.a(divdf3.o)
                0x080009a0                __aeabi_ddiv
 .text          0x08000fd4       0x88 D:/Arm/STM32CubeCLT_1.15.1/GNU-tools-for-STM32/bin/../lib/gcc/arm-none-eabi/12.3.1/thumb/v6-m/nofp\libgcc.a(eqdf2.o)
                0x08000fd4                __nedf2
                0x08000fd4                __eqdf2
 .text          0x0800105c       0xe8 D:/Arm/STM32CubeCLT_1.15.1/GNU-tools-for-STM32/bin/../lib/gcc/arm-none-eabi/12.3.1/thumb/v6-m/nofp\libgcc.a(gedf2.o)
                0x0800105c                __gedf2
                0x0800105c                __gtdf2
 .text          0x08001144       0xe4 D:/Arm/STM32CubeCLT_1.15.1/GNU-tools-for-STM32/bin/../lib/gcc/arm-none-eabi/12.3.1/thumb/v6-m/nofp\libgcc.a(ledf2.o)
                0x08001144                __ledf2
                0x08001144                __ltdf2
 .text          0x08001228      0x590 D:/Arm/STM32CubeCLT_1.15.1/GNU-tools-for-STM32/bin/../lib/gcc/arm-none-eabi/12.3.1/thumb/v6-m/nofp\libgcc.a(muldf3.o)
                0x08001228                __aeabi_dmul
 .text          0x080017b8      0x738 D:/Arm/STM32CubeCLT_1.15.1/GNU-tools-for-STM32/bin/../lib/gcc/arm-none-eabi/12.3.1/thumb/v6-m/nofp\libgcc.a(subdf3.o)
                0x080017b8                __aeabi_dsub
 .text          0x08001ef0       0x78 D:/Arm/STM32CubeCLT_1.15.1/GNU-tools-for-STM32/bin/../lib/gcc/arm-none-eabi/12.3.1/thumb/v6-m/nofp\libgcc.a(fixdfsi.o)
                0x08001ef0                __aeabi_d2iz
 .text          0x08001f68       0x5c D:/Arm/STM32CubeCLT_1.15.1/GNU-tools-for-STM32/bin/../lib/gcc/arm-none-eabi/12.3.1/thumb/v6-m/nofp\libgcc.a(floatsidf.o)
                0x08001f68                __aeabi_i2d
 .text          0x08001fc4       0x48 D:/Arm/STM32CubeCLT_1.15.1/GNU-tools-for-STM32/bin/../lib/gcc/arm-none-eabi/12.3.1/thumb/v6-m/nofp\libgcc.a(floatunsidf.o)
                0x08001fc4                __aeabi_ui2d
 .text          0x0800200c       0x3c D:/Arm/STM32CubeCLT_1.15.1/GNU-tools-for-STM32/bin/../lib/gcc/arm-none-eabi/12.3.1/thumb/v6-m/nofp\libgcc.a(_clzsi2.o)
                0x0800200c                __clzsi2
 .text          0x08002048        0xe D:/Arm/STM32CubeCLT_1.15.1/GNU-tools-for-STM32/bin/../lib/gcc/arm-none-eabi/12.3.1/../../../../arm-none-eabi/lib/thumb/v6-m/nofp\libg_nano.a(libc_a-strlen.o)
                0x08002048                strlen
 *fill*         0x08002056        0x2 
 .text          0x08002058       0x14 D:/Arm/STM32CubeCLT_1.15.1/GNU-tools-for-STM32/bin/../lib/gcc/arm-none-eabi/12.3.1/thumb/v6-m/nofp\libgcc.a(_thumb1_case_shi.o)
                0x08002058                __gnu_thumb1_case_shi
 *(.text*)
 .text.memset   0x0800206c       0x10 D:/Arm/STM32CubeCLT_1.15.1/GNU-tools-for-STM32/bin/../lib/gcc/arm-none-eabi/12.3.1/../../../../arm-none-eabi/lib/thumb/v6-m/nofp\libc_nano.a(libc_a-memset.o)
                0x0800206c                memset
 .text.__libc_init_array
                0x0800207c       0x48 D:/Arm/STM32CubeCLT_1.15.1/GNU-tools-for-STM32/bin/../lib/gcc/arm-none-eabi/12.3.1/../../../../arm-none-eabi/lib/thumb/v6-m/nofp\libc_nano.a(libc_a-init.o)
                0x0800207c                __libc_init_array
 .text.__retarget_lock_acquire_recursive
                0x080020c4        0x2 D:/Arm/STM32CubeCLT_1.15.1/GNU-tools-for-STM32/bin/../lib/gcc/arm-none-eabi/12.3.1/../../../../arm-none-eabi/lib/thumb/v6-m/nofp\libc_nano.a(libc_a-lock.o)
                0x080020c4                __retarget_lock_acquire_recursive
 .text.__retarget_lock_release_recursive
                0x080020c6        0x2 D:/Arm/STM32CubeCLT_1.15.1/GNU-tools-for-STM32/bin/../lib/gcc/arm-none-eabi/12.3.1/../../../../arm-none-eabi/lib/thumb/v6-m/nofp\libc_nano.a(libc_a-lock.o)
                0x080020c6                __retarget_lock_release_recursive
 .text._free_r  0x080020c8       0x94 D:/Arm/STM32CubeCLT_1.15.1/GNU-tools-for-STM32/bin/../lib/gcc/arm-none-eabi/12.3.1/../../../../arm-none-eabi/lib/thumb/v6-m/nofp\libc_nano.a(libc_a-freer.o)
                0x080020c8                _free_r
 .text.sbrk_aligned
                0x0800215c       0x44 D:/Arm/STM32CubeCLT_1.15.1/GNU-tools-for-STM32/bin/../lib/gcc/arm-none-eabi/12.3.1/../../../../arm-none-eabi/lib/thumb/v6-m/nofp\libc_nano.a(libc_a-mallocr.o)
 .text._malloc_r
                0x080021a0      0x100 D:/Arm/STM32CubeCLT_1.15.1/GNU-tools-for-STM32/bin/../lib/gcc/arm-none-eabi/12.3.1/../../../../arm-none-eabi/lib/thumb/v6-m/nofp\libc_nano.a(libc_a-mallocr.o)
                0x080021a0                _malloc_r
 .text.__malloc_lock
                0x080022a0       0x10 D:/Arm/STM32CubeCLT_1.15.1/GNU-tools-for-STM32/bin/../lib/gcc/arm-none-eabi/12.3.1/../../../../arm-none-eabi/lib/thumb/v6-m/nofp\libc_nano.a(libc_a-mlock.o)
                0x080022a0                __malloc_lock
 .text.__malloc_unlock
                0x080022b0       0x10 D:/Arm/STM32CubeCLT_1.15.1/GNU-tools-for-STM32/bin/../lib/gcc/arm-none-eabi/12.3.1/../../../../arm-none-eabi/lib/thumb/v6-m/nofp\libc_nano.a(libc_a-mlock.o)
                0x080022b0                __malloc_unlock
 .text._sbrk_r  0x080022c0       0x24 D:/Arm/STM32CubeCLT_1.15.1/GNU-tools-for-STM32/bin/../lib/gcc/arm-none-eabi/12.3.1/../../../../arm-none-eabi/lib/thumb/v6-m/nofp\libc_nano.a(libc_a-sbrkr.o)
                0x080022c0                _sbrk_r
 .text.LedToggle
                0x080022e4       0x30 CMakeFiles/Lora_test.dir/Core/Src/main.c.obj
                0x080022e4                LedToggle
 .text.OnMaster
                0x08002314       0xc4 CMakeFiles/Lora_test.dir/Core/Src/main.c.obj
                0x08002314                OnMaster
 .text.OnSlave  0x080023d8       0xdc CMakeFiles/Lora_test.dir/Core/Src/main.c.obj
                0x080023d8                OnSlave
 .text.main     0x080024b4       0xa8 CMakeFiles/Lora_test.dir/Core/Src/main.c.obj
                0x080024b4                main
 .text.SystemClock_Config
                0x0800255c       0xd0 CMakeFiles/Lora_test.dir/Core/Src/main.c.obj
                0x0800255c                SystemClock_Config
 .text.MX_NVIC_Init
                0x0800262c       0x1a CMakeFiles/Lora_test.dir/Core/Src/main.c.obj
 .text.Error_Handler
                0x08002646        0xc CMakeFiles/Lora_test.dir/Core/Src/main.c.obj
                0x08002646                Error_Handler
 .text.HAL_Delay_nMs
                0x08002652       0x18 CMakeFiles/Lora_test.dir/Core/Src/delay.c.obj
                0x08002652                HAL_Delay_nMs
 *fill*         0x0800266a        0x2 
 .text.SX1276Init
                0x0800266c       0x6c CMakeFiles/Lora_test.dir/Radio/Src/sx1276.c.obj
                0x0800266c                SX1276Init
 .text.SX1276Reset
                0x080026d8       0x4c CMakeFiles/Lora_test.dir/Radio/Src/sx1276.c.obj
                0x080026d8                SX1276Reset
 .text.SX1276SetLoRaOn
                0x08002724       0xe4 CMakeFiles/Lora_test.dir/Radio/Src/sx1276.c.obj
                0x08002724                SX1276SetLoRaOn
 .text.SX1276StartRx
                0x08002808       0x2c CMakeFiles/Lora_test.dir/Radio/Src/sx1276.c.obj
                0x08002808                SX1276StartRx
 .text.SX1276StartTx
                0x08002834       0x2c CMakeFiles/Lora_test.dir/Radio/Src/sx1276.c.obj
                0x08002834                SX1276StartTx
 .text.SX1276GetRxPacket
                0x08002860       0x40 CMakeFiles/Lora_test.dir/Radio/Src/sx1276.c.obj
                0x08002860                SX1276GetRxPacket
 .text.SX1276SetTxPacket
                0x080028a0       0x48 CMakeFiles/Lora_test.dir/Radio/Src/sx1276.c.obj
                0x080028a0                SX1276SetTxPacket
 .text.SX1276Process
                0x080028e8       0x2c CMakeFiles/Lora_test.dir/Radio/Src/sx1276.c.obj
                0x080028e8                SX1276Process
 .text.SX1276EnterCadMode
                0x08002914       0x24 CMakeFiles/Lora_test.dir/Radio/Src/sx1276.c.obj
                0x08002914                SX1276EnterCadMode
 .text.SX1276ParameterChange
                0x08002938       0x30 CMakeFiles/Lora_test.dir/Radio/Src/sx1276.c.obj
                0x08002938                SX1276ParameterChange
 .text.SpiWriteData
                0x08002968       0x54 CMakeFiles/Lora_test.dir/Radio/Src/sx1276-Hal.c.obj
                0x08002968                SpiWriteData
 .text.SpiReadData
                0x080029bc       0x58 CMakeFiles/Lora_test.dir/Radio/Src/sx1276-Hal.c.obj
                0x080029bc                SpiReadData
 .text.SX1276SetReset
                0x08002a14       0x3c CMakeFiles/Lora_test.dir/Radio/Src/sx1276-Hal.c.obj
                0x08002a14                SX1276SetReset
 .text.SX1276Write
                0x08002a50       0x28 CMakeFiles/Lora_test.dir/Radio/Src/sx1276-Hal.c.obj
                0x08002a50                SX1276Write
 .text.SX1276Read
                0x08002a78       0x24 CMakeFiles/Lora_test.dir/Radio/Src/sx1276-Hal.c.obj
                0x08002a78                SX1276Read
 .text.SX1276WriteBuffer
                0x08002a9c       0x6c CMakeFiles/Lora_test.dir/Radio/Src/sx1276-Hal.c.obj
                0x08002a9c                SX1276WriteBuffer
 .text.SX1276ReadBuffer
                0x08002b08       0x6c CMakeFiles/Lora_test.dir/Radio/Src/sx1276-Hal.c.obj
                0x08002b08                SX1276ReadBuffer
 .text.SX1276WriteFifo
                0x08002b74       0x24 CMakeFiles/Lora_test.dir/Radio/Src/sx1276-Hal.c.obj
                0x08002b74                SX1276WriteFifo
 .text.SX1276ReadFifo
                0x08002b98       0x24 CMakeFiles/Lora_test.dir/Radio/Src/sx1276-Hal.c.obj
                0x08002b98                SX1276ReadFifo
 .text.SX1276ReadDio0
                0x08002bbc       0x18 CMakeFiles/Lora_test.dir/Radio/Src/sx1276-Hal.c.obj
                0x08002bbc                SX1276ReadDio0
 .text.SX1276ReadDio1
                0x08002bd4       0x18 CMakeFiles/Lora_test.dir/Radio/Src/sx1276-Hal.c.obj
                0x08002bd4                SX1276ReadDio1
 .text.SX1276ReadDio2
                0x08002bec       0x18 CMakeFiles/Lora_test.dir/Radio/Src/sx1276-Hal.c.obj
                0x08002bec                SX1276ReadDio2
 .text.SX1276ReadDio3
                0x08002c04       0x1c CMakeFiles/Lora_test.dir/Radio/Src/sx1276-Hal.c.obj
                0x08002c04                SX1276ReadDio3
 .text.SX1276ReadDio4
                0x08002c20        0xc CMakeFiles/Lora_test.dir/Radio/Src/sx1276-Hal.c.obj
                0x08002c20                SX1276ReadDio4
 .text.SX1276WriteRxTx
                0x08002c2c       0x14 CMakeFiles/Lora_test.dir/Radio/Src/sx1276-Hal.c.obj
                0x08002c2c                SX1276WriteRxTx
 .text.SX1276LoRaInit
                0x08002c40       0xf8 CMakeFiles/Lora_test.dir/Radio/Src/sx1276-LoRa.c.obj
                0x08002c40                SX1276LoRaInit
 .text.SX1276LoRaSetDefaults
                0x08002d38       0x1c CMakeFiles/Lora_test.dir/Radio/Src/sx1276-LoRa.c.obj
                0x08002d38                SX1276LoRaSetDefaults
 .text.SX1276LoRaSetOpMode
                0x08002d54       0xac CMakeFiles/Lora_test.dir/Radio/Src/sx1276-LoRa.c.obj
                0x08002d54                SX1276LoRaSetOpMode
 .text.SX1276LoRaReadRxGain
                0x08002e00       0x28 CMakeFiles/Lora_test.dir/Radio/Src/sx1276-LoRa.c.obj
                0x08002e00                SX1276LoRaReadRxGain
 .text.SX1276LoRaGetRxPacket
                0x08002e28       0x48 CMakeFiles/Lora_test.dir/Radio/Src/sx1276-LoRa.c.obj
                0x08002e28                SX1276LoRaGetRxPacket
 .text.SX1276LoRaSetTxPacket
                0x08002e70       0x40 CMakeFiles/Lora_test.dir/Radio/Src/sx1276-LoRa.c.obj
                0x08002e70                SX1276LoRaSetTxPacket
 .text.SX1276LoRaSetRFState
                0x08002eb0       0x20 CMakeFiles/Lora_test.dir/Radio/Src/sx1276-LoRa.c.obj
                0x08002eb0                SX1276LoRaSetRFState
 .text.SX1276LoRaProcess
                0x08002ed0      0x758 CMakeFiles/Lora_test.dir/Radio/Src/sx1276-LoRa.c.obj
                0x08002ed0                SX1276LoRaProcess
 .text.SX1276LoRaEnterCadMode
                0x08003628       0x20 CMakeFiles/Lora_test.dir/Radio/Src/sx1276-LoRa.c.obj
                0x08003628                SX1276LoRaEnterCadMode
 .text.SX1276LoRaParameterChange
                0x08003648       0x30 CMakeFiles/Lora_test.dir/Radio/Src/sx1276-LoRa.c.obj
                0x08003648                SX1276LoRaParameterChange
 .text.SX1276LoRaSetRFFrequency
                0x08003678       0x74 CMakeFiles/Lora_test.dir/Radio/Src/sx1276-LoRaMisc.c.obj
                0x08003678                SX1276LoRaSetRFFrequency
 .text.SX1276LoRaSetRFPower
                0x080036ec      0x184 CMakeFiles/Lora_test.dir/Radio/Src/sx1276-LoRaMisc.c.obj
                0x080036ec                SX1276LoRaSetRFPower
 .text.SX1276LoRaSetSignalBandwidth
                0x08003870       0x64 CMakeFiles/Lora_test.dir/Radio/Src/sx1276-LoRaMisc.c.obj
                0x08003870                SX1276LoRaSetSignalBandwidth
 .text.SX1276LoRaSetSpreadingFactor
                0x080038d4       0x98 CMakeFiles/Lora_test.dir/Radio/Src/sx1276-LoRaMisc.c.obj
                0x080038d4                SX1276LoRaSetSpreadingFactor
 .text.SX1276LoRaSetErrorCoding
                0x0800396c       0x64 CMakeFiles/Lora_test.dir/Radio/Src/sx1276-LoRaMisc.c.obj
                0x0800396c                SX1276LoRaSetErrorCoding
 .text.SX1276LoRaSetPacketCrcOn
                0x080039d0       0x64 CMakeFiles/Lora_test.dir/Radio/Src/sx1276-LoRaMisc.c.obj
                0x080039d0                SX1276LoRaSetPacketCrcOn
 .text.SX1276LoRaSetImplicitHeaderOn
                0x08003a34       0x60 CMakeFiles/Lora_test.dir/Radio/Src/sx1276-LoRaMisc.c.obj
                0x08003a34                SX1276LoRaSetImplicitHeaderOn
 .text.SX1276LoRaSetPayloadLength
                0x08003a94       0x40 CMakeFiles/Lora_test.dir/Radio/Src/sx1276-LoRaMisc.c.obj
                0x08003a94                SX1276LoRaSetPayloadLength
 .text.SX1276LoRaSetPa20dBm
                0x08003ad4       0x70 CMakeFiles/Lora_test.dir/Radio/Src/sx1276-LoRaMisc.c.obj
                0x08003ad4                SX1276LoRaSetPa20dBm
 .text.SX1276LoRaSetPAOutput
                0x08003b44       0x54 CMakeFiles/Lora_test.dir/Radio/Src/sx1276-LoRaMisc.c.obj
                0x08003b44                SX1276LoRaSetPAOutput
 .text.SX1276LoRaSetSymbTimeout
                0x08003b98       0x70 CMakeFiles/Lora_test.dir/Radio/Src/sx1276-LoRaMisc.c.obj
                0x08003b98                SX1276LoRaSetSymbTimeout
 .text.SX1276LoRaSetLowDatarateOptimize
                0x08003c08       0x5c CMakeFiles/Lora_test.dir/Radio/Src/sx1276-LoRaMisc.c.obj
                0x08003c08                SX1276LoRaSetLowDatarateOptimize
 .text.SX1276LoRaSetNbTrigPeaks
                0x08003c64       0x5c CMakeFiles/Lora_test.dir/Radio/Src/sx1276-LoRaMisc.c.obj
                0x08003c64                SX1276LoRaSetNbTrigPeaks
 .text.SX1276LoRaSetSyncWord
                0x08003cc0       0x74 CMakeFiles/Lora_test.dir/Radio/Src/sx1276-LoRaMisc.c.obj
                0x08003cc0                SX1276LoRaSetSyncWord
 .text.SX1276FskSetOpMode
                0x08003d34       0xac CMakeFiles/Lora_test.dir/Radio/Src/sx1276-Fsk.c.obj
                0x08003d34                SX1276FskSetOpMode
 .text.SX1276FskReadAfc
                0x08003de0       0x50 CMakeFiles/Lora_test.dir/Radio/Src/sx1276-Fsk.c.obj
                0x08003de0                SX1276FskReadAfc
 .text.SX1276FskReadRxGain
                0x08003e30       0x28 CMakeFiles/Lora_test.dir/Radio/Src/sx1276-Fsk.c.obj
                0x08003e30                SX1276FskReadRxGain
 .text.SX1276FskReadRssi
                0x08003e58       0x48 CMakeFiles/Lora_test.dir/Radio/Src/sx1276-Fsk.c.obj
                0x08003e58                SX1276FskReadRssi
 .text.SX1276FskGetRxPacket
                0x08003ea0       0x38 CMakeFiles/Lora_test.dir/Radio/Src/sx1276-Fsk.c.obj
                0x08003ea0                SX1276FskGetRxPacket
 .text.SX1276FskSetTxPacket
                0x08003ed8       0x40 CMakeFiles/Lora_test.dir/Radio/Src/sx1276-Fsk.c.obj
                0x08003ed8                SX1276FskSetTxPacket
 .text.SX1276FskGetPacketPayloadSize
                0x08003f18       0xa4 CMakeFiles/Lora_test.dir/Radio/Src/sx1276-Fsk.c.obj
                0x08003f18                SX1276FskGetPacketPayloadSize
 .text.SX1276FskSetRFState
                0x08003fbc       0x20 CMakeFiles/Lora_test.dir/Radio/Src/sx1276-Fsk.c.obj
                0x08003fbc                SX1276FskSetRFState
 .text.SX1276FskProcess
                0x08003fdc      0x6b0 CMakeFiles/Lora_test.dir/Radio/Src/sx1276-Fsk.c.obj
                0x08003fdc                SX1276FskProcess
 .text.RadioDriverInit
                0x0800468c       0x6c CMakeFiles/Lora_test.dir/Radio/Src/radio.c.obj
                0x0800468c                RadioDriverInit
 .text.MX_GPIO_Init
                0x080046f8      0x1a4 CMakeFiles/Lora_test.dir/Core/Src/gpio.c.obj
                0x080046f8                MX_GPIO_Init
 .text.MX_SPI2_Init
                0x0800489c       0x78 CMakeFiles/Lora_test.dir/Core/Src/spi.c.obj
                0x0800489c                MX_SPI2_Init
 .text.HAL_SPI_MspInit
                0x08004914       0x9c CMakeFiles/Lora_test.dir/Core/Src/spi.c.obj
                0x08004914                HAL_SPI_MspInit
 .text.HAL_SPI_TransmitReceiveByte
                0x080049b0       0x3e CMakeFiles/Lora_test.dir/Core/Src/spi.c.obj
                0x080049b0                HAL_SPI_TransmitReceiveByte
 *fill*         0x080049ee        0x2 
 .text.MX_USART1_UART_Init
                0x080049f0       0x60 CMakeFiles/Lora_test.dir/Core/Src/usart.c.obj
                0x080049f0                MX_USART1_UART_Init
 .text.HAL_UART_MspInit
                0x08004a50      0x184 CMakeFiles/Lora_test.dir/Core/Src/usart.c.obj
                0x08004a50                HAL_UART_MspInit
 .text.MX_DMA_Init
                0x08004bd4       0x3c CMakeFiles/Lora_test.dir/Core/Src/dma.c.obj
                0x08004bd4                MX_DMA_Init
 .text.NMI_Handler
                0x08004c10        0x8 CMakeFiles/Lora_test.dir/Core/Src/stm32f0xx_it.c.obj
                0x08004c10                NMI_Handler
 .text.HardFault_Handler
                0x08004c18        0x8 CMakeFiles/Lora_test.dir/Core/Src/stm32f0xx_it.c.obj
                0x08004c18                HardFault_Handler
 .text.SVC_Handler
                0x08004c20        0xa CMakeFiles/Lora_test.dir/Core/Src/stm32f0xx_it.c.obj
                0x08004c20                SVC_Handler
 .text.PendSV_Handler
                0x08004c2a        0xa CMakeFiles/Lora_test.dir/Core/Src/stm32f0xx_it.c.obj
                0x08004c2a                PendSV_Handler
 .text.SysTick_Handler
                0x08004c34        0xe CMakeFiles/Lora_test.dir/Core/Src/stm32f0xx_it.c.obj
                0x08004c34                SysTick_Handler
 .text.EXTI0_1_IRQHandler
                0x08004c42       0x10 CMakeFiles/Lora_test.dir/Core/Src/stm32f0xx_it.c.obj
                0x08004c42                EXTI0_1_IRQHandler
 *fill*         0x08004c52        0x2 
 .text.DMA1_Channel2_3_IRQHandler
                0x08004c54       0x24 CMakeFiles/Lora_test.dir/Core/Src/stm32f0xx_it.c.obj
                0x08004c54                DMA1_Channel2_3_IRQHandler
 .text.USART1_IRQHandler
                0x08004c78       0x18 CMakeFiles/Lora_test.dir/Core/Src/stm32f0xx_it.c.obj
                0x08004c78                USART1_IRQHandler
 .text.HAL_MspInit
                0x08004c90       0x48 CMakeFiles/Lora_test.dir/Core/Src/stm32f0xx_hal_msp.c.obj
                0x08004c90                HAL_MspInit
 .text.HAL_SPI_Init
                0x08004cd8      0x1c8 CMakeFiles/Lora_test.dir/Drivers/STM32F0xx_HAL_Driver/Src/stm32f0xx_hal_spi.c.obj
                0x08004cd8                HAL_SPI_Init
 .text.HAL_SPI_TransmitReceive
                0x08004ea0      0x624 CMakeFiles/Lora_test.dir/Drivers/STM32F0xx_HAL_Driver/Src/stm32f0xx_hal_spi.c.obj
                0x08004ea0                HAL_SPI_TransmitReceive
 .text.SPI_WaitFlagStateUntilTimeout
                0x080054c4      0x11c CMakeFiles/Lora_test.dir/Drivers/STM32F0xx_HAL_Driver/Src/stm32f0xx_hal_spi.c.obj
 .text.SPI_WaitFifoStateUntilTimeout
                0x080055e0      0x144 CMakeFiles/Lora_test.dir/Drivers/STM32F0xx_HAL_Driver/Src/stm32f0xx_hal_spi.c.obj
 .text.SPI_EndRxTxTransaction
                0x08005724       0x8c CMakeFiles/Lora_test.dir/Drivers/STM32F0xx_HAL_Driver/Src/stm32f0xx_hal_spi.c.obj
 .text.HAL_RCC_OscConfig
                0x080057b0      0x634 CMakeFiles/Lora_test.dir/Drivers/STM32F0xx_HAL_Driver/Src/stm32f0xx_hal_rcc.c.obj
                0x080057b0                HAL_RCC_OscConfig
 .text.HAL_RCC_ClockConfig
                0x08005de4      0x19c CMakeFiles/Lora_test.dir/Drivers/STM32F0xx_HAL_Driver/Src/stm32f0xx_hal_rcc.c.obj
                0x08005de4                HAL_RCC_ClockConfig
 .text.HAL_RCC_GetSysClockFreq
                0x08005f80       0xb0 CMakeFiles/Lora_test.dir/Drivers/STM32F0xx_HAL_Driver/Src/stm32f0xx_hal_rcc.c.obj
                0x08005f80                HAL_RCC_GetSysClockFreq
 .text.HAL_RCC_GetHCLKFreq
                0x08006030       0x14 CMakeFiles/Lora_test.dir/Drivers/STM32F0xx_HAL_Driver/Src/stm32f0xx_hal_rcc.c.obj
                0x08006030                HAL_RCC_GetHCLKFreq
 .text.HAL_RCC_GetPCLK1Freq
                0x08006044       0x2c CMakeFiles/Lora_test.dir/Drivers/STM32F0xx_HAL_Driver/Src/stm32f0xx_hal_rcc.c.obj
                0x08006044                HAL_RCC_GetPCLK1Freq
 .text.HAL_RCCEx_PeriphCLKConfig
                0x08006070      0x19c CMakeFiles/Lora_test.dir/Drivers/STM32F0xx_HAL_Driver/Src/stm32f0xx_hal_rcc_ex.c.obj
                0x08006070                HAL_RCCEx_PeriphCLKConfig
 .text.HAL_Init
                0x0800620c       0x28 CMakeFiles/Lora_test.dir/Drivers/STM32F0xx_HAL_Driver/Src/stm32f0xx_hal.c.obj
                0x0800620c                HAL_Init
 .text.HAL_InitTick
                0x08006234       0x68 CMakeFiles/Lora_test.dir/Drivers/STM32F0xx_HAL_Driver/Src/stm32f0xx_hal.c.obj
                0x08006234                HAL_InitTick
 .text.HAL_IncTick
                0x0800629c       0x24 CMakeFiles/Lora_test.dir/Drivers/STM32F0xx_HAL_Driver/Src/stm32f0xx_hal.c.obj
                0x0800629c                HAL_IncTick
 .text.HAL_GetTick
                0x080062c0       0x14 CMakeFiles/Lora_test.dir/Drivers/STM32F0xx_HAL_Driver/Src/stm32f0xx_hal.c.obj
                0x080062c0                HAL_GetTick
 .text.HAL_Delay
                0x080062d4       0x48 CMakeFiles/Lora_test.dir/Drivers/STM32F0xx_HAL_Driver/Src/stm32f0xx_hal.c.obj
                0x080062d4                HAL_Delay
 .text.HAL_GPIO_Init
                0x0800631c      0x2e0 CMakeFiles/Lora_test.dir/Drivers/STM32F0xx_HAL_Driver/Src/stm32f0xx_hal_gpio.c.obj
                0x0800631c                HAL_GPIO_Init
 .text.HAL_GPIO_ReadPin
                0x080065fc       0x3a CMakeFiles/Lora_test.dir/Drivers/STM32F0xx_HAL_Driver/Src/stm32f0xx_hal_gpio.c.obj
                0x080065fc                HAL_GPIO_ReadPin
 .text.HAL_GPIO_WritePin
                0x08006636       0x3a CMakeFiles/Lora_test.dir/Drivers/STM32F0xx_HAL_Driver/Src/stm32f0xx_hal_gpio.c.obj
                0x08006636                HAL_GPIO_WritePin
 .text.HAL_GPIO_EXTI_IRQHandler
                0x08006670       0x38 CMakeFiles/Lora_test.dir/Drivers/STM32F0xx_HAL_Driver/Src/stm32f0xx_hal_gpio.c.obj
                0x08006670                HAL_GPIO_EXTI_IRQHandler
 .text.HAL_GPIO_EXTI_Callback
                0x080066a8       0x14 CMakeFiles/Lora_test.dir/Drivers/STM32F0xx_HAL_Driver/Src/stm32f0xx_hal_gpio.c.obj
                0x080066a8                HAL_GPIO_EXTI_Callback
 .text.HAL_DMA_Init
                0x080066bc       0x90 CMakeFiles/Lora_test.dir/Drivers/STM32F0xx_HAL_Driver/Src/stm32f0xx_hal_dma.c.obj
                0x080066bc                HAL_DMA_Init
 .text.HAL_DMA_Start_IT
                0x0800674c       0xcc CMakeFiles/Lora_test.dir/Drivers/STM32F0xx_HAL_Driver/Src/stm32f0xx_hal_dma.c.obj
                0x0800674c                HAL_DMA_Start_IT
 .text.HAL_DMA_Abort
                0x08006818       0x70 CMakeFiles/Lora_test.dir/Drivers/STM32F0xx_HAL_Driver/Src/stm32f0xx_hal_dma.c.obj
                0x08006818                HAL_DMA_Abort
 .text.HAL_DMA_Abort_IT
                0x08006888       0x8a CMakeFiles/Lora_test.dir/Drivers/STM32F0xx_HAL_Driver/Src/stm32f0xx_hal_dma.c.obj
                0x08006888                HAL_DMA_Abort_IT
 .text.HAL_DMA_IRQHandler
                0x08006912      0x144 CMakeFiles/Lora_test.dir/Drivers/STM32F0xx_HAL_Driver/Src/stm32f0xx_hal_dma.c.obj
                0x08006912                HAL_DMA_IRQHandler
 .text.DMA_SetConfig
                0x08006a56       0x58 CMakeFiles/Lora_test.dir/Drivers/STM32F0xx_HAL_Driver/Src/stm32f0xx_hal_dma.c.obj
 *fill*         0x08006aae        0x2 
 .text.DMA_CalcBaseAndBitshift
                0x08006ab0       0x38 CMakeFiles/Lora_test.dir/Drivers/STM32F0xx_HAL_Driver/Src/stm32f0xx_hal_dma.c.obj
 .text.__NVIC_EnableIRQ
                0x08006ae8       0x34 CMakeFiles/Lora_test.dir/Drivers/STM32F0xx_HAL_Driver/Src/stm32f0xx_hal_cortex.c.obj
 .text.__NVIC_SetPriority
                0x08006b1c       0xdc CMakeFiles/Lora_test.dir/Drivers/STM32F0xx_HAL_Driver/Src/stm32f0xx_hal_cortex.c.obj
 .text.SysTick_Config
                0x08006bf8       0x48 CMakeFiles/Lora_test.dir/Drivers/STM32F0xx_HAL_Driver/Src/stm32f0xx_hal_cortex.c.obj
 .text.HAL_NVIC_SetPriority
                0x08006c40       0x2a CMakeFiles/Lora_test.dir/Drivers/STM32F0xx_HAL_Driver/Src/stm32f0xx_hal_cortex.c.obj
                0x08006c40                HAL_NVIC_SetPriority
 .text.HAL_NVIC_EnableIRQ
                0x08006c6a       0x20 CMakeFiles/Lora_test.dir/Drivers/STM32F0xx_HAL_Driver/Src/stm32f0xx_hal_cortex.c.obj
                0x08006c6a                HAL_NVIC_EnableIRQ
 .text.HAL_SYSTICK_Config
                0x08006c8a       0x1a CMakeFiles/Lora_test.dir/Drivers/STM32F0xx_HAL_Driver/Src/stm32f0xx_hal_cortex.c.obj
                0x08006c8a                HAL_SYSTICK_Config
 .text.HAL_SYSTICK_CLKSourceConfig
                0x08006ca4       0x34 CMakeFiles/Lora_test.dir/Drivers/STM32F0xx_HAL_Driver/Src/stm32f0xx_hal_cortex.c.obj
                0x08006ca4                HAL_SYSTICK_CLKSourceConfig
 .text.HAL_UART_Init
                0x08006cd8       0xa8 CMakeFiles/Lora_test.dir/Drivers/STM32F0xx_HAL_Driver/Src/stm32f0xx_hal_uart.c.obj
                0x08006cd8                HAL_UART_Init
 .text.HAL_UART_Transmit_DMA
                0x08006d80      0x120 CMakeFiles/Lora_test.dir/Drivers/STM32F0xx_HAL_Driver/Src/stm32f0xx_hal_uart.c.obj
                0x08006d80                HAL_UART_Transmit_DMA
 .text.HAL_UART_IRQHandler
                0x08006ea0      0x590 CMakeFiles/Lora_test.dir/Drivers/STM32F0xx_HAL_Driver/Src/stm32f0xx_hal_uart.c.obj
                0x08006ea0                HAL_UART_IRQHandler
 .text.HAL_UART_TxCpltCallback
                0x08007430       0x10 CMakeFiles/Lora_test.dir/Drivers/STM32F0xx_HAL_Driver/Src/stm32f0xx_hal_uart.c.obj
                0x08007430                HAL_UART_TxCpltCallback
 .text.HAL_UART_TxHalfCpltCallback
                0x08007440       0x10 CMakeFiles/Lora_test.dir/Drivers/STM32F0xx_HAL_Driver/Src/stm32f0xx_hal_uart.c.obj
                0x08007440                HAL_UART_TxHalfCpltCallback
 .text.HAL_UART_ErrorCallback
                0x08007450       0x10 CMakeFiles/Lora_test.dir/Drivers/STM32F0xx_HAL_Driver/Src/stm32f0xx_hal_uart.c.obj
                0x08007450                HAL_UART_ErrorCallback
 .text.HAL_UARTEx_RxEventCallback
                0x08007460       0x16 CMakeFiles/Lora_test.dir/Drivers/STM32F0xx_HAL_Driver/Src/stm32f0xx_hal_uart.c.obj
                0x08007460                HAL_UARTEx_RxEventCallback
 *fill*         0x08007476        0x2 
 .text.UART_SetConfig
                0x08007478      0x280 CMakeFiles/Lora_test.dir/Drivers/STM32F0xx_HAL_Driver/Src/stm32f0xx_hal_uart.c.obj
                0x08007478                UART_SetConfig
 .text.UART_AdvFeatureConfig
                0x080076f8      0x168 CMakeFiles/Lora_test.dir/Drivers/STM32F0xx_HAL_Driver/Src/stm32f0xx_hal_uart.c.obj
                0x080076f8                UART_AdvFeatureConfig
 .text.UART_CheckIdleState
                0x08007860      0x150 CMakeFiles/Lora_test.dir/Drivers/STM32F0xx_HAL_Driver/Src/stm32f0xx_hal_uart.c.obj
                0x08007860                UART_CheckIdleState
 .text.UART_WaitOnFlagUntilTimeout
                0x080079b0       0xde CMakeFiles/Lora_test.dir/Drivers/STM32F0xx_HAL_Driver/Src/stm32f0xx_hal_uart.c.obj
                0x080079b0                UART_WaitOnFlagUntilTimeout
 .text.UART_EndTxTransfer
                0x08007a8e       0x48 CMakeFiles/Lora_test.dir/Drivers/STM32F0xx_HAL_Driver/Src/stm32f0xx_hal_uart.c.obj
 *fill*         0x08007ad6        0x2 
 .text.UART_EndRxTransfer
                0x08007ad8       0xc8 CMakeFiles/Lora_test.dir/Drivers/STM32F0xx_HAL_Driver/Src/stm32f0xx_hal_uart.c.obj
 .text.UART_DMATransmitCplt
                0x08007ba0       0x94 CMakeFiles/Lora_test.dir/Drivers/STM32F0xx_HAL_Driver/Src/stm32f0xx_hal_uart.c.obj
 .text.UART_DMATxHalfCplt
                0x08007c34       0x1e CMakeFiles/Lora_test.dir/Drivers/STM32F0xx_HAL_Driver/Src/stm32f0xx_hal_uart.c.obj
 .text.UART_DMAError
                0x08007c52       0x84 CMakeFiles/Lora_test.dir/Drivers/STM32F0xx_HAL_Driver/Src/stm32f0xx_hal_uart.c.obj
 .text.UART_DMAAbortOnError
                0x08007cd6       0x2e CMakeFiles/Lora_test.dir/Drivers/STM32F0xx_HAL_Driver/Src/stm32f0xx_hal_uart.c.obj
 .text.UART_EndTransmit_IT
                0x08007d04       0x56 CMakeFiles/Lora_test.dir/Drivers/STM32F0xx_HAL_Driver/Src/stm32f0xx_hal_uart.c.obj
 .text.SystemInit
                0x08007d5a        0xa CMakeFiles/Lora_test.dir/Core/Src/system_stm32f0xx.c.obj
                0x08007d5a                SystemInit
 .text._sbrk    0x08007d64       0x6c CMakeFiles/Lora_test.dir/Core/Src/sysmem.c.obj
                0x08007d64                _sbrk
 .text.Reset_Handler
                0x08007dd0       0x50 CMakeFiles/Lora_test.dir/startup_stm32f030x8.s.obj
                0x08007dd0                Reset_Handler
 .text.Default_Handler
                0x08007e20        0x2 CMakeFiles/Lora_test.dir/startup_stm32f030x8.s.obj
                0x08007e20                TIM1_CC_IRQHandler
                0x08007e20                TIM6_IRQHandler
                0x08007e20                I2C1_IRQHandler
                0x08007e20                SPI1_IRQHandler
                0x08007e20                EXTI2_3_IRQHandler
                0x08007e20                ADC1_IRQHandler
                0x08007e20                I2C2_IRQHandler
                0x08007e20                TIM17_IRQHandler
                0x08007e20                RTC_IRQHandler
                0x08007e20                TIM16_IRQHandler
                0x08007e20                TIM3_IRQHandler
                0x08007e20                EXTI4_15_IRQHandler
                0x08007e20                RCC_IRQHandler
                0x08007e20                DMA1_Channel1_IRQHandler
                0x08007e20                Default_Handler
                0x08007e20                TIM14_IRQHandler
                0x08007e20                DMA1_Channel4_5_IRQHandler
                0x08007e20                TIM15_IRQHandler
                0x08007e20                SPI2_IRQHandler
                0x08007e20                WWDG_IRQHandler
                0x08007e20                USART2_IRQHandler
                0x08007e20                FLASH_IRQHandler
                0x08007e20                TIM1_BRK_UP_TRG_COM_IRQHandler
 *fill*         0x08007e22        0x2 
 .text.snprintf
                0x08007e24       0x68 D:/Arm/STM32CubeCLT_1.15.1/GNU-tools-for-STM32/bin/../lib/gcc/arm-none-eabi/12.3.1/../../../../arm-none-eabi/lib/thumb/v6-m/nofp\libg_nano.a(libc_a-snprintf.o)
                0x08007e24                sniprintf
                0x08007e24                snprintf
 .text.strncpy  0x08007e8c       0x28 D:/Arm/STM32CubeCLT_1.15.1/GNU-tools-for-STM32/bin/../lib/gcc/arm-none-eabi/12.3.1/../../../../arm-none-eabi/lib/thumb/v6-m/nofp\libg_nano.a(libc_a-strncpy.o)
                0x08007e8c                strncpy
 .text.__errno  0x08007eb4        0xc D:/Arm/STM32CubeCLT_1.15.1/GNU-tools-for-STM32/bin/../lib/gcc/arm-none-eabi/12.3.1/../../../../arm-none-eabi/lib/thumb/v6-m/nofp\libg_nano.a(libc_a-errno.o)
                0x08007eb4                __errno
 .text.memcpy   0x08007ec0       0x12 D:/Arm/STM32CubeCLT_1.15.1/GNU-tools-for-STM32/bin/../lib/gcc/arm-none-eabi/12.3.1/../../../../arm-none-eabi/lib/thumb/v6-m/nofp\libg_nano.a(libc_a-memcpy-stub.o)
                0x08007ec0                memcpy
 *fill*         0x08007ed2        0x2 
 .text.__ssputs_r
                0x08007ed4       0xc0 D:/Arm/STM32CubeCLT_1.15.1/GNU-tools-for-STM32/bin/../lib/gcc/arm-none-eabi/12.3.1/../../../../arm-none-eabi/lib/thumb/v6-m/nofp\libg_nano.a(libc_a-nano-svfprintf.o)
                0x08007ed4                __ssputs_r
 .text._svfprintf_r
                0x08007f94      0x1fc D:/Arm/STM32CubeCLT_1.15.1/GNU-tools-for-STM32/bin/../lib/gcc/arm-none-eabi/12.3.1/../../../../arm-none-eabi/lib/thumb/v6-m/nofp\libg_nano.a(libc_a-nano-svfprintf.o)
                0x08007f94                _svfiprintf_r
                0x08007f94                _svfprintf_r
 .text._printf_common
                0x08008190       0xde D:/Arm/STM32CubeCLT_1.15.1/GNU-tools-for-STM32/bin/../lib/gcc/arm-none-eabi/12.3.1/../../../../arm-none-eabi/lib/thumb/v6-m/nofp\libg_nano.a(libc_a-nano-vfprintf_i.o)
                0x08008190                _printf_common
 *fill*         0x0800826e        0x2 
 .text._printf_i
                0x08008270      0x21c D:/Arm/STM32CubeCLT_1.15.1/GNU-tools-for-STM32/bin/../lib/gcc/arm-none-eabi/12.3.1/../../../../arm-none-eabi/lib/thumb/v6-m/nofp\libg_nano.a(libc_a-nano-vfprintf_i.o)
                0x08008270                _printf_i
 .text.memmove  0x0800848c       0x26 D:/Arm/STM32CubeCLT_1.15.1/GNU-tools-for-STM32/bin/../lib/gcc/arm-none-eabi/12.3.1/../../../../arm-none-eabi/lib/thumb/v6-m/nofp\libg_nano.a(libc_a-memmove.o)
                0x0800848c                memmove
 .text.memchr   0x080084b2       0x16 D:/Arm/STM32CubeCLT_1.15.1/GNU-tools-for-STM32/bin/../lib/gcc/arm-none-eabi/12.3.1/../../../../arm-none-eabi/lib/thumb/v6-m/nofp\libg_nano.a(libc_a-memchr-stub.o)
                0x080084b2                memchr
 .text._realloc_r
                0x080084c8       0x5e D:/Arm/STM32CubeCLT_1.15.1/GNU-tools-for-STM32/bin/../lib/gcc/arm-none-eabi/12.3.1/../../../../arm-none-eabi/lib/thumb/v6-m/nofp\libg_nano.a(libc_a-reallocr.o)
                0x080084c8                _realloc_r
 .text._malloc_usable_size_r
                0x08008526       0x10 D:/Arm/STM32CubeCLT_1.15.1/GNU-tools-for-STM32/bin/../lib/gcc/arm-none-eabi/12.3.1/../../../../arm-none-eabi/lib/thumb/v6-m/nofp\libg_nano.a(libc_a-msizer.o)
                0x08008526                _malloc_usable_size_r
 *fill*         0x08008536        0x2 
 .text.round    0x08008538       0x90 D:/Arm/STM32CubeCLT_1.15.1/GNU-tools-for-STM32/bin/../lib/gcc/arm-none-eabi/12.3.1/../../../../arm-none-eabi/lib/thumb/v6-m/nofp\libm.a(libm_a-s_round.o)
                0x08008538                round
 *(.glue_7)
 .glue_7        0x080085c8        0x0 linker stubs
 *(.glue_7t)
 .glue_7t       0x080085c8        0x0 linker stubs
 *(.eh_frame)
 .eh_frame      0x080085c8        0x0 D:/Arm/STM32CubeCLT_1.15.1/GNU-tools-for-STM32/bin/../lib/gcc/arm-none-eabi/12.3.1/thumb/v6-m/nofp/crtbegin.o
 *(.init)
 .init          0x080085c8        0x4 D:/Arm/STM32CubeCLT_1.15.1/GNU-tools-for-STM32/bin/../lib/gcc/arm-none-eabi/12.3.1/thumb/v6-m/nofp/crti.o
                0x080085c8                _init
 .init          0x080085cc        0x8 D:/Arm/STM32CubeCLT_1.15.1/GNU-tools-for-STM32/bin/../lib/gcc/arm-none-eabi/12.3.1/thumb/v6-m/nofp/crtn.o
 *(.fini)
 .fini          0x080085d4        0x4 D:/Arm/STM32CubeCLT_1.15.1/GNU-tools-for-STM32/bin/../lib/gcc/arm-none-eabi/12.3.1/thumb/v6-m/nofp/crti.o
                0x080085d4                _fini
 .fini          0x080085d8        0x8 D:/Arm/STM32CubeCLT_1.15.1/GNU-tools-for-STM32/bin/../lib/gcc/arm-none-eabi/12.3.1/thumb/v6-m/nofp/crtn.o
                0x080085e0                        . = ALIGN (0x4)
                0x080085e0                        _etext = .

.vfp11_veneer   0x080085e0        0x0
 .vfp11_veneer  0x080085e0        0x0 linker stubs

.v4_bx          0x080085e0        0x0
 .v4_bx         0x080085e0        0x0 linker stubs

.iplt           0x080085e0        0x0
 .iplt          0x080085e0        0x0 D:/Arm/STM32CubeCLT_1.15.1/GNU-tools-for-STM32/bin/../lib/gcc/arm-none-eabi/12.3.1/thumb/v6-m/nofp/crtbegin.o

.rodata         0x080085e0      0x2f8
                0x080085e0                        . = ALIGN (0x4)
 *(.rodata)
 .rodata        0x080085e0       0x83 CMakeFiles/Lora_test.dir/Core/Src/main.c.obj
 *fill*         0x08008663        0x1 
 .rodata        0x08008664       0x39 CMakeFiles/Lora_test.dir/Radio/Src/sx1276-LoRa.c.obj
 *fill*         0x0800869d        0x3 
 .rodata        0x080086a0       0x33 CMakeFiles/Lora_test.dir/Radio/Src/sx1276-LoRaMisc.c.obj
 *fill*         0x080086d3        0x1 
 .rodata        0x080086d4       0x40 D:/Arm/STM32CubeCLT_1.15.1/GNU-tools-for-STM32/bin/../lib/gcc/arm-none-eabi/12.3.1/thumb/v6-m/nofp\libgcc.a(divdf3.o)
 *(.rodata*)
 .rodata.PingMsg
                0x08008714        0xb CMakeFiles/Lora_test.dir/Core/Src/main.c.obj
                0x08008714                PingMsg
 *fill*         0x0800871f        0x1 
 .rodata.OnSlave
                0x08008720       0x24 CMakeFiles/Lora_test.dir/Core/Src/main.c.obj
 .rodata.HoppingFrequencies
                0x08008744       0xcc CMakeFiles/Lora_test.dir/Radio/Src/sx1276-LoRa.c.obj
                0x08008744                HoppingFrequencies
 .rodata.SX1276LoRaProcess
                0x08008810       0x2c CMakeFiles/Lora_test.dir/Radio/Src/sx1276-LoRa.c.obj
 .rodata.SX1276FskProcess
                0x0800883c       0x30 CMakeFiles/Lora_test.dir/Radio/Src/sx1276-Fsk.c.obj
 .rodata.aPLLMULFactorTable.1
                0x0800886c       0x10 CMakeFiles/Lora_test.dir/Drivers/STM32F0xx_HAL_Driver/Src/stm32f0xx_hal_rcc.c.obj
 .rodata.aPredivFactorTable.0
                0x0800887c       0x10 CMakeFiles/Lora_test.dir/Drivers/STM32F0xx_HAL_Driver/Src/stm32f0xx_hal_rcc.c.obj
 .rodata.AHBPrescTable
                0x0800888c       0x10 CMakeFiles/Lora_test.dir/Core/Src/system_stm32f0xx.c.obj
                0x0800888c                AHBPrescTable
 .rodata.APBPrescTable
                0x0800889c        0x8 CMakeFiles/Lora_test.dir/Core/Src/system_stm32f0xx.c.obj
                0x0800889c                APBPrescTable
 .rodata._svfprintf_r.str1.1
                0x080088a4       0x11 D:/Arm/STM32CubeCLT_1.15.1/GNU-tools-for-STM32/bin/../lib/gcc/arm-none-eabi/12.3.1/../../../../arm-none-eabi/lib/thumb/v6-m/nofp\libg_nano.a(libc_a-nano-svfprintf.o)
 .rodata._printf_i.str1.1
                0x080088b5       0x22 D:/Arm/STM32CubeCLT_1.15.1/GNU-tools-for-STM32/bin/../lib/gcc/arm-none-eabi/12.3.1/../../../../arm-none-eabi/lib/thumb/v6-m/nofp\libg_nano.a(libc_a-nano-vfprintf_i.o)
                0x080088d8                        . = ALIGN (0x4)
 *fill*         0x080088d7        0x1 

.rel.dyn        0x080088d8        0x0
 .rel.iplt      0x080088d8        0x0 D:/Arm/STM32CubeCLT_1.15.1/GNU-tools-for-STM32/bin/../lib/gcc/arm-none-eabi/12.3.1/thumb/v6-m/nofp/crtbegin.o

.ARM.extab
 *(.ARM.extab* .gnu.linkonce.armextab.*)

.ARM            0x080088d8        0x0
                0x080088d8                        __exidx_start = .
 *(.ARM.exidx*)
                0x080088d8                        __exidx_end = .

.preinit_array  0x080088d8        0x0
                0x080088d8                        PROVIDE (__preinit_array_start = .)
 *(.preinit_array*)
                0x080088d8                        PROVIDE (__preinit_array_end = .)

.init_array     0x080088d8        0x4
                0x080088d8                        PROVIDE (__init_array_start = .)
 *(SORT_BY_NAME(.init_array.*))
 *(.init_array*)
 .init_array    0x080088d8        0x4 D:/Arm/STM32CubeCLT_1.15.1/GNU-tools-for-STM32/bin/../lib/gcc/arm-none-eabi/12.3.1/thumb/v6-m/nofp/crtbegin.o
                0x080088dc                        PROVIDE (__init_array_end = .)

.fini_array     0x080088dc        0x4
                [!provide]                        PROVIDE (__fini_array_start = .)
 *(SORT_BY_NAME(.fini_array.*))
 *(.fini_array*)
 .fini_array    0x080088dc        0x4 D:/Arm/STM32CubeCLT_1.15.1/GNU-tools-for-STM32/bin/../lib/gcc/arm-none-eabi/12.3.1/thumb/v6-m/nofp/crtbegin.o
                [!provide]                        PROVIDE (__fini_array_end = .)
                0x080088e0                        _sidata = LOADADDR (.data)

.data           0x20000000       0x9c load address 0x080088e0
                0x20000000                        . = ALIGN (0x4)
                0x20000000                        _sdata = .
 *(.data)
 *(.data*)
 .data._impure_ptr
                0x20000000        0x4 D:/Arm/STM32CubeCLT_1.15.1/GNU-tools-for-STM32/bin/../lib/gcc/arm-none-eabi/12.3.1/../../../../arm-none-eabi/lib/thumb/v6-m/nofp\libc_nano.a(libc_a-impure.o)
                0x20000000                _impure_ptr
 .data._impure_data
                0x20000004       0x4c D:/Arm/STM32CubeCLT_1.15.1/GNU-tools-for-STM32/bin/../lib/gcc/arm-none-eabi/12.3.1/../../../../arm-none-eabi/lib/thumb/v6-m/nofp\libc_nano.a(libc_a-impure.o)
                0x20000004                _impure_data
 .data.LoRaSettings
                0x20000050       0x1c CMakeFiles/Lora_test.dir/Radio/Src/sx1276-LoRa.c.obj
                0x20000050                LoRaSettings
 .data.RxGain   0x2000006c        0x1 CMakeFiles/Lora_test.dir/Radio/Src/sx1276-LoRa.c.obj
 .data.opModePrev.1
                0x2000006d        0x1 CMakeFiles/Lora_test.dir/Radio/Src/sx1276-LoRa.c.obj
 .data.antennaSwitchTxOnPrev.0
                0x2000006e        0x1 CMakeFiles/Lora_test.dir/Radio/Src/sx1276-LoRa.c.obj
 *fill*         0x2000006f        0x1 
 .data.FskSettings
                0x20000070       0x1c CMakeFiles/Lora_test.dir/Radio/Src/sx1276-Fsk.c.obj
                0x20000070                FskSettings
 .data.DataChunkSize
                0x2000008c        0x1 CMakeFiles/Lora_test.dir/Radio/Src/sx1276-Fsk.c.obj
 .data.RxGain   0x2000008d        0x1 CMakeFiles/Lora_test.dir/Radio/Src/sx1276-Fsk.c.obj
 .data.opModePrev.1
                0x2000008e        0x1 CMakeFiles/Lora_test.dir/Radio/Src/sx1276-Fsk.c.obj
 .data.antennaSwitchTxOnPrev.0
                0x2000008f        0x1 CMakeFiles/Lora_test.dir/Radio/Src/sx1276-Fsk.c.obj
 .data.uwTickPrio
                0x20000090        0x4 CMakeFiles/Lora_test.dir/Drivers/STM32F0xx_HAL_Driver/Src/stm32f0xx_hal.c.obj
                0x20000090                uwTickPrio
 .data.uwTickFreq
                0x20000094        0x1 CMakeFiles/Lora_test.dir/Drivers/STM32F0xx_HAL_Driver/Src/stm32f0xx_hal.c.obj
                0x20000094                uwTickFreq
 *fill*         0x20000095        0x3 
 .data.SystemCoreClock
                0x20000098        0x4 CMakeFiles/Lora_test.dir/Core/Src/system_stm32f0xx.c.obj
                0x20000098                SystemCoreClock
                0x2000009c                        . = ALIGN (0x4)
                0x2000009c                        _edata = .

.igot.plt       0x2000009c        0x0 load address 0x0800897c
 .igot.plt      0x2000009c        0x0 D:/Arm/STM32CubeCLT_1.15.1/GNU-tools-for-STM32/bin/../lib/gcc/arm-none-eabi/12.3.1/thumb/v6-m/nofp/crtbegin.o
                0x2000009c                        . = ALIGN (0x4)

.bss            0x200000a0      0x5a4 load address 0x0800897c
                0x200000a0                        _sbss = .
                0x200000a0                        __bss_start__ = _sbss
 *(.bss)
 .bss           0x200000a0       0x1c D:/Arm/STM32CubeCLT_1.15.1/GNU-tools-for-STM32/bin/../lib/gcc/arm-none-eabi/12.3.1/thumb/v6-m/nofp/crtbegin.o
 *(.bss*)
 .bss.__sf      0x200000bc      0x138 D:/Arm/STM32CubeCLT_1.15.1/GNU-tools-for-STM32/bin/../lib/gcc/arm-none-eabi/12.3.1/../../../../arm-none-eabi/lib/thumb/v6-m/nofp\libc_nano.a(libc_a-findfp.o)
                0x200000bc                __sf
 .bss.errno     0x200001f4        0x4 D:/Arm/STM32CubeCLT_1.15.1/GNU-tools-for-STM32/bin/../lib/gcc/arm-none-eabi/12.3.1/../../../../arm-none-eabi/lib/thumb/v6-m/nofp\libc_nano.a(libc_a-reent.o)
                0x200001f4                errno
 .bss.__lock___malloc_recursive_mutex
                0x200001f8        0x1 D:/Arm/STM32CubeCLT_1.15.1/GNU-tools-for-STM32/bin/../lib/gcc/arm-none-eabi/12.3.1/../../../../arm-none-eabi/lib/thumb/v6-m/nofp\libc_nano.a(libc_a-lock.o)
                0x200001f8                __lock___malloc_recursive_mutex
 *fill*         0x200001f9        0x3 
 .bss.__malloc_sbrk_start
                0x200001fc        0x4 D:/Arm/STM32CubeCLT_1.15.1/GNU-tools-for-STM32/bin/../lib/gcc/arm-none-eabi/12.3.1/../../../../arm-none-eabi/lib/thumb/v6-m/nofp\libc_nano.a(libc_a-mallocr.o)
                0x200001fc                __malloc_sbrk_start
 .bss.__malloc_free_list
                0x20000200        0x4 D:/Arm/STM32CubeCLT_1.15.1/GNU-tools-for-STM32/bin/../lib/gcc/arm-none-eabi/12.3.1/../../../../arm-none-eabi/lib/thumb/v6-m/nofp\libc_nano.a(libc_a-mallocr.o)
                0x20000200                __malloc_free_list
 .bss.Radio     0x20000204        0x4 CMakeFiles/Lora_test.dir/Core/Src/main.c.obj
                0x20000204                Radio
 .bss.num_rx    0x20000208        0x2 CMakeFiles/Lora_test.dir/Core/Src/main.c.obj
                0x20000208                num_rx
 *fill*         0x2000020a        0x2 
 .bss.RXBuffer  0x2000020c       0x64 CMakeFiles/Lora_test.dir/Core/Src/main.c.obj
                0x2000020c                RXBuffer
 .bss.TXBuffer  0x20000270       0x64 CMakeFiles/Lora_test.dir/Core/Src/main.c.obj
                0x20000270                TXBuffer
 .bss.SX1276Regs
                0x200002d4       0x70 CMakeFiles/Lora_test.dir/Radio/Src/sx1276.c.obj
                0x200002d4                SX1276Regs
 .bss.LoRaOn    0x20000344        0x1 CMakeFiles/Lora_test.dir/Radio/Src/sx1276.c.obj
 .bss.LoRaOnState
                0x20000345        0x1 CMakeFiles/Lora_test.dir/Radio/Src/sx1276.c.obj
 *fill*         0x20000346        0x2 
 .bss.SX1276LR  0x20000348        0x4 CMakeFiles/Lora_test.dir/Radio/Src/sx1276-LoRa.c.obj
                0x20000348                SX1276LR
 .bss.RFBuffer  0x2000034c       0x64 CMakeFiles/Lora_test.dir/Radio/Src/sx1276-LoRa.c.obj
 .bss.RFLRState
                0x200003b0        0x1 CMakeFiles/Lora_test.dir/Radio/Src/sx1276-LoRa.c.obj
                0x200003b0                RFLRState
 *fill*         0x200003b1        0x1 
 .bss.RxPacketSize
                0x200003b2        0x2 CMakeFiles/Lora_test.dir/Radio/Src/sx1276-LoRa.c.obj
 .bss.RxPacketSnrEstimate
                0x200003b4        0x1 CMakeFiles/Lora_test.dir/Radio/Src/sx1276-LoRa.c.obj
 *fill*         0x200003b5        0x3 
 .bss.RxPacketRssiValue
                0x200003b8        0x8 CMakeFiles/Lora_test.dir/Radio/Src/sx1276-LoRa.c.obj
 .bss.RxTimeoutTimer
                0x200003c0        0x4 CMakeFiles/Lora_test.dir/Radio/Src/sx1276-LoRa.c.obj
 .bss.PacketTimeout
                0x200003c4        0x4 CMakeFiles/Lora_test.dir/Radio/Src/sx1276-LoRa.c.obj
 .bss.TxPacketSize
                0x200003c8        0x2 CMakeFiles/Lora_test.dir/Radio/Src/sx1276-LoRa.c.obj
 *fill*         0x200003ca        0x2 
 .bss.message.0
                0x200003cc       0x3c CMakeFiles/Lora_test.dir/Radio/Src/sx1276-LoRaMisc.c.obj
 .bss.SX1276    0x20000408        0x4 CMakeFiles/Lora_test.dir/Radio/Src/sx1276-Fsk.c.obj
                0x20000408                SX1276
 .bss.RFBuffer  0x2000040c       0x64 CMakeFiles/Lora_test.dir/Radio/Src/sx1276-Fsk.c.obj
 .bss.RFState   0x20000470        0x1 CMakeFiles/Lora_test.dir/Radio/Src/sx1276-Fsk.c.obj
 *fill*         0x20000471        0x3 
 .bss.PacketTimeout
                0x20000474        0x4 CMakeFiles/Lora_test.dir/Radio/Src/sx1276-Fsk.c.obj
 .bss.Preamble2SyncTimeout
                0x20000478        0x4 CMakeFiles/Lora_test.dir/Radio/Src/sx1276-Fsk.c.obj
 .bss.PreambleDetected
                0x2000047c        0x1 CMakeFiles/Lora_test.dir/Radio/Src/sx1276-Fsk.c.obj
 .bss.SyncWordDetected
                0x2000047d        0x1 CMakeFiles/Lora_test.dir/Radio/Src/sx1276-Fsk.c.obj
 .bss.PacketDetected
                0x2000047e        0x1 CMakeFiles/Lora_test.dir/Radio/Src/sx1276-Fsk.c.obj
 *fill*         0x2000047f        0x1 
 .bss.RxPacketSize
                0x20000480        0x2 CMakeFiles/Lora_test.dir/Radio/Src/sx1276-Fsk.c.obj
 .bss.RxBytesRead
                0x20000482        0x1 CMakeFiles/Lora_test.dir/Radio/Src/sx1276-Fsk.c.obj
 .bss.TxBytesSent
                0x20000483        0x1 CMakeFiles/Lora_test.dir/Radio/Src/sx1276-Fsk.c.obj
 *fill*         0x20000484        0x4 
 .bss.RxPacketRssiValue
                0x20000488        0x8 CMakeFiles/Lora_test.dir/Radio/Src/sx1276-Fsk.c.obj
 .bss.RxPacketAfcValue
                0x20000490        0x4 CMakeFiles/Lora_test.dir/Radio/Src/sx1276-Fsk.c.obj
 .bss.RxTimeoutTimer
                0x20000494        0x4 CMakeFiles/Lora_test.dir/Radio/Src/sx1276-Fsk.c.obj
 .bss.Preamble2SyncTimer
                0x20000498        0x4 CMakeFiles/Lora_test.dir/Radio/Src/sx1276-Fsk.c.obj
 .bss.TxPacketSize
                0x2000049c        0x2 CMakeFiles/Lora_test.dir/Radio/Src/sx1276-Fsk.c.obj
 *fill*         0x2000049e        0x2 
 .bss.TxTimeoutTimer
                0x200004a0        0x4 CMakeFiles/Lora_test.dir/Radio/Src/sx1276-Fsk.c.obj
 .bss.RadioDriver
                0x200004a4       0x24 CMakeFiles/Lora_test.dir/Radio/Src/radio.c.obj
                0x200004a4                RadioDriver
 .bss.hspi2     0x200004c8       0x64 CMakeFiles/Lora_test.dir/Core/Src/spi.c.obj
                0x200004c8                hspi2
 .bss.huart1    0x2000052c       0x88 CMakeFiles/Lora_test.dir/Core/Src/usart.c.obj
                0x2000052c                huart1
 .bss.hdma_usart1_tx
                0x200005b4       0x44 CMakeFiles/Lora_test.dir/Core/Src/usart.c.obj
                0x200005b4                hdma_usart1_tx
 .bss.hdma_usart1_rx
                0x200005f8       0x44 CMakeFiles/Lora_test.dir/Core/Src/usart.c.obj
                0x200005f8                hdma_usart1_rx
 .bss.uwTick    0x2000063c        0x4 CMakeFiles/Lora_test.dir/Drivers/STM32F0xx_HAL_Driver/Src/stm32f0xx_hal.c.obj
                0x2000063c                uwTick
 .bss.__sbrk_heap_end
                0x20000640        0x4 CMakeFiles/Lora_test.dir/Core/Src/sysmem.c.obj
 *(COMMON)
                0x20000644                        . = ALIGN (0x4)
                0x20000644                        _ebss = .
                0x20000644                        __bss_end__ = _ebss

._user_heap_stack
                0x20000644      0x604 load address 0x0800897c
                0x20000648                        . = ALIGN (0x8)
 *fill*         0x20000644        0x4 
                [!provide]                        PROVIDE (end = .)
                0x20000648                        PROVIDE (_end = .)
                0x20000848                        . = (. + _Min_Heap_Size)
 *fill*         0x20000648      0x200 
                0x20000c48                        . = (. + _Min_Stack_Size)
 *fill*         0x20000848      0x400 
                0x20000c48                        . = ALIGN (0x8)

/DISCARD/
 libc.a(*)
 libm.a(*)
 libgcc.a(*)

.ARM.attributes
                0x00000000       0x28
 *(.ARM.attributes)
 .ARM.attributes
                0x00000000       0x1e D:/Arm/STM32CubeCLT_1.15.1/GNU-tools-for-STM32/bin/../lib/gcc/arm-none-eabi/12.3.1/thumb/v6-m/nofp/crti.o
 .ARM.attributes
                0x0000001e       0x2c D:/Arm/STM32CubeCLT_1.15.1/GNU-tools-for-STM32/bin/../lib/gcc/arm-none-eabi/12.3.1/thumb/v6-m/nofp/crtbegin.o
 .ARM.attributes
                0x0000004a       0x2c D:/Arm/STM32CubeCLT_1.15.1/GNU-tools-for-STM32/bin/../lib/gcc/arm-none-eabi/12.3.1/../../../../arm-none-eabi/lib/thumb/v6-m/nofp\libc_nano.a(libc_a-findfp.o)
 .ARM.attributes
                0x00000076       0x2c D:/Arm/STM32CubeCLT_1.15.1/GNU-tools-for-STM32/bin/../lib/gcc/arm-none-eabi/12.3.1/../../../../arm-none-eabi/lib/thumb/v6-m/nofp\libc_nano.a(libc_a-memset.o)
 .ARM.attributes
                0x000000a2       0x2c D:/Arm/STM32CubeCLT_1.15.1/GNU-tools-for-STM32/bin/../lib/gcc/arm-none-eabi/12.3.1/../../../../arm-none-eabi/lib/thumb/v6-m/nofp\libc_nano.a(libc_a-reent.o)
 .ARM.attributes
                0x000000ce       0x2c D:/Arm/STM32CubeCLT_1.15.1/GNU-tools-for-STM32/bin/../lib/gcc/arm-none-eabi/12.3.1/../../../../arm-none-eabi/lib/thumb/v6-m/nofp\libc_nano.a(libc_a-impure.o)
 .ARM.attributes
                0x000000fa       0x2c D:/Arm/STM32CubeCLT_1.15.1/GNU-tools-for-STM32/bin/../lib/gcc/arm-none-eabi/12.3.1/../../../../arm-none-eabi/lib/thumb/v6-m/nofp\libc_nano.a(libc_a-init.o)
 .ARM.attributes
                0x00000126       0x2c D:/Arm/STM32CubeCLT_1.15.1/GNU-tools-for-STM32/bin/../lib/gcc/arm-none-eabi/12.3.1/../../../../arm-none-eabi/lib/thumb/v6-m/nofp\libc_nano.a(libc_a-lock.o)
 .ARM.attributes
                0x00000152       0x2c D:/Arm/STM32CubeCLT_1.15.1/GNU-tools-for-STM32/bin/../lib/gcc/arm-none-eabi/12.3.1/../../../../arm-none-eabi/lib/thumb/v6-m/nofp\libc_nano.a(libc_a-freer.o)
 .ARM.attributes
                0x0000017e       0x2c D:/Arm/STM32CubeCLT_1.15.1/GNU-tools-for-STM32/bin/../lib/gcc/arm-none-eabi/12.3.1/../../../../arm-none-eabi/lib/thumb/v6-m/nofp\libc_nano.a(libc_a-mallocr.o)
 .ARM.attributes
                0x000001aa       0x2c D:/Arm/STM32CubeCLT_1.15.1/GNU-tools-for-STM32/bin/../lib/gcc/arm-none-eabi/12.3.1/../../../../arm-none-eabi/lib/thumb/v6-m/nofp\libc_nano.a(libc_a-mlock.o)
 .ARM.attributes
                0x000001d6       0x2c D:/Arm/STM32CubeCLT_1.15.1/GNU-tools-for-STM32/bin/../lib/gcc/arm-none-eabi/12.3.1/../../../../arm-none-eabi/lib/thumb/v6-m/nofp\libc_nano.a(libc_a-sbrkr.o)
 .ARM.attributes
                0x00000202       0x2c CMakeFiles/Lora_test.dir/Core/Src/main.c.obj
 .ARM.attributes
                0x0000022e       0x2c CMakeFiles/Lora_test.dir/Core/Src/delay.c.obj
 .ARM.attributes
                0x0000025a       0x2c CMakeFiles/Lora_test.dir/Radio/Src/sx1276.c.obj
 .ARM.attributes
                0x00000286       0x2c CMakeFiles/Lora_test.dir/Radio/Src/sx1276-Hal.c.obj
 .ARM.attributes
                0x000002b2       0x2c CMakeFiles/Lora_test.dir/Radio/Src/sx1276-LoRa.c.obj
 .ARM.attributes
                0x000002de       0x2c CMakeFiles/Lora_test.dir/Radio/Src/sx1276-LoRaMisc.c.obj
 .ARM.attributes
                0x0000030a       0x2c CMakeFiles/Lora_test.dir/Radio/Src/sx1276-Fsk.c.obj
 .ARM.attributes
                0x00000336       0x2c CMakeFiles/Lora_test.dir/Radio/Src/radio.c.obj
 .ARM.attributes
                0x00000362       0x2c CMakeFiles/Lora_test.dir/Core/Src/gpio.c.obj
 .ARM.attributes
                0x0000038e       0x2c CMakeFiles/Lora_test.dir/Core/Src/spi.c.obj
 .ARM.attributes
                0x000003ba       0x2c CMakeFiles/Lora_test.dir/Core/Src/usart.c.obj
 .ARM.attributes
                0x000003e6       0x2c CMakeFiles/Lora_test.dir/Core/Src/dma.c.obj
 .ARM.attributes
                0x00000412       0x2c CMakeFiles/Lora_test.dir/Core/Src/stm32f0xx_it.c.obj
 .ARM.attributes
                0x0000043e       0x2c CMakeFiles/Lora_test.dir/Core/Src/stm32f0xx_hal_msp.c.obj
 .ARM.attributes
                0x0000046a       0x2c CMakeFiles/Lora_test.dir/Drivers/STM32F0xx_HAL_Driver/Src/stm32f0xx_hal_spi.c.obj
 .ARM.attributes
                0x00000496       0x2c CMakeFiles/Lora_test.dir/Drivers/STM32F0xx_HAL_Driver/Src/stm32f0xx_hal_rcc.c.obj
 .ARM.attributes
                0x000004c2       0x2c CMakeFiles/Lora_test.dir/Drivers/STM32F0xx_HAL_Driver/Src/stm32f0xx_hal_rcc_ex.c.obj
 .ARM.attributes
                0x000004ee       0x2c CMakeFiles/Lora_test.dir/Drivers/STM32F0xx_HAL_Driver/Src/stm32f0xx_hal.c.obj
 .ARM.attributes
                0x0000051a       0x2c CMakeFiles/Lora_test.dir/Drivers/STM32F0xx_HAL_Driver/Src/stm32f0xx_hal_gpio.c.obj
 .ARM.attributes
                0x00000546       0x2c CMakeFiles/Lora_test.dir/Drivers/STM32F0xx_HAL_Driver/Src/stm32f0xx_hal_dma.c.obj
 .ARM.attributes
                0x00000572       0x2c CMakeFiles/Lora_test.dir/Drivers/STM32F0xx_HAL_Driver/Src/stm32f0xx_hal_cortex.c.obj
 .ARM.attributes
                0x0000059e       0x2c CMakeFiles/Lora_test.dir/Drivers/STM32F0xx_HAL_Driver/Src/stm32f0xx_hal_uart.c.obj
 .ARM.attributes
                0x000005ca       0x2c CMakeFiles/Lora_test.dir/Core/Src/system_stm32f0xx.c.obj
 .ARM.attributes
                0x000005f6       0x2c CMakeFiles/Lora_test.dir/Core/Src/sysmem.c.obj
 .ARM.attributes
                0x00000622       0x21 CMakeFiles/Lora_test.dir/startup_stm32f030x8.s.obj
 .ARM.attributes
                0x00000643       0x1e D:/Arm/STM32CubeCLT_1.15.1/GNU-tools-for-STM32/bin/../lib/gcc/arm-none-eabi/12.3.1/thumb/v6-m/nofp\libgcc.a(_udivsi3.o)
 .ARM.attributes
                0x00000661       0x1e D:/Arm/STM32CubeCLT_1.15.1/GNU-tools-for-STM32/bin/../lib/gcc/arm-none-eabi/12.3.1/thumb/v6-m/nofp\libgcc.a(_dvmd_tls.o)
 .ARM.attributes
                0x0000067f       0x1e D:/Arm/STM32CubeCLT_1.15.1/GNU-tools-for-STM32/bin/../lib/gcc/arm-none-eabi/12.3.1/thumb/v6-m/nofp\libgcc.a(_arm_cmpdf2.o)
 .ARM.attributes
                0x0000069d       0x2c D:/Arm/STM32CubeCLT_1.15.1/GNU-tools-for-STM32/bin/../lib/gcc/arm-none-eabi/12.3.1/thumb/v6-m/nofp\libgcc.a(_fixunsdfsi.o)
 .ARM.attributes
                0x000006c9       0x2c D:/Arm/STM32CubeCLT_1.15.1/GNU-tools-for-STM32/bin/../lib/gcc/arm-none-eabi/12.3.1/thumb/v6-m/nofp\libgcc.a(adddf3.o)
 .ARM.attributes
                0x000006f5       0x2c D:/Arm/STM32CubeCLT_1.15.1/GNU-tools-for-STM32/bin/../lib/gcc/arm-none-eabi/12.3.1/thumb/v6-m/nofp\libgcc.a(divdf3.o)
 .ARM.attributes
                0x00000721       0x2c D:/Arm/STM32CubeCLT_1.15.1/GNU-tools-for-STM32/bin/../lib/gcc/arm-none-eabi/12.3.1/thumb/v6-m/nofp\libgcc.a(eqdf2.o)
 .ARM.attributes
                0x0000074d       0x2c D:/Arm/STM32CubeCLT_1.15.1/GNU-tools-for-STM32/bin/../lib/gcc/arm-none-eabi/12.3.1/thumb/v6-m/nofp\libgcc.a(gedf2.o)
 .ARM.attributes
                0x00000779       0x2c D:/Arm/STM32CubeCLT_1.15.1/GNU-tools-for-STM32/bin/../lib/gcc/arm-none-eabi/12.3.1/thumb/v6-m/nofp\libgcc.a(ledf2.o)
 .ARM.attributes
                0x000007a5       0x2c D:/Arm/STM32CubeCLT_1.15.1/GNU-tools-for-STM32/bin/../lib/gcc/arm-none-eabi/12.3.1/thumb/v6-m/nofp\libgcc.a(muldf3.o)
 .ARM.attributes
                0x000007d1       0x2c D:/Arm/STM32CubeCLT_1.15.1/GNU-tools-for-STM32/bin/../lib/gcc/arm-none-eabi/12.3.1/thumb/v6-m/nofp\libgcc.a(subdf3.o)
 .ARM.attributes
                0x000007fd       0x2c D:/Arm/STM32CubeCLT_1.15.1/GNU-tools-for-STM32/bin/../lib/gcc/arm-none-eabi/12.3.1/thumb/v6-m/nofp\libgcc.a(fixdfsi.o)
 .ARM.attributes
                0x00000829       0x2c D:/Arm/STM32CubeCLT_1.15.1/GNU-tools-for-STM32/bin/../lib/gcc/arm-none-eabi/12.3.1/thumb/v6-m/nofp\libgcc.a(floatsidf.o)
 .ARM.attributes
                0x00000855       0x2c D:/Arm/STM32CubeCLT_1.15.1/GNU-tools-for-STM32/bin/../lib/gcc/arm-none-eabi/12.3.1/thumb/v6-m/nofp\libgcc.a(floatunsidf.o)
 .ARM.attributes
                0x00000881       0x1e D:/Arm/STM32CubeCLT_1.15.1/GNU-tools-for-STM32/bin/../lib/gcc/arm-none-eabi/12.3.1/thumb/v6-m/nofp\libgcc.a(_clzsi2.o)
 .ARM.attributes
                0x0000089f       0x2c D:/Arm/STM32CubeCLT_1.15.1/GNU-tools-for-STM32/bin/../lib/gcc/arm-none-eabi/12.3.1/../../../../arm-none-eabi/lib/thumb/v6-m/nofp\libg_nano.a(libc_a-snprintf.o)
 .ARM.attributes
                0x000008cb       0x2c D:/Arm/STM32CubeCLT_1.15.1/GNU-tools-for-STM32/bin/../lib/gcc/arm-none-eabi/12.3.1/../../../../arm-none-eabi/lib/thumb/v6-m/nofp\libg_nano.a(libc_a-strncpy.o)
 .ARM.attributes
                0x000008f7       0x2c D:/Arm/STM32CubeCLT_1.15.1/GNU-tools-for-STM32/bin/../lib/gcc/arm-none-eabi/12.3.1/../../../../arm-none-eabi/lib/thumb/v6-m/nofp\libg_nano.a(libc_a-errno.o)
 .ARM.attributes
                0x00000923       0x2c D:/Arm/STM32CubeCLT_1.15.1/GNU-tools-for-STM32/bin/../lib/gcc/arm-none-eabi/12.3.1/../../../../arm-none-eabi/lib/thumb/v6-m/nofp\libg_nano.a(libc_a-memcpy-stub.o)
 .ARM.attributes
                0x0000094f       0x1c D:/Arm/STM32CubeCLT_1.15.1/GNU-tools-for-STM32/bin/../lib/gcc/arm-none-eabi/12.3.1/../../../../arm-none-eabi/lib/thumb/v6-m/nofp\libg_nano.a(libc_a-strlen.o)
 .ARM.attributes
                0x0000096b       0x2c D:/Arm/STM32CubeCLT_1.15.1/GNU-tools-for-STM32/bin/../lib/gcc/arm-none-eabi/12.3.1/../../../../arm-none-eabi/lib/thumb/v6-m/nofp\libg_nano.a(libc_a-nano-svfprintf.o)
 .ARM.attributes
                0x00000997       0x2c D:/Arm/STM32CubeCLT_1.15.1/GNU-tools-for-STM32/bin/../lib/gcc/arm-none-eabi/12.3.1/../../../../arm-none-eabi/lib/thumb/v6-m/nofp\libg_nano.a(libc_a-nano-vfprintf_i.o)
 .ARM.attributes
                0x000009c3       0x2c D:/Arm/STM32CubeCLT_1.15.1/GNU-tools-for-STM32/bin/../lib/gcc/arm-none-eabi/12.3.1/../../../../arm-none-eabi/lib/thumb/v6-m/nofp\libg_nano.a(libc_a-memmove.o)
 .ARM.attributes
                0x000009ef       0x2c D:/Arm/STM32CubeCLT_1.15.1/GNU-tools-for-STM32/bin/../lib/gcc/arm-none-eabi/12.3.1/../../../../arm-none-eabi/lib/thumb/v6-m/nofp\libg_nano.a(libc_a-memchr-stub.o)
 .ARM.attributes
                0x00000a1b       0x2c D:/Arm/STM32CubeCLT_1.15.1/GNU-tools-for-STM32/bin/../lib/gcc/arm-none-eabi/12.3.1/../../../../arm-none-eabi/lib/thumb/v6-m/nofp\libg_nano.a(libc_a-reallocr.o)
 .ARM.attributes
                0x00000a47       0x2c D:/Arm/STM32CubeCLT_1.15.1/GNU-tools-for-STM32/bin/../lib/gcc/arm-none-eabi/12.3.1/../../../../arm-none-eabi/lib/thumb/v6-m/nofp\libg_nano.a(libc_a-msizer.o)
 .ARM.attributes
                0x00000a73       0x1e D:/Arm/STM32CubeCLT_1.15.1/GNU-tools-for-STM32/bin/../lib/gcc/arm-none-eabi/12.3.1/thumb/v6-m/nofp\libgcc.a(_thumb1_case_shi.o)
 .ARM.attributes
                0x00000a91       0x1e D:/Arm/STM32CubeCLT_1.15.1/GNU-tools-for-STM32/bin/../lib/gcc/arm-none-eabi/12.3.1/thumb/v6-m/nofp/crtn.o
 .ARM.attributes
                0x00000aaf       0x2c D:/Arm/STM32CubeCLT_1.15.1/GNU-tools-for-STM32/bin/../lib/gcc/arm-none-eabi/12.3.1/../../../../arm-none-eabi/lib/thumb/v6-m/nofp\libm.a(libm_a-s_round.o)
OUTPUT(Lora_test.elf elf32-littlearm)
LOAD linker stubs
LOAD D:/Arm/STM32CubeCLT_1.15.1/GNU-tools-for-STM32/bin/../lib/gcc/arm-none-eabi/12.3.1/../../../../arm-none-eabi/lib/thumb/v6-m/nofp\libc.a
LOAD D:/Arm/STM32CubeCLT_1.15.1/GNU-tools-for-STM32/bin/../lib/gcc/arm-none-eabi/12.3.1/../../../../arm-none-eabi/lib/thumb/v6-m/nofp\libm.a
LOAD D:/Arm/STM32CubeCLT_1.15.1/GNU-tools-for-STM32/bin/../lib/gcc/arm-none-eabi/12.3.1/thumb/v6-m/nofp\libgcc.a

.debug_frame    0x00000000     0x348c
 .debug_frame   0x00000000      0x138 D:/Arm/STM32CubeCLT_1.15.1/GNU-tools-for-STM32/bin/../lib/gcc/arm-none-eabi/12.3.1/../../../../arm-none-eabi/lib/thumb/v6-m/nofp\libc_nano.a(libc_a-findfp.o)
 .debug_frame   0x00000138       0x20 D:/Arm/STM32CubeCLT_1.15.1/GNU-tools-for-STM32/bin/../lib/gcc/arm-none-eabi/12.3.1/../../../../arm-none-eabi/lib/thumb/v6-m/nofp\libc_nano.a(libc_a-memset.o)
 .debug_frame   0x00000158       0x2c D:/Arm/STM32CubeCLT_1.15.1/GNU-tools-for-STM32/bin/../lib/gcc/arm-none-eabi/12.3.1/../../../../arm-none-eabi/lib/thumb/v6-m/nofp\libc_nano.a(libc_a-reent.o)
 .debug_frame   0x00000184       0x2c D:/Arm/STM32CubeCLT_1.15.1/GNU-tools-for-STM32/bin/../lib/gcc/arm-none-eabi/12.3.1/../../../../arm-none-eabi/lib/thumb/v6-m/nofp\libc_nano.a(libc_a-init.o)
 .debug_frame   0x000001b0       0xb0 D:/Arm/STM32CubeCLT_1.15.1/GNU-tools-for-STM32/bin/../lib/gcc/arm-none-eabi/12.3.1/../../../../arm-none-eabi/lib/thumb/v6-m/nofp\libc_nano.a(libc_a-lock.o)
 .debug_frame   0x00000260       0x2c D:/Arm/STM32CubeCLT_1.15.1/GNU-tools-for-STM32/bin/../lib/gcc/arm-none-eabi/12.3.1/../../../../arm-none-eabi/lib/thumb/v6-m/nofp\libc_nano.a(libc_a-freer.o)
 .debug_frame   0x0000028c       0x50 D:/Arm/STM32CubeCLT_1.15.1/GNU-tools-for-STM32/bin/../lib/gcc/arm-none-eabi/12.3.1/../../../../arm-none-eabi/lib/thumb/v6-m/nofp\libc_nano.a(libc_a-mallocr.o)
 .debug_frame   0x000002dc       0x40 D:/Arm/STM32CubeCLT_1.15.1/GNU-tools-for-STM32/bin/../lib/gcc/arm-none-eabi/12.3.1/../../../../arm-none-eabi/lib/thumb/v6-m/nofp\libc_nano.a(libc_a-mlock.o)
 .debug_frame   0x0000031c       0x2c D:/Arm/STM32CubeCLT_1.15.1/GNU-tools-for-STM32/bin/../lib/gcc/arm-none-eabi/12.3.1/../../../../arm-none-eabi/lib/thumb/v6-m/nofp\libc_nano.a(libc_a-sbrkr.o)
 .debug_frame   0x00000348      0x120 CMakeFiles/Lora_test.dir/Core/Src/main.c.obj
 .debug_frame   0x00000468       0x70 CMakeFiles/Lora_test.dir/Core/Src/delay.c.obj
 .debug_frame   0x000004d8      0x2b4 CMakeFiles/Lora_test.dir/Radio/Src/sx1276.c.obj
 .debug_frame   0x0000078c      0x1f8 CMakeFiles/Lora_test.dir/Radio/Src/sx1276-Hal.c.obj
 .debug_frame   0x00000984      0x22c CMakeFiles/Lora_test.dir/Radio/Src/sx1276-LoRa.c.obj
 .debug_frame   0x00000bb0      0x4e0 CMakeFiles/Lora_test.dir/Radio/Src/sx1276-LoRaMisc.c.obj
 .debug_frame   0x00001090      0x24c CMakeFiles/Lora_test.dir/Radio/Src/sx1276-Fsk.c.obj
 .debug_frame   0x000012dc       0x2c CMakeFiles/Lora_test.dir/Radio/Src/radio.c.obj
 .debug_frame   0x00001308       0x30 CMakeFiles/Lora_test.dir/Core/Src/gpio.c.obj
 .debug_frame   0x00001338       0x8c CMakeFiles/Lora_test.dir/Core/Src/spi.c.obj
 .debug_frame   0x000013c4       0x6c CMakeFiles/Lora_test.dir/Core/Src/usart.c.obj
 .debug_frame   0x00001430       0x30 CMakeFiles/Lora_test.dir/Core/Src/dma.c.obj
 .debug_frame   0x00001460       0xf0 CMakeFiles/Lora_test.dir/Core/Src/stm32f0xx_it.c.obj
 .debug_frame   0x00001550       0x30 CMakeFiles/Lora_test.dir/Core/Src/stm32f0xx_hal_msp.c.obj
 .debug_frame   0x00001580      0x790 CMakeFiles/Lora_test.dir/Drivers/STM32F0xx_HAL_Driver/Src/stm32f0xx_hal_spi.c.obj
 .debug_frame   0x00001d10      0x198 CMakeFiles/Lora_test.dir/Drivers/STM32F0xx_HAL_Driver/Src/stm32f0xx_hal_rcc.c.obj
 .debug_frame   0x00001ea8       0x70 CMakeFiles/Lora_test.dir/Drivers/STM32F0xx_HAL_Driver/Src/stm32f0xx_hal_rcc_ex.c.obj
 .debug_frame   0x00001f18      0x2a4 CMakeFiles/Lora_test.dir/Drivers/STM32F0xx_HAL_Driver/Src/stm32f0xx_hal.c.obj
 .debug_frame   0x000021bc      0x110 CMakeFiles/Lora_test.dir/Drivers/STM32F0xx_HAL_Driver/Src/stm32f0xx_hal_gpio.c.obj
 .debug_frame   0x000022cc      0x1d0 CMakeFiles/Lora_test.dir/Drivers/STM32F0xx_HAL_Driver/Src/stm32f0xx_hal_dma.c.obj
 .debug_frame   0x0000249c      0x2a0 CMakeFiles/Lora_test.dir/Drivers/STM32F0xx_HAL_Driver/Src/stm32f0xx_hal_cortex.c.obj
 .debug_frame   0x0000273c      0x810 CMakeFiles/Lora_test.dir/Drivers/STM32F0xx_HAL_Driver/Src/stm32f0xx_hal_uart.c.obj
 .debug_frame   0x00002f4c       0x4c CMakeFiles/Lora_test.dir/Core/Src/system_stm32f0xx.c.obj
 .debug_frame   0x00002f98       0x30 CMakeFiles/Lora_test.dir/Core/Src/sysmem.c.obj
 .debug_frame   0x00002fc8       0x20 D:/Arm/STM32CubeCLT_1.15.1/GNU-tools-for-STM32/bin/../lib/gcc/arm-none-eabi/12.3.1/thumb/v6-m/nofp\libgcc.a(_udivsi3.o)
 .debug_frame   0x00002fe8       0x2c D:/Arm/STM32CubeCLT_1.15.1/GNU-tools-for-STM32/bin/../lib/gcc/arm-none-eabi/12.3.1/thumb/v6-m/nofp\libgcc.a(_fixunsdfsi.o)
 .debug_frame   0x00003014       0x3c D:/Arm/STM32CubeCLT_1.15.1/GNU-tools-for-STM32/bin/../lib/gcc/arm-none-eabi/12.3.1/thumb/v6-m/nofp\libgcc.a(adddf3.o)
 .debug_frame   0x00003050       0x3c D:/Arm/STM32CubeCLT_1.15.1/GNU-tools-for-STM32/bin/../lib/gcc/arm-none-eabi/12.3.1/thumb/v6-m/nofp\libgcc.a(divdf3.o)
 .debug_frame   0x0000308c       0x38 D:/Arm/STM32CubeCLT_1.15.1/GNU-tools-for-STM32/bin/../lib/gcc/arm-none-eabi/12.3.1/thumb/v6-m/nofp\libgcc.a(eqdf2.o)
 .debug_frame   0x000030c4       0x3c D:/Arm/STM32CubeCLT_1.15.1/GNU-tools-for-STM32/bin/../lib/gcc/arm-none-eabi/12.3.1/thumb/v6-m/nofp\libgcc.a(gedf2.o)
 .debug_frame   0x00003100       0x3c D:/Arm/STM32CubeCLT_1.15.1/GNU-tools-for-STM32/bin/../lib/gcc/arm-none-eabi/12.3.1/thumb/v6-m/nofp\libgcc.a(ledf2.o)
 .debug_frame   0x0000313c       0x3c D:/Arm/STM32CubeCLT_1.15.1/GNU-tools-for-STM32/bin/../lib/gcc/arm-none-eabi/12.3.1/thumb/v6-m/nofp\libgcc.a(muldf3.o)
 .debug_frame   0x00003178       0x3c D:/Arm/STM32CubeCLT_1.15.1/GNU-tools-for-STM32/bin/../lib/gcc/arm-none-eabi/12.3.1/thumb/v6-m/nofp\libgcc.a(subdf3.o)
 .debug_frame   0x000031b4       0x30 D:/Arm/STM32CubeCLT_1.15.1/GNU-tools-for-STM32/bin/../lib/gcc/arm-none-eabi/12.3.1/thumb/v6-m/nofp\libgcc.a(fixdfsi.o)
 .debug_frame   0x000031e4       0x2c D:/Arm/STM32CubeCLT_1.15.1/GNU-tools-for-STM32/bin/../lib/gcc/arm-none-eabi/12.3.1/thumb/v6-m/nofp\libgcc.a(floatsidf.o)
 .debug_frame   0x00003210       0x28 D:/Arm/STM32CubeCLT_1.15.1/GNU-tools-for-STM32/bin/../lib/gcc/arm-none-eabi/12.3.1/thumb/v6-m/nofp\libgcc.a(floatunsidf.o)
 .debug_frame   0x00003238       0x50 D:/Arm/STM32CubeCLT_1.15.1/GNU-tools-for-STM32/bin/../lib/gcc/arm-none-eabi/12.3.1/../../../../arm-none-eabi/lib/thumb/v6-m/nofp\libg_nano.a(libc_a-snprintf.o)
 .debug_frame   0x00003288       0x2c D:/Arm/STM32CubeCLT_1.15.1/GNU-tools-for-STM32/bin/../lib/gcc/arm-none-eabi/12.3.1/../../../../arm-none-eabi/lib/thumb/v6-m/nofp\libg_nano.a(libc_a-strncpy.o)
 .debug_frame   0x000032b4       0x20 D:/Arm/STM32CubeCLT_1.15.1/GNU-tools-for-STM32/bin/../lib/gcc/arm-none-eabi/12.3.1/../../../../arm-none-eabi/lib/thumb/v6-m/nofp\libg_nano.a(libc_a-errno.o)
 .debug_frame   0x000032d4       0x28 D:/Arm/STM32CubeCLT_1.15.1/GNU-tools-for-STM32/bin/../lib/gcc/arm-none-eabi/12.3.1/../../../../arm-none-eabi/lib/thumb/v6-m/nofp\libg_nano.a(libc_a-memcpy-stub.o)
 .debug_frame   0x000032fc       0x74 D:/Arm/STM32CubeCLT_1.15.1/GNU-tools-for-STM32/bin/../lib/gcc/arm-none-eabi/12.3.1/../../../../arm-none-eabi/lib/thumb/v6-m/nofp\libg_nano.a(libc_a-nano-svfprintf.o)
 .debug_frame   0x00003370       0x54 D:/Arm/STM32CubeCLT_1.15.1/GNU-tools-for-STM32/bin/../lib/gcc/arm-none-eabi/12.3.1/../../../../arm-none-eabi/lib/thumb/v6-m/nofp\libg_nano.a(libc_a-nano-vfprintf_i.o)
 .debug_frame   0x000033c4       0x28 D:/Arm/STM32CubeCLT_1.15.1/GNU-tools-for-STM32/bin/../lib/gcc/arm-none-eabi/12.3.1/../../../../arm-none-eabi/lib/thumb/v6-m/nofp\libg_nano.a(libc_a-memmove.o)
 .debug_frame   0x000033ec       0x20 D:/Arm/STM32CubeCLT_1.15.1/GNU-tools-for-STM32/bin/../lib/gcc/arm-none-eabi/12.3.1/../../../../arm-none-eabi/lib/thumb/v6-m/nofp\libg_nano.a(libc_a-memchr-stub.o)
 .debug_frame   0x0000340c       0x34 D:/Arm/STM32CubeCLT_1.15.1/GNU-tools-for-STM32/bin/../lib/gcc/arm-none-eabi/12.3.1/../../../../arm-none-eabi/lib/thumb/v6-m/nofp\libg_nano.a(libc_a-reallocr.o)
 .debug_frame   0x00003440       0x20 D:/Arm/STM32CubeCLT_1.15.1/GNU-tools-for-STM32/bin/../lib/gcc/arm-none-eabi/12.3.1/../../../../arm-none-eabi/lib/thumb/v6-m/nofp\libg_nano.a(libc_a-msizer.o)
 .debug_frame   0x00003460       0x2c D:/Arm/STM32CubeCLT_1.15.1/GNU-tools-for-STM32/bin/../lib/gcc/arm-none-eabi/12.3.1/../../../../arm-none-eabi/lib/thumb/v6-m/nofp\libm.a(libm_a-s_round.o)

.debug_info     0x00000000    0x13d7b
 .debug_info    0x00000000      0xf31 CMakeFiles/Lora_test.dir/Core/Src/main.c.obj
 .debug_info    0x00000f31      0x126 CMakeFiles/Lora_test.dir/Core/Src/delay.c.obj
 .debug_info    0x00001057     0x1067 CMakeFiles/Lora_test.dir/Radio/Src/sx1276.c.obj
 .debug_info    0x000020be      0x939 CMakeFiles/Lora_test.dir/Radio/Src/sx1276-Hal.c.obj
 .debug_info    0x000029f7     0x120a CMakeFiles/Lora_test.dir/Radio/Src/sx1276-LoRa.c.obj
 .debug_info    0x00003c01     0x1147 CMakeFiles/Lora_test.dir/Radio/Src/sx1276-LoRaMisc.c.obj
 .debug_info    0x00004d48      0xcb5 CMakeFiles/Lora_test.dir/Radio/Src/sx1276-Fsk.c.obj
 .debug_info    0x000059fd      0x22e CMakeFiles/Lora_test.dir/Radio/Src/radio.c.obj
 .debug_info    0x00005c2b      0x436 CMakeFiles/Lora_test.dir/Core/Src/gpio.c.obj
 .debug_info    0x00006061      0x8d2 CMakeFiles/Lora_test.dir/Core/Src/spi.c.obj
 .debug_info    0x00006933      0xa83 CMakeFiles/Lora_test.dir/Core/Src/usart.c.obj
 .debug_info    0x000073b6      0x279 CMakeFiles/Lora_test.dir/Core/Src/dma.c.obj
 .debug_info    0x0000762f      0x70c CMakeFiles/Lora_test.dir/Core/Src/stm32f0xx_it.c.obj
 .debug_info    0x00007d3b      0x199 CMakeFiles/Lora_test.dir/Core/Src/stm32f0xx_hal_msp.c.obj
 .debug_info    0x00007ed4     0x17da CMakeFiles/Lora_test.dir/Drivers/STM32F0xx_HAL_Driver/Src/stm32f0xx_hal_spi.c.obj
 .debug_info    0x000096ae      0x844 CMakeFiles/Lora_test.dir/Drivers/STM32F0xx_HAL_Driver/Src/stm32f0xx_hal_rcc.c.obj
 .debug_info    0x00009ef2      0x35d CMakeFiles/Lora_test.dir/Drivers/STM32F0xx_HAL_Driver/Src/stm32f0xx_hal_rcc_ex.c.obj
 .debug_info    0x0000a24f      0x670 CMakeFiles/Lora_test.dir/Drivers/STM32F0xx_HAL_Driver/Src/stm32f0xx_hal.c.obj
 .debug_info    0x0000a8bf      0x5c3 CMakeFiles/Lora_test.dir/Drivers/STM32F0xx_HAL_Driver/Src/stm32f0xx_hal_gpio.c.obj
 .debug_info    0x0000ae82      0x700 CMakeFiles/Lora_test.dir/Drivers/STM32F0xx_HAL_Driver/Src/stm32f0xx_hal_dma.c.obj
 .debug_info    0x0000b582      0x69b CMakeFiles/Lora_test.dir/Drivers/STM32F0xx_HAL_Driver/Src/stm32f0xx_hal_cortex.c.obj
 .debug_info    0x0000bc1d     0x3a2a CMakeFiles/Lora_test.dir/Drivers/STM32F0xx_HAL_Driver/Src/stm32f0xx_hal_uart.c.obj
 .debug_info    0x0000f647      0x242 CMakeFiles/Lora_test.dir/Core/Src/system_stm32f0xx.c.obj
 .debug_info    0x0000f889      0x168 CMakeFiles/Lora_test.dir/Core/Src/sysmem.c.obj
 .debug_info    0x0000f9f1       0x30 CMakeFiles/Lora_test.dir/startup_stm32f030x8.s.obj
 .debug_info    0x0000fa21      0x8bf D:/Arm/STM32CubeCLT_1.15.1/GNU-tools-for-STM32/bin/../lib/gcc/arm-none-eabi/12.3.1/../../../../arm-none-eabi/lib/thumb/v6-m/nofp\libg_nano.a(libc_a-snprintf.o)
 .debug_info    0x000102e0      0x111 D:/Arm/STM32CubeCLT_1.15.1/GNU-tools-for-STM32/bin/../lib/gcc/arm-none-eabi/12.3.1/../../../../arm-none-eabi/lib/thumb/v6-m/nofp\libg_nano.a(libc_a-strncpy.o)
 .debug_info    0x000103f1      0x6fb D:/Arm/STM32CubeCLT_1.15.1/GNU-tools-for-STM32/bin/../lib/gcc/arm-none-eabi/12.3.1/../../../../arm-none-eabi/lib/thumb/v6-m/nofp\libg_nano.a(libc_a-errno.o)
 .debug_info    0x00010aec      0x11b D:/Arm/STM32CubeCLT_1.15.1/GNU-tools-for-STM32/bin/../lib/gcc/arm-none-eabi/12.3.1/../../../../arm-none-eabi/lib/thumb/v6-m/nofp\libg_nano.a(libc_a-memcpy-stub.o)
 .debug_info    0x00010c07       0x31 D:/Arm/STM32CubeCLT_1.15.1/GNU-tools-for-STM32/bin/../lib/gcc/arm-none-eabi/12.3.1/../../../../arm-none-eabi/lib/thumb/v6-m/nofp\libg_nano.a(libc_a-strlen.o)
 .debug_info    0x00010c38     0x10e0 D:/Arm/STM32CubeCLT_1.15.1/GNU-tools-for-STM32/bin/../lib/gcc/arm-none-eabi/12.3.1/../../../../arm-none-eabi/lib/thumb/v6-m/nofp\libg_nano.a(libc_a-nano-svfprintf.o)
 .debug_info    0x00011d18      0xe0a D:/Arm/STM32CubeCLT_1.15.1/GNU-tools-for-STM32/bin/../lib/gcc/arm-none-eabi/12.3.1/../../../../arm-none-eabi/lib/thumb/v6-m/nofp\libg_nano.a(libc_a-nano-vfprintf_i.o)
 .debug_info    0x00012b22      0x109 D:/Arm/STM32CubeCLT_1.15.1/GNU-tools-for-STM32/bin/../lib/gcc/arm-none-eabi/12.3.1/../../../../arm-none-eabi/lib/thumb/v6-m/nofp\libg_nano.a(libc_a-memmove.o)
 .debug_info    0x00012c2b      0x110 D:/Arm/STM32CubeCLT_1.15.1/GNU-tools-for-STM32/bin/../lib/gcc/arm-none-eabi/12.3.1/../../../../arm-none-eabi/lib/thumb/v6-m/nofp\libg_nano.a(libc_a-memchr-stub.o)
 .debug_info    0x00012d3b      0x8ac D:/Arm/STM32CubeCLT_1.15.1/GNU-tools-for-STM32/bin/../lib/gcc/arm-none-eabi/12.3.1/../../../../arm-none-eabi/lib/thumb/v6-m/nofp\libg_nano.a(libc_a-reallocr.o)
 .debug_info    0x000135e7      0x794 D:/Arm/STM32CubeCLT_1.15.1/GNU-tools-for-STM32/bin/../lib/gcc/arm-none-eabi/12.3.1/../../../../arm-none-eabi/lib/thumb/v6-m/nofp\libg_nano.a(libc_a-msizer.o)

.debug_abbrev   0x00000000     0x3f39
 .debug_abbrev  0x00000000      0x346 CMakeFiles/Lora_test.dir/Core/Src/main.c.obj
 .debug_abbrev  0x00000346       0xc5 CMakeFiles/Lora_test.dir/Core/Src/delay.c.obj
 .debug_abbrev  0x0000040b      0x278 CMakeFiles/Lora_test.dir/Radio/Src/sx1276.c.obj
 .debug_abbrev  0x00000683      0x222 CMakeFiles/Lora_test.dir/Radio/Src/sx1276-Hal.c.obj
 .debug_abbrev  0x000008a5      0x33d CMakeFiles/Lora_test.dir/Radio/Src/sx1276-LoRa.c.obj
 .debug_abbrev  0x00000be2      0x2cb CMakeFiles/Lora_test.dir/Radio/Src/sx1276-LoRaMisc.c.obj
 .debug_abbrev  0x00000ead      0x30a CMakeFiles/Lora_test.dir/Radio/Src/sx1276-Fsk.c.obj
 .debug_abbrev  0x000011b7      0x103 CMakeFiles/Lora_test.dir/Radio/Src/radio.c.obj
 .debug_abbrev  0x000012ba      0x16f CMakeFiles/Lora_test.dir/Core/Src/gpio.c.obj
 .debug_abbrev  0x00001429      0x210 CMakeFiles/Lora_test.dir/Core/Src/spi.c.obj
 .debug_abbrev  0x00001639      0x22b CMakeFiles/Lora_test.dir/Core/Src/usart.c.obj
 .debug_abbrev  0x00001864       0xfc CMakeFiles/Lora_test.dir/Core/Src/dma.c.obj
 .debug_abbrev  0x00001960      0x186 CMakeFiles/Lora_test.dir/Core/Src/stm32f0xx_it.c.obj
 .debug_abbrev  0x00001ae6       0xc6 CMakeFiles/Lora_test.dir/Core/Src/stm32f0xx_hal_msp.c.obj
 .debug_abbrev  0x00001bac      0x265 CMakeFiles/Lora_test.dir/Drivers/STM32F0xx_HAL_Driver/Src/stm32f0xx_hal_spi.c.obj
 .debug_abbrev  0x00001e11      0x28b CMakeFiles/Lora_test.dir/Drivers/STM32F0xx_HAL_Driver/Src/stm32f0xx_hal_rcc.c.obj
 .debug_abbrev  0x0000209c      0x16f CMakeFiles/Lora_test.dir/Drivers/STM32F0xx_HAL_Driver/Src/stm32f0xx_hal_rcc_ex.c.obj
 .debug_abbrev  0x0000220b      0x24b CMakeFiles/Lora_test.dir/Drivers/STM32F0xx_HAL_Driver/Src/stm32f0xx_hal.c.obj
 .debug_abbrev  0x00002456      0x1c8 CMakeFiles/Lora_test.dir/Drivers/STM32F0xx_HAL_Driver/Src/stm32f0xx_hal_gpio.c.obj
 .debug_abbrev  0x0000261e      0x1ef CMakeFiles/Lora_test.dir/Drivers/STM32F0xx_HAL_Driver/Src/stm32f0xx_hal_dma.c.obj
 .debug_abbrev  0x0000280d      0x28c CMakeFiles/Lora_test.dir/Drivers/STM32F0xx_HAL_Driver/Src/stm32f0xx_hal_cortex.c.obj
 .debug_abbrev  0x00002a99      0x2cc CMakeFiles/Lora_test.dir/Drivers/STM32F0xx_HAL_Driver/Src/stm32f0xx_hal_uart.c.obj
 .debug_abbrev  0x00002d65      0x11c CMakeFiles/Lora_test.dir/Core/Src/system_stm32f0xx.c.obj
 .debug_abbrev  0x00002e81       0xbc CMakeFiles/Lora_test.dir/Core/Src/sysmem.c.obj
 .debug_abbrev  0x00002f3d       0x24 CMakeFiles/Lora_test.dir/startup_stm32f030x8.s.obj
 .debug_abbrev  0x00002f61      0x231 D:/Arm/STM32CubeCLT_1.15.1/GNU-tools-for-STM32/bin/../lib/gcc/arm-none-eabi/12.3.1/../../../../arm-none-eabi/lib/thumb/v6-m/nofp\libg_nano.a(libc_a-snprintf.o)
 .debug_abbrev  0x00003192       0xa7 D:/Arm/STM32CubeCLT_1.15.1/GNU-tools-for-STM32/bin/../lib/gcc/arm-none-eabi/12.3.1/../../../../arm-none-eabi/lib/thumb/v6-m/nofp\libg_nano.a(libc_a-strncpy.o)
 .debug_abbrev  0x00003239      0x15e D:/Arm/STM32CubeCLT_1.15.1/GNU-tools-for-STM32/bin/../lib/gcc/arm-none-eabi/12.3.1/../../../../arm-none-eabi/lib/thumb/v6-m/nofp\libg_nano.a(libc_a-errno.o)
 .debug_abbrev  0x00003397       0xc1 D:/Arm/STM32CubeCLT_1.15.1/GNU-tools-for-STM32/bin/../lib/gcc/arm-none-eabi/12.3.1/../../../../arm-none-eabi/lib/thumb/v6-m/nofp\libg_nano.a(libc_a-memcpy-stub.o)
 .debug_abbrev  0x00003458       0x28 D:/Arm/STM32CubeCLT_1.15.1/GNU-tools-for-STM32/bin/../lib/gcc/arm-none-eabi/12.3.1/../../../../arm-none-eabi/lib/thumb/v6-m/nofp\libg_nano.a(libc_a-strlen.o)
 .debug_abbrev  0x00003480      0x31e D:/Arm/STM32CubeCLT_1.15.1/GNU-tools-for-STM32/bin/../lib/gcc/arm-none-eabi/12.3.1/../../../../arm-none-eabi/lib/thumb/v6-m/nofp\libg_nano.a(libc_a-nano-svfprintf.o)
 .debug_abbrev  0x0000379e      0x29f D:/Arm/STM32CubeCLT_1.15.1/GNU-tools-for-STM32/bin/../lib/gcc/arm-none-eabi/12.3.1/../../../../arm-none-eabi/lib/thumb/v6-m/nofp\libg_nano.a(libc_a-nano-vfprintf_i.o)
 .debug_abbrev  0x00003a3d       0xac D:/Arm/STM32CubeCLT_1.15.1/GNU-tools-for-STM32/bin/../lib/gcc/arm-none-eabi/12.3.1/../../../../arm-none-eabi/lib/thumb/v6-m/nofp\libg_nano.a(libc_a-memmove.o)
 .debug_abbrev  0x00003ae9       0xb1 D:/Arm/STM32CubeCLT_1.15.1/GNU-tools-for-STM32/bin/../lib/gcc/arm-none-eabi/12.3.1/../../../../arm-none-eabi/lib/thumb/v6-m/nofp\libg_nano.a(libc_a-memchr-stub.o)
 .debug_abbrev  0x00003b9a      0x209 D:/Arm/STM32CubeCLT_1.15.1/GNU-tools-for-STM32/bin/../lib/gcc/arm-none-eabi/12.3.1/../../../../arm-none-eabi/lib/thumb/v6-m/nofp\libg_nano.a(libc_a-reallocr.o)
 .debug_abbrev  0x00003da3      0x196 D:/Arm/STM32CubeCLT_1.15.1/GNU-tools-for-STM32/bin/../lib/gcc/arm-none-eabi/12.3.1/../../../../arm-none-eabi/lib/thumb/v6-m/nofp\libg_nano.a(libc_a-msizer.o)

.debug_aranges  0x00000000      0xf10
 .debug_aranges
                0x00000000       0x60 CMakeFiles/Lora_test.dir/Core/Src/main.c.obj
 .debug_aranges
                0x00000060       0x30 CMakeFiles/Lora_test.dir/Core/Src/delay.c.obj
 .debug_aranges
                0x00000090       0xd0 CMakeFiles/Lora_test.dir/Radio/Src/sx1276.c.obj
 .debug_aranges
                0x00000160       0x98 CMakeFiles/Lora_test.dir/Radio/Src/sx1276-Hal.c.obj
 .debug_aranges
                0x000001f8       0xa8 CMakeFiles/Lora_test.dir/Radio/Src/sx1276-LoRa.c.obj
 .debug_aranges
                0x000002a0      0x160 CMakeFiles/Lora_test.dir/Radio/Src/sx1276-LoRaMisc.c.obj
 .debug_aranges
                0x00000400       0xb0 CMakeFiles/Lora_test.dir/Radio/Src/sx1276-Fsk.c.obj
 .debug_aranges
                0x000004b0       0x20 CMakeFiles/Lora_test.dir/Radio/Src/radio.c.obj
 .debug_aranges
                0x000004d0       0x20 CMakeFiles/Lora_test.dir/Core/Src/gpio.c.obj
 .debug_aranges
                0x000004f0       0x38 CMakeFiles/Lora_test.dir/Core/Src/spi.c.obj
 .debug_aranges
                0x00000528       0x30 CMakeFiles/Lora_test.dir/Core/Src/usart.c.obj
 .debug_aranges
                0x00000558       0x20 CMakeFiles/Lora_test.dir/Core/Src/dma.c.obj
 .debug_aranges
                0x00000578       0x58 CMakeFiles/Lora_test.dir/Core/Src/stm32f0xx_it.c.obj
 .debug_aranges
                0x000005d0       0x20 CMakeFiles/Lora_test.dir/Core/Src/stm32f0xx_hal_msp.c.obj
 .debug_aranges
                0x000005f0      0x1f8 CMakeFiles/Lora_test.dir/Drivers/STM32F0xx_HAL_Driver/Src/stm32f0xx_hal_spi.c.obj
 .debug_aranges
                0x000007e8       0x80 CMakeFiles/Lora_test.dir/Drivers/STM32F0xx_HAL_Driver/Src/stm32f0xx_hal_rcc.c.obj
 .debug_aranges
                0x00000868       0x30 CMakeFiles/Lora_test.dir/Drivers/STM32F0xx_HAL_Driver/Src/stm32f0xx_hal_rcc_ex.c.obj
 .debug_aranges
                0x00000898       0xd0 CMakeFiles/Lora_test.dir/Drivers/STM32F0xx_HAL_Driver/Src/stm32f0xx_hal.c.obj
 .debug_aranges
                0x00000968       0x58 CMakeFiles/Lora_test.dir/Drivers/STM32F0xx_HAL_Driver/Src/stm32f0xx_hal_gpio.c.obj
 .debug_aranges
                0x000009c0       0x88 CMakeFiles/Lora_test.dir/Drivers/STM32F0xx_HAL_Driver/Src/stm32f0xx_hal_dma.c.obj
 .debug_aranges
                0x00000a48       0xc0 CMakeFiles/Lora_test.dir/Drivers/STM32F0xx_HAL_Driver/Src/stm32f0xx_hal_cortex.c.obj
 .debug_aranges
                0x00000b08      0x218 CMakeFiles/Lora_test.dir/Drivers/STM32F0xx_HAL_Driver/Src/stm32f0xx_hal_uart.c.obj
 .debug_aranges
                0x00000d20       0x28 CMakeFiles/Lora_test.dir/Core/Src/system_stm32f0xx.c.obj
 .debug_aranges
                0x00000d48       0x20 CMakeFiles/Lora_test.dir/Core/Src/sysmem.c.obj
 .debug_aranges
                0x00000d68       0x28 CMakeFiles/Lora_test.dir/startup_stm32f030x8.s.obj
 .debug_aranges
                0x00000d90       0x28 D:/Arm/STM32CubeCLT_1.15.1/GNU-tools-for-STM32/bin/../lib/gcc/arm-none-eabi/12.3.1/../../../../arm-none-eabi/lib/thumb/v6-m/nofp\libg_nano.a(libc_a-snprintf.o)
 .debug_aranges
                0x00000db8       0x20 D:/Arm/STM32CubeCLT_1.15.1/GNU-tools-for-STM32/bin/../lib/gcc/arm-none-eabi/12.3.1/../../../../arm-none-eabi/lib/thumb/v6-m/nofp\libg_nano.a(libc_a-strncpy.o)
 .debug_aranges
                0x00000dd8       0x20 D:/Arm/STM32CubeCLT_1.15.1/GNU-tools-for-STM32/bin/../lib/gcc/arm-none-eabi/12.3.1/../../../../arm-none-eabi/lib/thumb/v6-m/nofp\libg_nano.a(libc_a-errno.o)
 .debug_aranges
                0x00000df8       0x20 D:/Arm/STM32CubeCLT_1.15.1/GNU-tools-for-STM32/bin/../lib/gcc/arm-none-eabi/12.3.1/../../../../arm-none-eabi/lib/thumb/v6-m/nofp\libg_nano.a(libc_a-memcpy-stub.o)
 .debug_aranges
                0x00000e18       0x20 D:/Arm/STM32CubeCLT_1.15.1/GNU-tools-for-STM32/bin/../lib/gcc/arm-none-eabi/12.3.1/../../../../arm-none-eabi/lib/thumb/v6-m/nofp\libg_nano.a(libc_a-strlen.o)
 .debug_aranges
                0x00000e38       0x30 D:/Arm/STM32CubeCLT_1.15.1/GNU-tools-for-STM32/bin/../lib/gcc/arm-none-eabi/12.3.1/../../../../arm-none-eabi/lib/thumb/v6-m/nofp\libg_nano.a(libc_a-nano-svfprintf.o)
 .debug_aranges
                0x00000e68       0x28 D:/Arm/STM32CubeCLT_1.15.1/GNU-tools-for-STM32/bin/../lib/gcc/arm-none-eabi/12.3.1/../../../../arm-none-eabi/lib/thumb/v6-m/nofp\libg_nano.a(libc_a-nano-vfprintf_i.o)
 .debug_aranges
                0x00000e90       0x20 D:/Arm/STM32CubeCLT_1.15.1/GNU-tools-for-STM32/bin/../lib/gcc/arm-none-eabi/12.3.1/../../../../arm-none-eabi/lib/thumb/v6-m/nofp\libg_nano.a(libc_a-memmove.o)
 .debug_aranges
                0x00000eb0       0x20 D:/Arm/STM32CubeCLT_1.15.1/GNU-tools-for-STM32/bin/../lib/gcc/arm-none-eabi/12.3.1/../../../../arm-none-eabi/lib/thumb/v6-m/nofp\libg_nano.a(libc_a-memchr-stub.o)
 .debug_aranges
                0x00000ed0       0x20 D:/Arm/STM32CubeCLT_1.15.1/GNU-tools-for-STM32/bin/../lib/gcc/arm-none-eabi/12.3.1/../../../../arm-none-eabi/lib/thumb/v6-m/nofp\libg_nano.a(libc_a-reallocr.o)
 .debug_aranges
                0x00000ef0       0x20 D:/Arm/STM32CubeCLT_1.15.1/GNU-tools-for-STM32/bin/../lib/gcc/arm-none-eabi/12.3.1/../../../../arm-none-eabi/lib/thumb/v6-m/nofp\libg_nano.a(libc_a-msizer.o)

.debug_rnglists
                0x00000000      0xb72
 .debug_rnglists
                0x00000000       0x47 CMakeFiles/Lora_test.dir/Core/Src/main.c.obj
 .debug_rnglists
                0x00000047       0x1f CMakeFiles/Lora_test.dir/Core/Src/delay.c.obj
 .debug_rnglists
                0x00000066       0x98 CMakeFiles/Lora_test.dir/Radio/Src/sx1276.c.obj
 .debug_rnglists
                0x000000fe       0x6d CMakeFiles/Lora_test.dir/Radio/Src/sx1276-Hal.c.obj
 .debug_rnglists
                0x0000016b       0x7c CMakeFiles/Lora_test.dir/Radio/Src/sx1276-LoRa.c.obj
 .debug_rnglists
                0x000001e7      0x106 CMakeFiles/Lora_test.dir/Radio/Src/sx1276-LoRaMisc.c.obj
 .debug_rnglists
                0x000002ed       0x83 CMakeFiles/Lora_test.dir/Radio/Src/sx1276-Fsk.c.obj
 .debug_rnglists
                0x00000370       0x13 CMakeFiles/Lora_test.dir/Radio/Src/radio.c.obj
 .debug_rnglists
                0x00000383       0x14 CMakeFiles/Lora_test.dir/Core/Src/gpio.c.obj
 .debug_rnglists
                0x00000397       0x26 CMakeFiles/Lora_test.dir/Core/Src/spi.c.obj
 .debug_rnglists
                0x000003bd       0x20 CMakeFiles/Lora_test.dir/Core/Src/usart.c.obj
 .debug_rnglists
                0x000003dd       0x13 CMakeFiles/Lora_test.dir/Core/Src/dma.c.obj