Archive member included to satisfy reference by file (symbol)

D:/Arm/STM32CubeCLT_1.15.1/GNU-tools-for-STM32/bin/../lib/gcc/arm-none-eabi/12.3.1/../../../../arm-none-eabi/lib/thumb/v6-m/nofp\libc_nano.a(libc_a-exit.o)
                              D:/Arm/STM32CubeCLT_1.15.1/GNU-tools-for-STM32/bin/../lib/gcc/arm-none-eabi/12.3.1/../../../../arm-none-eabi/lib/thumb/v6-m/nofp/crt0.o (exit)
D:/Arm/STM32CubeCLT_1.15.1/GNU-tools-for-STM32/bin/../lib/gcc/arm-none-eabi/12.3.1/../../../../arm-none-eabi/lib/thumb/v6-m/nofp\libc_nano.a(libc_a-findfp.o)
                              D:/Arm/STM32CubeCLT_1.15.1/GNU-tools-for-STM32/bin/../lib/gcc/arm-none-eabi/12.3.1/../../../../arm-none-eabi/lib/thumb/v6-m/nofp\libc_nano.a(libc_a-exit.o) (__stdio_exit_handler)
D:/Arm/STM32CubeCLT_1.15.1/GNU-tools-for-STM32/bin/../lib/gcc/arm-none-eabi/12.3.1/../../../../arm-none-eabi/lib/thumb/v6-m/nofp\libc_nano.a(libc_a-fwalk.o)
                              D:/Arm/STM32CubeCLT_1.15.1/GNU-tools-for-STM32/bin/../lib/gcc/arm-none-eabi/12.3.1/../../../../arm-none-eabi/lib/thumb/v6-m/nofp\libc_nano.a(libc_a-findfp.o) (_fwalk_sglue)
D:/Arm/STM32CubeCLT_1.15.1/GNU-tools-for-STM32/bin/../lib/gcc/arm-none-eabi/12.3.1/../../../../arm-none-eabi/lib/thumb/v6-m/nofp\libc_nano.a(libc_a-stdio.o)
                              D:/Arm/STM32CubeCLT_1.15.1/GNU-tools-for-STM32/bin/../lib/gcc/arm-none-eabi/12.3.1/../../../../arm-none-eabi/lib/thumb/v6-m/nofp\libc_nano.a(libc_a-findfp.o) (__sread)
D:/Arm/STM32CubeCLT_1.15.1/GNU-tools-for-STM32/bin/../lib/gcc/arm-none-eabi/12.3.1/../../../../arm-none-eabi/lib/thumb/v6-m/nofp\libc_nano.a(libc_a-memset.o)
                              D:/Arm/STM32CubeCLT_1.15.1/GNU-tools-for-STM32/bin/../lib/gcc/arm-none-eabi/12.3.1/../../../../arm-none-eabi/lib/thumb/v6-m/nofp/crt0.o (memset)
D:/Arm/STM32CubeCLT_1.15.1/GNU-tools-for-STM32/bin/../lib/gcc/arm-none-eabi/12.3.1/../../../../arm-none-eabi/lib/thumb/v6-m/nofp\libc_nano.a(libc_a-closer.o)
                              D:/Arm/STM32CubeCLT_1.15.1/GNU-tools-for-STM32/bin/../lib/gcc/arm-none-eabi/12.3.1/../../../../arm-none-eabi/lib/thumb/v6-m/nofp\libc_nano.a(libc_a-stdio.o) (_close_r)
D:/Arm/STM32CubeCLT_1.15.1/GNU-tools-for-STM32/bin/../lib/gcc/arm-none-eabi/12.3.1/../../../../arm-none-eabi/lib/thumb/v6-m/nofp\libc_nano.a(libc_a-reent.o)
                              D:/Arm/STM32CubeCLT_1.15.1/GNU-tools-for-STM32/bin/../lib/gcc/arm-none-eabi/12.3.1/../../../../arm-none-eabi/lib/thumb/v6-m/nofp\libc_nano.a(libc_a-closer.o) (errno)
D:/Arm/STM32CubeCLT_1.15.1/GNU-tools-for-STM32/bin/../lib/gcc/arm-none-eabi/12.3.1/../../../../arm-none-eabi/lib/thumb/v6-m/nofp\libc_nano.a(libc_a-impure.o)
                              D:/Arm/STM32CubeCLT_1.15.1/GNU-tools-for-STM32/bin/../lib/gcc/arm-none-eabi/12.3.1/../../../../arm-none-eabi/lib/thumb/v6-m/nofp\libc_nano.a(libc_a-reent.o) (_impure_ptr)
D:/Arm/STM32CubeCLT_1.15.1/GNU-tools-for-STM32/bin/../lib/gcc/arm-none-eabi/12.3.1/../../../../arm-none-eabi/lib/thumb/v6-m/nofp\libc_nano.a(libc_a-lseekr.o)
                              D:/Arm/STM32CubeCLT_1.15.1/GNU-tools-for-STM32/bin/../lib/gcc/arm-none-eabi/12.3.1/../../../../arm-none-eabi/lib/thumb/v6-m/nofp\libc_nano.a(libc_a-stdio.o) (_lseek_r)
D:/Arm/STM32CubeCLT_1.15.1/GNU-tools-for-STM32/bin/../lib/gcc/arm-none-eabi/12.3.1/../../../../arm-none-eabi/lib/thumb/v6-m/nofp\libc_nano.a(libc_a-readr.o)
                              D:/Arm/STM32CubeCLT_1.15.1/GNU-tools-for-STM32/bin/../lib/gcc/arm-none-eabi/12.3.1/../../../../arm-none-eabi/lib/thumb/v6-m/nofp\libc_nano.a(libc_a-stdio.o) (_read_r)
D:/Arm/STM32CubeCLT_1.15.1/GNU-tools-for-STM32/bin/../lib/gcc/arm-none-eabi/12.3.1/../../../../arm-none-eabi/lib/thumb/v6-m/nofp\libc_nano.a(libc_a-writer.o)
                              D:/Arm/STM32CubeCLT_1.15.1/GNU-tools-for-STM32/bin/../lib/gcc/arm-none-eabi/12.3.1/../../../../arm-none-eabi/lib/thumb/v6-m/nofp\libc_nano.a(libc_a-stdio.o) (_write_r)
D:/Arm/STM32CubeCLT_1.15.1/GNU-tools-for-STM32/bin/../lib/gcc/arm-none-eabi/12.3.1/../../../../arm-none-eabi/lib/thumb/v6-m/nofp\libc_nano.a(libc_a-init.o)
                              D:/Arm/STM32CubeCLT_1.15.1/GNU-tools-for-STM32/bin/../lib/gcc/arm-none-eabi/12.3.1/../../../../arm-none-eabi/lib/thumb/v6-m/nofp/crt0.o (__libc_init_array)
D:/Arm/STM32CubeCLT_1.15.1/GNU-tools-for-STM32/bin/../lib/gcc/arm-none-eabi/12.3.1/../../../../arm-none-eabi/lib/thumb/v6-m/nofp\libc_nano.a(libc_a-lock.o)
                              D:/Arm/STM32CubeCLT_1.15.1/GNU-tools-for-STM32/bin/../lib/gcc/arm-none-eabi/12.3.1/../../../../arm-none-eabi/lib/thumb/v6-m/nofp\libc_nano.a(libc_a-findfp.o) (__retarget_lock_init_recursive)
D:/Arm/STM32CubeCLT_1.15.1/GNU-tools-for-STM32/bin/../lib/gcc/arm-none-eabi/12.3.1/../../../../arm-none-eabi/lib/thumb/v6-m/nofp\libc_nano.a(libc_a-freer.o)
[...]
Memory Configuration

Name             Origin             Length             Attributes
RAM              0x20000000         0x00002000         xrw
FLASH            0x08000000         0x00010000         xr
*default*        0x00000000         0xffffffff

Linker script and memory map

LOAD D:/Arm/STM32CubeCLT_1.15.1/GNU-tools-for-STM32/bin/../lib/gcc/arm-none-eabi/12.3.1/thumb/v6-m/nofp/crti.o
LOAD D:/Arm/STM32CubeCLT_1.15.1/GNU-tools-for-STM32/bin/../lib/gcc/arm-none-eabi/12.3.1/thumb/v6-m/nofp/crtbegin.o
LOAD D:/Arm/STM32CubeCLT_1.15.1/GNU-tools-for-STM32/bin/../lib/gcc/arm-none-eabi/12.3.1/../../../../arm-none-eabi/lib/thumb/v6-m/nofp/crt0.o
START GROUP
LOAD D:/Arm/STM32CubeCLT_1.15.1/GNU-tools-for-STM32/bin/../lib/gcc/arm-none-eabi/12.3.1/../../../../arm-none-eabi/lib/thumb/v6-m/nofp\libc_nano.a
LOAD D:/Arm/STM32CubeCLT_1.15.1/GNU-tools-for-STM32/bin/../lib/gcc/arm-none-eabi/12.3.1/../../../../arm-none-eabi/lib/thumb/v6-m/nofp\libm.a
END GROUP
LOAD CMakeFiles/Lora_test.dir/Core/Src/main.c.obj
LOAD CMakeFiles/Lora_test.dir/Core/Src/delay.c.obj
LOAD CMakeFiles/Lora_test.dir/Radio/Src/crc.c.obj
LOAD CMakeFiles/Lora_test.dir/Radio/Src/sx1276.c.obj
LOAD CMakeFiles/Lora_test.dir/Radio/Src/sx1276-Hal.c.obj
LOAD CMakeFiles/Lora_test.dir/Radio/Src/sx1276-LoRa.c.obj
LOAD CMakeFiles/Lora_test.dir/Radio/Src/sx1276-LoRaMisc.c.obj
LOAD CMakeFiles/Lora_test.dir/Radio/Src/sx1276-FskMisc.c.obj
LOAD CMakeFiles/Lora_test.dir/Radio/Src/sx1276-Fsk.c.obj
LOAD CMakeFiles/Lora_test.dir/Radio/Src/radio.c.obj
LOAD CMakeFiles/Lora_test.dir/Core/Src/gpio.c.obj
LOAD CMakeFiles/Lora_test.dir/Core/Src/spi.c.obj
LOAD CMakeFiles/Lora_test.dir/Core/Src/usart.c.obj
LOAD CMakeFiles/Lora_test.dir/Core/Src/stm32f0xx_it.c.obj
LOAD CMakeFiles/Lora_test.dir/Core/Src/stm32f0xx_hal_msp.c.obj
LOAD CMakeFiles/Lora_test.dir/Drivers/STM32F0xx_HAL_Driver/Src/stm32f0xx_hal_spi.c.obj
LOAD CMakeFiles/Lora_test.dir/Drivers/STM32F0xx_HAL_Driver/Src/stm32f0xx_hal_spi_ex.c.obj
LOAD CMakeFiles/Lora_test.dir/Drivers/STM32F0xx_HAL_Driver/Src/stm32f0xx_hal_rcc.c.obj
LOAD CMakeFiles/Lora_test.dir/Drivers/STM32F0xx_HAL_Driver/Src/stm32f0xx_hal_rcc_ex.c.obj
LOAD CMakeFiles/Lora_test.dir/Drivers/STM32F0xx_HAL_Driver/Src/stm32f0xx_hal.c.obj
LOAD CMakeFiles/Lora_test.dir/Drivers/STM32F0xx_HAL_Driver/Src/stm32f0xx_hal_i2c.c.obj
LOAD CMakeFiles/Lora_test.dir/Drivers/STM32F0xx_HAL_Driver/Src/stm32f0xx_hal_i2c_ex.c.obj
LOAD CMakeFiles/Lora_test.dir/Drivers/STM32F0xx_HAL_Driver/Src/stm32f0xx_hal_gpio.c.obj
LOAD CMakeFiles/Lora_test.dir/Drivers/STM32F0xx_HAL_Driver/Src/stm32f0xx_hal_dma.c.obj
LOAD CMakeFiles/Lora_test.dir/Drivers/STM32F0xx_HAL_Driver/Src/stm32f0xx_hal_cortex.c.obj
LOAD CMakeFiles/Lora_test.dir/Drivers/STM32F0xx_HAL_Driver/Src/stm32f0xx_hal_pwr.c.obj
LOAD CMakeFiles/Lora_test.dir/Drivers/STM32F0xx_HAL_Driver/Src/stm32f0xx_hal_pwr_ex.c.obj
LOAD CMakeFiles/Lora_test.dir/Drivers/STM32F0xx_HAL_Driver/Src/stm32f0xx_hal_flash.c.obj
LOAD CMakeFiles/Lora_test.dir/Drivers/STM32F0xx_HAL_Driver/Src/stm32f0xx_hal_flash_ex.c.obj
LOAD CMakeFiles/Lora_test.dir/Drivers/STM32F0xx_HAL_Driver/Src/stm32f0xx_hal_exti.c.obj
LOAD CMakeFiles/Lora_test.dir/Drivers/STM32F0xx_HAL_Driver/Src/stm32f0xx_hal_tim.c.obj
LOAD CMakeFiles/Lora_test.dir/Drivers/STM32F0xx_HAL_Driver/Src/stm32f0xx_hal_tim_ex.c.obj
LOAD CMakeFiles/Lora_test.dir/Drivers/STM32F0xx_HAL_Driver/Src/stm32f0xx_hal_uart.c.obj
LOAD CMakeFiles/Lora_test.dir/Drivers/STM32F0xx_HAL_Driver/Src/stm32f0xx_hal_uart_ex.c.obj
LOAD CMakeFiles/Lora_test.dir/Core/Src/system_stm32f0xx.c.obj
LOAD CMakeFiles/Lora_test.dir/Core/Src/sysmem.c.obj
LOAD CMakeFiles/Lora_test.dir/Core/Src/syscalls.c.obj
LOAD CMakeFiles/Lora_test.dir/startup_stm32f030x8.s.obj
START GROUP
LOAD D:/Arm/STM32CubeCLT_1.15.1/GNU-tools-for-STM32/bin/../lib/gcc/arm-none-eabi/12.3.1/thumb/v6-m/nofp\libgcc.a
LOAD D:/Arm/STM32CubeCLT_1.15.1/GNU-tools-for-STM32/bin/../lib/gcc/arm-none-eabi/12.3.1/../../../../arm-none-eabi/lib/thumb/v6-m/nofp\libg_nano.a
LOAD D:/Arm/STM32CubeCLT_1.15.1/GNU-tools-for-STM32/bin/../lib/gcc/arm-none-eabi/12.3.1/../../../../arm-none-eabi/lib/thumb/v6-m/nofp\libc_nano.a
END GROUP
START GROUP
LOAD D:/Arm/STM32CubeCLT_1.15.1/GNU-tools-for-STM32/bin/../lib/gcc/arm-none-eabi/12.3.1/thumb/v6-m/nofp\libgcc.a
LOAD D:/Arm/STM32CubeCLT_1.15.1/GNU-tools-for-STM32/bin/../lib/gcc/arm-none-eabi/12.3.1/../../../../arm-none-eabi/lib/thumb/v6-m/nofp\libc_nano.a
END GROUP
LOAD D:/Arm/STM32CubeCLT_1.15.1/GNU-tools-for-STM32/bin/../lib/gcc/arm-none-eabi/12.3.1/thumb/v6-m/nofp/crtend.o
LOAD D:/Arm/STM32CubeCLT_1.15.1/GNU-tools-for-STM32/bin/../lib/gcc/arm-none-eabi/12.3.1/thumb/v6-m/nofp/crtn.o
                0x20002000                        _estack = (ORIGIN (RAM) + LENGTH (RAM))
                0x00000200                        _Min_Heap_Size = 0x200
                0x00000400                        _Min_Stack_Size = 0x400

.isr_vector     0x08000000       0xc0
                0x08000000                        . = ALIGN (0x4)
 *(.isr_vector)
 .isr_vector    0x08000000       0xc0 CMakeFiles/Lora_test.dir/startup_stm32f030x8.s.obj
                0x08000000                g_pfnVectors
                0x080000c0                        . = ALIGN (0x4)

.text           0x080000c0     0x778c
                0x080000c0                        . = ALIGN (0x4)
 *(.text)
 .text          0x080000c0       0x48 D:/Arm/STM32CubeCLT_1.15.1/GNU-tools-for-STM32/bin/../lib/gcc/arm-none-eabi/12.3.1/thumb/v6-m/nofp/crtbegin.o
 .text          0x08000108      0x114 D:/Arm/STM32CubeCLT_1.15.1/GNU-tools-for-STM32/bin/../lib/gcc/arm-none-eabi/12.3.1/thumb/v6-m/nofp\libgcc.a(_udivsi3.o)
                0x08000108                __aeabi_uidiv
                0x08000108                __udivsi3
                0x08000214                __aeabi_uidivmod
 .text          0x0800021c        0x4 D:/Arm/STM32CubeCLT_1.15.1/GNU-tools-for-STM32/bin/../lib/gcc/arm-none-eabi/12.3.1/thumb/v6-m/nofp\libgcc.a(_dvmd_tls.o)
                0x0800021c                __aeabi_idiv0
                0x0800021c                __aeabi_ldiv0
 .text          0x08000220       0x7c D:/Arm/STM32CubeCLT_1.15.1/GNU-tools-for-STM32/bin/../lib/gcc/arm-none-eabi/12.3.1/thumb/v6-m/nofp\libgcc.a(_arm_cmpdf2.o)
                0x08000220                __aeabi_cdrcmple
                0x08000230                __aeabi_cdcmple
                0x08000230                __aeabi_cdcmpeq
                0x08000240                __aeabi_dcmpeq
                0x0800024c                __aeabi_dcmplt
                0x08000260                __aeabi_dcmple
                0x08000274                __aeabi_dcmpgt
                0x08000288                __aeabi_dcmpge
 .text          0x0800029c       0x3c D:/Arm/STM32CubeCLT_1.15.1/GNU-tools-for-STM32/bin/../lib/gcc/arm-none-eabi/12.3.1/thumb/v6-m/nofp\libgcc.a(_fixunsdfsi.o)
                0x0800029c                __aeabi_d2uiz
                0x0800029c                __fixunsdfsi
 .text          0x080002d8      0x6c8 D:/Arm/STM32CubeCLT_1.15.1/GNU-tools-for-STM32/bin/../lib/gcc/arm-none-eabi/12.3.1/thumb/v6-m/nofp\libgcc.a(adddf3.o)
                0x080002d8                __aeabi_dadd
 .text          0x080009a0      0x634 D:/Arm/STM32CubeCLT_1.15.1/GNU-tools-for-STM32/bin/../lib/gcc/arm-none-eabi/12.3.1/thumb/v6-m/nofp\libgcc.a(divdf3.o)
                0x080009a0                __aeabi_ddiv
 .text          0x08000fd4       0x88 D:/Arm/STM32CubeCLT_1.15.1/GNU-tools-for-STM32/bin/../lib/gcc/arm-none-eabi/12.3.1/thumb/v6-m/nofp\libgcc.a(eqdf2.o)
                0x08000fd4                __nedf2
                0x08000fd4                __eqdf2
 .text          0x0800105c       0xe8 D:/Arm/STM32CubeCLT_1.15.1/GNU-tools-for-STM32/bin/../lib/gcc/arm-none-eabi/12.3.1/thumb/v6-m/nofp\libgcc.a(gedf2.o)
                0x0800105c                __gedf2
                0x0800105c                __gtdf2
 .text          0x08001144       0xe4 D:/Arm/STM32CubeCLT_1.15.1/GNU-tools-for-STM32/bin/../lib/gcc/arm-none-eabi/12.3.1/thumb/v6-m/nofp\libgcc.a(ledf2.o)
                0x08001144                __ledf2
                0x08001144                __ltdf2
 .text          0x08001228      0x590 D:/Arm/STM32CubeCLT_1.15.1/GNU-tools-for-STM32/bin/../lib/gcc/arm-none-eabi/12.3.1/thumb/v6-m/nofp\libgcc.a(muldf3.o)
                0x08001228                __aeabi_dmul
 .text          0x080017b8      0x738 D:/Arm/STM32CubeCLT_1.15.1/GNU-tools-for-STM32/bin/../lib/gcc/arm-none-eabi/12.3.1/thumb/v6-m/nofp\libgcc.a(subdf3.o)
                0x080017b8                __aeabi_dsub
 .text          0x08001ef0       0x78 D:/Arm/STM32CubeCLT_1.15.1/GNU-tools-for-STM32/bin/../lib/gcc/arm-none-eabi/12.3.1/thumb/v6-m/nofp\libgcc.a(fixdfsi.o)
                0x08001ef0                __aeabi_d2iz
 .text          0x08001f68       0x5c D:/Arm/STM32CubeCLT_1.15.1/GNU-tools-for-STM32/bin/../lib/gcc/arm-none-eabi/12.3.1/thumb/v6-m/nofp\libgcc.a(floatsidf.o)
                0x08001f68                __aeabi_i2d
 .text          0x08001fc4       0x48 D:/Arm/STM32CubeCLT_1.15.1/GNU-tools-for-STM32/bin/../lib/gcc/arm-none-eabi/12.3.1/thumb/v6-m/nofp\libgcc.a(floatunsidf.o)
                0x08001fc4                __aeabi_ui2d
 .text          0x0800200c       0x3c D:/Arm/STM32CubeCLT_1.15.1/GNU-tools-for-STM32/bin/../lib/gcc/arm-none-eabi/12.3.1/thumb/v6-m/nofp\libgcc.a(_clzsi2.o)
                0x0800200c                __clzsi2
 .text          0x08002048        0xe D:/Arm/STM32CubeCLT_1.15.1/GNU-tools-for-STM32/bin/../lib/gcc/arm-none-eabi/12.3.1/../../../../arm-none-eabi/lib/thumb/v6-m/nofp\libg_nano.a(libc_a-strlen.o)
                0x08002048                strlen
 *fill*         0x08002056        0x2 
 .text          0x08002058       0x14 D:/Arm/STM32CubeCLT_1.15.1/GNU-tools-for-STM32/bin/../lib/gcc/arm-none-eabi/12.3.1/thumb/v6-m/nofp\libgcc.a(_thumb1_case_shi.o)
                0x08002058                __gnu_thumb1_case_shi
 *(.text*)
 .text.memset   0x0800206c       0x10 D:/Arm/STM32CubeCLT_1.15.1/GNU-tools-for-STM32/bin/../lib/gcc/arm-none-eabi/12.3.1/../../../../arm-none-eabi/lib/thumb/v6-m/nofp\libc_nano.a(libc_a-memset.o)
                0x0800206c                memset
 .text.__libc_init_array
                0x0800207c       0x48 D:/Arm/STM32CubeCLT_1.15.1/GNU-tools-for-STM32/bin/../lib/gcc/arm-none-eabi/12.3.1/../../../../arm-none-eabi/lib/thumb/v6-m/nofp\libc_nano.a(libc_a-init.o)
                0x0800207c                __libc_init_array
 .text.__retarget_lock_acquire_recursive
                0x080020c4        0x2 D:/Arm/STM32CubeCLT_1.15.1/GNU-tools-for-STM32/bin/../lib/gcc/arm-none-eabi/12.3.1/../../../../arm-none-eabi/lib/thumb/v6-m/nofp\libc_nano.a(libc_a-lock.o)
                0x080020c4                __retarget_lock_acquire_recursive
 .text.__retarget_lock_release_recursive
                0x080020c6        0x2 D:/Arm/STM32CubeCLT_1.15.1/GNU-tools-for-STM32/bin/../lib/gcc/arm-none-eabi/12.3.1/../../../../arm-none-eabi/lib/thumb/v6-m/nofp\libc_nano.a(libc_a-lock.o)
                0x080020c6                __retarget_lock_release_recursive
 .text._free_r  0x080020c8       0x94 D:/Arm/STM32CubeCLT_1.15.1/GNU-tools-for-STM32/bin/../lib/gcc/arm-none-eabi/12.3.1/../../../../arm-none-eabi/lib/thumb/v6-m/nofp\libc_nano.a(libc_a-freer.o)
                0x080020c8                _free_r
 .text.sbrk_aligned
                0x0800215c       0x44 D:/Arm/STM32CubeCLT_1.15.1/GNU-tools-for-STM32/bin/../lib/gcc/arm-none-eabi/12.3.1/../../../../arm-none-eabi/lib/thumb/v6-m/nofp\libc_nano.a(libc_a-mallocr.o)
 .text._malloc_r
                0x080021a0      0x100 D:/Arm/STM32CubeCLT_1.15.1/GNU-tools-for-STM32/bin/../lib/gcc/arm-none-eabi/12.3.1/../../../../arm-none-eabi/lib/thumb/v6-m/nofp\libc_nano.a(libc_a-mallocr.o)
                0x080021a0                _malloc_r
 .text.__malloc_lock
                0x080022a0       0x10 D:/Arm/STM32CubeCLT_1.15.1/GNU-tools-for-STM32/bin/../lib/gcc/arm-none-eabi/12.3.1/../../../../arm-none-eabi/lib/thumb/v6-m/nofp\libc_nano.a(libc_a-mlock.o)
                0x080022a0                __malloc_lock
 .text.__malloc_unlock
                0x080022b0       0x10 D:/Arm/STM32CubeCLT_1.15.1/GNU-tools-for-STM32/bin/../lib/gcc/arm-none-eabi/12.3.1/../../../../arm-none-eabi/lib/thumb/v6-m/nofp\libc_nano.a(libc_a-mlock.o)
                0x080022b0                __malloc_unlock
 .text._sbrk_r  0x080022c0       0x24 D:/Arm/STM32CubeCLT_1.15.1/GNU-tools-for-STM32/bin/../lib/gcc/arm-none-eabi/12.3.1/../../../../arm-none-eabi/lib/thumb/v6-m/nofp\libc_nano.a(libc_a-sbrkr.o)
                0x080022c0                _sbrk_r
 .text.LedToggle
                0x080022e4       0x30 CMakeFiles/Lora_test.dir/Core/Src/main.c.obj
                0x080022e4                LedToggle
 .text.OnMaster
                0x08002314       0xc8 CMakeFiles/Lora_test.dir/Core/Src/main.c.obj
                0x08002314                OnMaster
 .text.OnSlave  0x080023dc       0x70 CMakeFiles/Lora_test.dir/Core/Src/main.c.obj
                0x080023dc                OnSlave
 .text.main     0x0800244c       0xb0 CMakeFiles/Lora_test.dir/Core/Src/main.c.obj
                0x0800244c                main
 .text.SystemClock_Config
                0x080024fc       0xd0 CMakeFiles/Lora_test.dir/Core/Src/main.c.obj
                0x080024fc                SystemClock_Config
 .text.Error_Handler
                0x080025cc        0xc CMakeFiles/Lora_test.dir/Core/Src/main.c.obj
                0x080025cc                Error_Handler
 .text.HAL_Delay_nMs
                0x080025d8       0x18 CMakeFiles/Lora_test.dir/Core/Src/delay.c.obj
                0x080025d8                HAL_Delay_nMs
 .text.SX1276Init
                0x080025f0       0x6c CMakeFiles/Lora_test.dir/Radio/Src/sx1276.c.obj
                0x080025f0                SX1276Init
 .text.SX1276Reset
                0x0800265c       0x4c CMakeFiles/Lora_test.dir/Radio/Src/sx1276.c.obj
                0x0800265c                SX1276Reset
 .text.SX1276SetLoRaOn
                0x080026a8       0xe4 CMakeFiles/Lora_test.dir/Radio/Src/sx1276.c.obj
                0x080026a8                SX1276SetLoRaOn
 .text.SX1276StartRx
                0x0800278c       0x2c CMakeFiles/Lora_test.dir/Radio/Src/sx1276.c.obj
                0x0800278c                SX1276StartRx
 .text.SX1276StartTx
                0x080027b8       0x2c CMakeFiles/Lora_test.dir/Radio/Src/sx1276.c.obj
                0x080027b8                SX1276StartTx
 .text.SX1276GetRxPacket
                0x080027e4       0x40 CMakeFiles/Lora_test.dir/Radio/Src/sx1276.c.obj
                0x080027e4                SX1276GetRxPacket
 .text.SX1276SetTxPacket
                0x08002824       0x48 CMakeFiles/Lora_test.dir/Radio/Src/sx1276.c.obj
                0x08002824                SX1276SetTxPacket
 .text.SX1276Process
                0x0800286c       0x2c CMakeFiles/Lora_test.dir/Radio/Src/sx1276.c.obj
                0x0800286c                SX1276Process
 .text.SX1276EnterCadMode
                0x08002898       0x24 CMakeFiles/Lora_test.dir/Radio/Src/sx1276.c.obj
                0x08002898                SX1276EnterCadMode
 .text.SX1276ParameterChange
                0x080028bc       0x30 CMakeFiles/Lora_test.dir/Radio/Src/sx1276.c.obj
                0x080028bc                SX1276ParameterChange
 .text.SpiWriteData
                0x080028ec       0x54 CMakeFiles/Lora_test.dir/Radio/Src/sx1276-Hal.c.obj
                0x080028ec                SpiWriteData
 .text.SpiReadData
                0x08002940       0x58 CMakeFiles/Lora_test.dir/Radio/Src/sx1276-Hal.c.obj
                0x08002940                SpiReadData
 .text.SX1276SetReset
                0x08002998       0x3c CMakeFiles/Lora_test.dir/Radio/Src/sx1276-Hal.c.obj
                0x08002998                SX1276SetReset
 .text.SX1276Write
                0x080029d4       0x28 CMakeFiles/Lora_test.dir/Radio/Src/sx1276-Hal.c.obj
                0x080029d4                SX1276Write
 .text.SX1276Read
                0x080029fc       0x24 CMakeFiles/Lora_test.dir/Radio/Src/sx1276-Hal.c.obj
                0x080029fc                SX1276Read
 .text.SX1276WriteBuffer
                0x08002a20       0x6c CMakeFiles/Lora_test.dir/Radio/Src/sx1276-Hal.c.obj
                0x08002a20                SX1276WriteBuffer
 .text.SX1276ReadBuffer
                0x08002a8c       0x6c CMakeFiles/Lora_test.dir/Radio/Src/sx1276-Hal.c.obj
                0x08002a8c                SX1276ReadBuffer
 .text.SX1276WriteFifo
                0x08002af8       0x24 CMakeFiles/Lora_test.dir/Radio/Src/sx1276-Hal.c.obj
                0x08002af8                SX1276WriteFifo
 .text.SX1276ReadFifo
                0x08002b1c       0x24 CMakeFiles/Lora_test.dir/Radio/Src/sx1276-Hal.c.obj
                0x08002b1c                SX1276ReadFifo
 .text.SX1276ReadDio0
                0x08002b40       0x18 CMakeFiles/Lora_test.dir/Radio/Src/sx1276-Hal.c.obj
                0x08002b40                SX1276ReadDio0
 .text.SX1276ReadDio1
                0x08002b58       0x18 CMakeFiles/Lora_test.dir/Radio/Src/sx1276-Hal.c.obj
                0x08002b58                SX1276ReadDio1
 .text.SX1276ReadDio2
                0x08002b70       0x18 CMakeFiles/Lora_test.dir/Radio/Src/sx1276-Hal.c.obj
                0x08002b70                SX1276ReadDio2
 .text.SX1276ReadDio3
                0x08002b88       0x1c CMakeFiles/Lora_test.dir/Radio/Src/sx1276-Hal.c.obj
                0x08002b88                SX1276ReadDio3
 .text.SX1276ReadDio4
                0x08002ba4        0xc CMakeFiles/Lora_test.dir/Radio/Src/sx1276-Hal.c.obj
                0x08002ba4                SX1276ReadDio4
 .text.SX1276WriteRxTx
                0x08002bb0       0x14 CMakeFiles/Lora_test.dir/Radio/Src/sx1276-Hal.c.obj
                0x08002bb0                SX1276WriteRxTx
 .text.SX1276LoRaInit
                0x08002bc4       0xf8 CMakeFiles/Lora_test.dir/Radio/Src/sx1276-LoRa.c.obj
                0x08002bc4                SX1276LoRaInit
 .text.SX1276LoRaSetDefaults
                0x08002cbc       0x1c CMakeFiles/Lora_test.dir/Radio/Src/sx1276-LoRa.c.obj
                0x08002cbc                SX1276LoRaSetDefaults
 .text.SX1276LoRaSetOpMode
                0x08002cd8       0xac CMakeFiles/Lora_test.dir/Radio/Src/sx1276-LoRa.c.obj
                0x08002cd8                SX1276LoRaSetOpMode
 .text.SX1276LoRaReadRxGain
                0x08002d84       0x28 CMakeFiles/Lora_test.dir/Radio/Src/sx1276-LoRa.c.obj
                0x08002d84                SX1276LoRaReadRxGain
 .text.SX1276LoRaGetRxPacket
                0x08002dac       0x48 CMakeFiles/Lora_test.dir/Radio/Src/sx1276-LoRa.c.obj
                0x08002dac                SX1276LoRaGetRxPacket
 .text.SX1276LoRaSetTxPacket
                0x08002df4       0x40 CMakeFiles/Lora_test.dir/Radio/Src/sx1276-LoRa.c.obj
                0x08002df4                SX1276LoRaSetTxPacket
 .text.SX1276LoRaSetRFState
                0x08002e34       0x20 CMakeFiles/Lora_test.dir/Radio/Src/sx1276-LoRa.c.obj
                0x08002e34                SX1276LoRaSetRFState
 .text.SX1276LoRaProcess
                0x08002e54      0x758 CMakeFiles/Lora_test.dir/Radio/Src/sx1276-LoRa.c.obj
                0x08002e54                SX1276LoRaProcess
 .text.SX1276LoRaEnterCadMode
                0x080035ac       0x20 CMakeFiles/Lora_test.dir/Radio/Src/sx1276-LoRa.c.obj
                0x080035ac                SX1276LoRaEnterCadMode
 .text.SX1276LoRaParameterChange
                0x080035cc       0x30 CMakeFiles/Lora_test.dir/Radio/Src/sx1276-LoRa.c.obj
                0x080035cc                SX1276LoRaParameterChange
 .text.SX1276LoRaSetRFFrequency
                0x080035fc       0x74 CMakeFiles/Lora_test.dir/Radio/Src/sx1276-LoRaMisc.c.obj
                0x080035fc                SX1276LoRaSetRFFrequency
 .text.SX1276LoRaSetRFPower
                0x08003670      0x184 CMakeFiles/Lora_test.dir/Radio/Src/sx1276-LoRaMisc.c.obj
                0x08003670                SX1276LoRaSetRFPower
 .text.SX1276LoRaSetSignalBandwidth
                0x080037f4       0x64 CMakeFiles/Lora_test.dir/Radio/Src/sx1276-LoRaMisc.c.obj
                0x080037f4                SX1276LoRaSetSignalBandwidth
 .text.SX1276LoRaSetSpreadingFactor
                0x08003858       0x98 CMakeFiles/Lora_test.dir/Radio/Src/sx1276-LoRaMisc.c.obj
                0x08003858                SX1276LoRaSetSpreadingFactor
 .text.SX1276LoRaSetErrorCoding
                0x080038f0       0x64 CMakeFiles/Lora_test.dir/Radio/Src/sx1276-LoRaMisc.c.obj
                0x080038f0                SX1276LoRaSetErrorCoding
 .text.SX1276LoRaSetPacketCrcOn
                0x08003954       0x64 CMakeFiles/Lora_test.dir/Radio/Src/sx1276-LoRaMisc.c.obj
                0x08003954                SX1276LoRaSetPacketCrcOn
 .text.SX1276LoRaSetImplicitHeaderOn
                0x080039b8       0x60 CMakeFiles/Lora_test.dir/Radio/Src/sx1276-LoRaMisc.c.obj
                0x080039b8                SX1276LoRaSetImplicitHeaderOn
 .text.SX1276LoRaSetPayloadLength
                0x08003a18       0x40 CMakeFiles/Lora_test.dir/Radio/Src/sx1276-LoRaMisc.c.obj
                0x08003a18                SX1276LoRaSetPayloadLength
 .text.SX1276LoRaSetPa20dBm
                0x08003a58       0x70 CMakeFiles/Lora_test.dir/Radio/Src/sx1276-LoRaMisc.c.obj
                0x08003a58                SX1276LoRaSetPa20dBm
 .text.SX1276LoRaSetPAOutput
                0x08003ac8       0x54 CMakeFiles/Lora_test.dir/Radio/Src/sx1276-LoRaMisc.c.obj
                0x08003ac8                SX1276LoRaSetPAOutput
 .text.SX1276LoRaSetSymbTimeout
                0x08003b1c       0x70 CMakeFiles/Lora_test.dir/Radio/Src/sx1276-LoRaMisc.c.obj
                0x08003b1c                SX1276LoRaSetSymbTimeout
 .text.SX1276LoRaSetLowDatarateOptimize
                0x08003b8c       0x5c CMakeFiles/Lora_test.dir/Radio/Src/sx1276-LoRaMisc.c.obj
                0x08003b8c                SX1276LoRaSetLowDatarateOptimize
 .text.SX1276LoRaSetNbTrigPeaks
                0x08003be8       0x5c CMakeFiles/Lora_test.dir/Radio/Src/sx1276-LoRaMisc.c.obj
                0x08003be8                SX1276LoRaSetNbTrigPeaks
 .text.SX1276LoRaSetSyncWord
                0x08003c44       0x74 CMakeFiles/Lora_test.dir/Radio/Src/sx1276-LoRaMisc.c.obj
                0x08003c44                SX1276LoRaSetSyncWord
 .text.SX1276FskSetOpMode
                0x08003cb8       0xac CMakeFiles/Lora_test.dir/Radio/Src/sx1276-Fsk.c.obj
                0x08003cb8                SX1276FskSetOpMode
 .text.SX1276FskReadAfc
                0x08003d64       0x50 CMakeFiles/Lora_test.dir/Radio/Src/sx1276-Fsk.c.obj
                0x08003d64                SX1276FskReadAfc
 .text.SX1276FskReadRxGain
                0x08003db4       0x28 CMakeFiles/Lora_test.dir/Radio/Src/sx1276-Fsk.c.obj
                0x08003db4                SX1276FskReadRxGain
 .text.SX1276FskReadRssi
                0x08003ddc       0x48 CMakeFiles/Lora_test.dir/Radio/Src/sx1276-Fsk.c.obj
                0x08003ddc                SX1276FskReadRssi
 .text.SX1276FskGetRxPacket
                0x08003e24       0x38 CMakeFiles/Lora_test.dir/Radio/Src/sx1276-Fsk.c.obj
                0x08003e24                SX1276FskGetRxPacket
 .text.SX1276FskSetTxPacket
                0x08003e5c       0x40 CMakeFiles/Lora_test.dir/Radio/Src/sx1276-Fsk.c.obj
                0x08003e5c                SX1276FskSetTxPacket
 .text.SX1276FskGetPacketPayloadSize
                0x08003e9c       0xa4 CMakeFiles/Lora_test.dir/Radio/Src/sx1276-Fsk.c.obj
                0x08003e9c                SX1276FskGetPacketPayloadSize
 .text.SX1276FskSetRFState
                0x08003f40       0x20 CMakeFiles/Lora_test.dir/Radio/Src/sx1276-Fsk.c.obj
                0x08003f40                SX1276FskSetRFState
 .text.SX1276FskProcess
                0x08003f60      0x6b0 CMakeFiles/Lora_test.dir/Radio/Src/sx1276-Fsk.c.obj
                0x08003f60                SX1276FskProcess
 .text.RadioDriverInit
                0x08004610       0x6c CMakeFiles/Lora_test.dir/Radio/Src/radio.c.obj
                0x08004610                RadioDriverInit
 .text.MX_GPIO_Init
                0x0800467c      0x1a4 CMakeFiles/Lora_test.dir/Core/Src/gpio.c.obj
                0x0800467c                MX_GPIO_Init
 .text.MX_SPI2_Init
                0x08004820       0x78 CMakeFiles/Lora_test.dir/Core/Src/spi.c.obj
                0x08004820                MX_SPI2_Init
 .text.HAL_SPI_MspInit
                0x08004898       0x9c CMakeFiles/Lora_test.dir/Core/Src/spi.c.obj
                0x08004898                HAL_SPI_MspInit
 .text.HAL_SPI_TransmitReceiveByte
                0x08004934       0x3e CMakeFiles/Lora_test.dir/Core/Src/spi.c.obj
                0x08004934                HAL_SPI_TransmitReceiveByte
 *fill*         0x08004972        0x2 
 .text.MX_USART1_UART_Init
                0x08004974       0x60 CMakeFiles/Lora_test.dir/Core/Src/usart.c.obj
                0x08004974                MX_USART1_UART_Init
 .text.HAL_UART_MspInit
                0x080049d4       0xc8 CMakeFiles/Lora_test.dir/Core/Src/usart.c.obj
                0x080049d4                HAL_UART_MspInit
 .text.NMI_Handler
                0x08004a9c        0x8 CMakeFiles/Lora_test.dir/Core/Src/stm32f0xx_it.c.obj
                0x08004a9c                NMI_Handler
 .text.HardFault_Handler
                0x08004aa4        0x8 CMakeFiles/Lora_test.dir/Core/Src/stm32f0xx_it.c.obj
                0x08004aa4                HardFault_Handler
 .text.SVC_Handler
                0x08004aac        0xa CMakeFiles/Lora_test.dir/Core/Src/stm32f0xx_it.c.obj
                0x08004aac                SVC_Handler
 .text.PendSV_Handler
                0x08004ab6        0xa CMakeFiles/Lora_test.dir/Core/Src/stm32f0xx_it.c.obj
                0x08004ab6                PendSV_Handler
 .text.SysTick_Handler
                0x08004ac0        0xe CMakeFiles/Lora_test.dir/Core/Src/stm32f0xx_it.c.obj
                0x08004ac0                SysTick_Handler
 .text.EXTI0_1_IRQHandler
                0x08004ace       0x10 CMakeFiles/Lora_test.dir/Core/Src/stm32f0xx_it.c.obj
                0x08004ace                EXTI0_1_IRQHandler
 *fill*         0x08004ade        0x2 
 .text.HAL_MspInit
                0x08004ae0       0x48 CMakeFiles/Lora_test.dir/Core/Src/stm32f0xx_hal_msp.c.obj
                0x08004ae0                HAL_MspInit
 .text.HAL_SPI_Init
                0x08004b28      0x1c8 CMakeFiles/Lora_test.dir/Drivers/STM32F0xx_HAL_Driver/Src/stm32f0xx_hal_spi.c.obj
                0x08004b28                HAL_SPI_Init
 .text.HAL_SPI_TransmitReceive
                0x08004cf0      0x624 CMakeFiles/Lora_test.dir/Drivers/STM32F0xx_HAL_Driver/Src/stm32f0xx_hal_spi.c.obj
                0x08004cf0                HAL_SPI_TransmitReceive
 .text.SPI_WaitFlagStateUntilTimeout
                0x08005314      0x11c CMakeFiles/Lora_test.dir/Drivers/STM32F0xx_HAL_Driver/Src/stm32f0xx_hal_spi.c.obj
 .text.SPI_WaitFifoStateUntilTimeout
                0x08005430      0x144 CMakeFiles/Lora_test.dir/Drivers/STM32F0xx_HAL_Driver/Src/stm32f0xx_hal_spi.c.obj
 .text.SPI_EndRxTxTransaction
                0x08005574       0x8c CMakeFiles/Lora_test.dir/Drivers/STM32F0xx_HAL_Driver/Src/stm32f0xx_hal_spi.c.obj
 .text.HAL_RCC_OscConfig
                0x08005600      0x634 CMakeFiles/Lora_test.dir/Drivers/STM32F0xx_HAL_Driver/Src/stm32f0xx_hal_rcc.c.obj
                0x08005600                HAL_RCC_OscConfig
 .text.HAL_RCC_ClockConfig
                0x08005c34      0x19c CMakeFiles/Lora_test.dir/Drivers/STM32F0xx_HAL_Driver/Src/stm32f0xx_hal_rcc.c.obj
                0x08005c34                HAL_RCC_ClockConfig
 .text.HAL_RCC_GetSysClockFreq
                0x08005dd0       0xb0 CMakeFiles/Lora_test.dir/Drivers/STM32F0xx_HAL_Driver/Src/stm32f0xx_hal_rcc.c.obj
                0x08005dd0                HAL_RCC_GetSysClockFreq
 .text.HAL_RCC_GetHCLKFreq
                0x08005e80       0x14 CMakeFiles/Lora_test.dir/Drivers/STM32F0xx_HAL_Driver/Src/stm32f0xx_hal_rcc.c.obj
                0x08005e80                HAL_RCC_GetHCLKFreq
 .text.HAL_RCC_GetPCLK1Freq
                0x08005e94       0x2c CMakeFiles/Lora_test.dir/Drivers/STM32F0xx_HAL_Driver/Src/stm32f0xx_hal_rcc.c.obj
                0x08005e94                HAL_RCC_GetPCLK1Freq
 .text.HAL_RCCEx_PeriphCLKConfig
                0x08005ec0      0x19c CMakeFiles/Lora_test.dir/Drivers/STM32F0xx_HAL_Driver/Src/stm32f0xx_hal_rcc_ex.c.obj
                0x08005ec0                HAL_RCCEx_PeriphCLKConfig
 .text.HAL_Init
                0x0800605c       0x28 CMakeFiles/Lora_test.dir/Drivers/STM32F0xx_HAL_Driver/Src/stm32f0xx_hal.c.obj
                0x0800605c                HAL_Init
 .text.HAL_InitTick
                0x08006084       0x68 CMakeFiles/Lora_test.dir/Drivers/STM32F0xx_HAL_Driver/Src/stm32f0xx_hal.c.obj
                0x08006084                HAL_InitTick
 .text.HAL_IncTick
                0x080060ec       0x24 CMakeFiles/Lora_test.dir/Drivers/STM32F0xx_HAL_Driver/Src/stm32f0xx_hal.c.obj
                0x080060ec                HAL_IncTick
 .text.HAL_GetTick
                0x08006110       0x14 CMakeFiles/Lora_test.dir/Drivers/STM32F0xx_HAL_Driver/Src/stm32f0xx_hal.c.obj
                0x08006110                HAL_GetTick
 .text.HAL_Delay
                0x08006124       0x48 CMakeFiles/Lora_test.dir/Drivers/STM32F0xx_HAL_Driver/Src/stm32f0xx_hal.c.obj
                0x08006124                HAL_Delay
 .text.HAL_GPIO_Init
                0x0800616c      0x2e0 CMakeFiles/Lora_test.dir/Drivers/STM32F0xx_HAL_Driver/Src/stm32f0xx_hal_gpio.c.obj
                0x0800616c                HAL_GPIO_Init
 .text.HAL_GPIO_ReadPin
                0x0800644c       0x3a CMakeFiles/Lora_test.dir/Drivers/STM32F0xx_HAL_Driver/Src/stm32f0xx_hal_gpio.c.obj
                0x0800644c                HAL_GPIO_ReadPin
 .text.HAL_GPIO_WritePin
                0x08006486       0x3a CMakeFiles/Lora_test.dir/Drivers/STM32F0xx_HAL_Driver/Src/stm32f0xx_hal_gpio.c.obj
                0x08006486                HAL_GPIO_WritePin
 .text.HAL_GPIO_EXTI_IRQHandler
                0x080064c0       0x38 CMakeFiles/Lora_test.dir/Drivers/STM32F0xx_HAL_Driver/Src/stm32f0xx_hal_gpio.c.obj
                0x080064c0                HAL_GPIO_EXTI_IRQHandler
 .text.HAL_GPIO_EXTI_Callback
                0x080064f8       0x14 CMakeFiles/Lora_test.dir/Drivers/STM32F0xx_HAL_Driver/Src/stm32f0xx_hal_gpio.c.obj
                0x080064f8                HAL_GPIO_EXTI_Callback
 .text.__NVIC_EnableIRQ
                0x0800650c       0x34 CMakeFiles/Lora_test.dir/Drivers/STM32F0xx_HAL_Driver/Src/stm32f0xx_hal_cortex.c.obj
 .text.__NVIC_SetPriority
                0x08006540       0xdc CMakeFiles/Lora_test.dir/Drivers/STM32F0xx_HAL_Driver/Src/stm32f0xx_hal_cortex.c.obj
 .text.SysTick_Config
                0x0800661c       0x48 CMakeFiles/Lora_test.dir/Drivers/STM32F0xx_HAL_Driver/Src/stm32f0xx_hal_cortex.c.obj
 .text.HAL_NVIC_SetPriority
                0x08006664       0x2a CMakeFiles/Lora_test.dir/Drivers/STM32F0xx_HAL_Driver/Src/stm32f0xx_hal_cortex.c.obj
                0x08006664                HAL_NVIC_SetPriority
 .text.HAL_NVIC_EnableIRQ
                0x0800668e       0x20 CMakeFiles/Lora_test.dir/Drivers/STM32F0xx_HAL_Driver/Src/stm32f0xx_hal_cortex.c.obj
                0x0800668e                HAL_NVIC_EnableIRQ
 .text.HAL_SYSTICK_Config
                0x080066ae       0x1a CMakeFiles/Lora_test.dir/Drivers/STM32F0xx_HAL_Driver/Src/stm32f0xx_hal_cortex.c.obj
                0x080066ae                HAL_SYSTICK_Config
 .text.HAL_SYSTICK_CLKSourceConfig
                0x080066c8       0x34 CMakeFiles/Lora_test.dir/Drivers/STM32F0xx_HAL_Driver/Src/stm32f0xx_hal_cortex.c.obj
                0x080066c8                HAL_SYSTICK_CLKSourceConfig
 .text.HAL_UART_Init
                0x080066fc       0xa8 CMakeFiles/Lora_test.dir/Drivers/STM32F0xx_HAL_Driver/Src/stm32f0xx_hal_uart.c.obj
                0x080066fc                HAL_UART_Init
 .text.HAL_UART_Transmit
                0x080067a4      0x13e CMakeFiles/Lora_test.dir/Drivers/STM32F0xx_HAL_Driver/Src/stm32f0xx_hal_uart.c.obj
                0x080067a4                HAL_UART_Transmit
 *fill*         0x080068e2        0x2 
 .text.UART_SetConfig
                0x080068e4      0x280 CMakeFiles/Lora_test.dir/Drivers/STM32F0xx_HAL_Driver/Src/stm32f0xx_hal_uart.c.obj
                0x080068e4                UART_SetConfig
 .text.UART_AdvFeatureConfig
                0x08006b64      0x168 CMakeFiles/Lora_test.dir/Drivers/STM32F0xx_HAL_Driver/Src/stm32f0xx_hal_uart.c.obj
                0x08006b64                UART_AdvFeatureConfig
 .text.UART_CheckIdleState
                0x08006ccc      0x150 CMakeFiles/Lora_test.dir/Drivers/STM32F0xx_HAL_Driver/Src/stm32f0xx_hal_uart.c.obj
                0x08006ccc                UART_CheckIdleState
 .text.UART_WaitOnFlagUntilTimeout
                0x08006e1c       0xde CMakeFiles/Lora_test.dir/Drivers/STM32F0xx_HAL_Driver/Src/stm32f0xx_hal_uart.c.obj
                0x08006e1c                UART_WaitOnFlagUntilTimeout
 *fill*         0x08006efa        0x2 
 .text.UART_EndRxTransfer
                0x08006efc       0xc8 CMakeFiles/Lora_test.dir/Drivers/STM32F0xx_HAL_Driver/Src/stm32f0xx_hal_uart.c.obj
 .text.SystemInit
                0x08006fc4        0xa CMakeFiles/Lora_test.dir/Core/Src/system_stm32f0xx.c.obj
                0x08006fc4                SystemInit
 *fill*         0x08006fce        0x2 
 .text._sbrk    0x08006fd0       0x6c CMakeFiles/Lora_test.dir/Core/Src/sysmem.c.obj
                0x08006fd0                _sbrk
 .text.Reset_Handler
                0x0800703c       0x50 CMakeFiles/Lora_test.dir/startup_stm32f030x8.s.obj
                0x0800703c                Reset_Handler
 .text.Default_Handler
                0x0800708c        0x2 CMakeFiles/Lora_test.dir/startup_stm32f030x8.s.obj
                0x0800708c                TIM1_CC_IRQHandler
                0x0800708c                TIM6_IRQHandler
                0x0800708c                I2C1_IRQHandler
                0x0800708c                SPI1_IRQHandler
                0x0800708c                EXTI2_3_IRQHandler
                0x0800708c                ADC1_IRQHandler
                0x0800708c                I2C2_IRQHandler
                0x0800708c                TIM17_IRQHandler
                0x0800708c                RTC_IRQHandler
                0x0800708c                TIM16_IRQHandler
                0x0800708c                TIM3_IRQHandler
                0x0800708c                EXTI4_15_IRQHandler
                0x0800708c                RCC_IRQHandler
                0x0800708c                DMA1_Channel1_IRQHandler
                0x0800708c                Default_Handler
                0x0800708c                TIM14_IRQHandler
                0x0800708c                DMA1_Channel4_5_IRQHandler
                0x0800708c                TIM15_IRQHandler
                0x0800708c                SPI2_IRQHandler
                0x0800708c                WWDG_IRQHandler
                0x0800708c                DMA1_Channel2_3_IRQHandler
                0x0800708c                USART2_IRQHandler
                0x0800708c                FLASH_IRQHandler
                0x0800708c                USART1_IRQHandler
                0x0800708c                TIM1_BRK_UP_TRG_COM_IRQHandler
 *fill*         0x0800708e        0x2 
 .text.snprintf
                0x08007090       0x68 D:/Arm/STM32CubeCLT_1.15.1/GNU-tools-for-STM32/bin/../lib/gcc/arm-none-eabi/12.3.1/../../../../arm-none-eabi/lib/thumb/v6-m/nofp\libg_nano.a(libc_a-snprintf.o)
                0x08007090                sniprintf
                0x08007090                snprintf
 .text.strncpy  0x080070f8       0x28 D:/Arm/STM32CubeCLT_1.15.1/GNU-tools-for-STM32/bin/../lib/gcc/arm-none-eabi/12.3.1/../../../../arm-none-eabi/lib/thumb/v6-m/nofp\libg_nano.a(libc_a-strncpy.o)
                0x080070f8                strncpy
 .text.__errno  0x08007120        0xc D:/Arm/STM32CubeCLT_1.15.1/GNU-tools-for-STM32/bin/../lib/gcc/arm-none-eabi/12.3.1/../../../../arm-none-eabi/lib/thumb/v6-m/nofp\libg_nano.a(libc_a-errno.o)
                0x08007120                __errno
 .text.memcpy   0x0800712c       0x12 D:/Arm/STM32CubeCLT_1.15.1/GNU-tools-for-STM32/bin/../lib/gcc/arm-none-eabi/12.3.1/../../../../arm-none-eabi/lib/thumb/v6-m/nofp\libg_nano.a(libc_a-memcpy-stub.o)
                0x0800712c                memcpy
 *fill*         0x0800713e        0x2 
 .text.__ssputs_r
                0x08007140       0xc0 D:/Arm/STM32CubeCLT_1.15.1/GNU-tools-for-STM32/bin/../lib/gcc/arm-none-eabi/12.3.1/../../../../arm-none-eabi/lib/thumb/v6-m/nofp\libg_nano.a(libc_a-nano-svfprintf.o)
                0x08007140                __ssputs_r
 .text._svfprintf_r
                0x08007200      0x1fc D:/Arm/STM32CubeCLT_1.15.1/GNU-tools-for-STM32/bin/../lib/gcc/arm-none-eabi/12.3.1/../../../../arm-none-eabi/lib/thumb/v6-m/nofp\libg_nano.a(libc_a-nano-svfprintf.o)
                0x08007200                _svfiprintf_r
                0x08007200                _svfprintf_r
 .text._printf_common
                0x080073fc       0xde D:/Arm/STM32CubeCLT_1.15.1/GNU-tools-for-STM32/bin/../lib/gcc/arm-none-eabi/12.3.1/../../../../arm-none-eabi/lib/thumb/v6-m/nofp\libg_nano.a(libc_a-nano-vfprintf_i.o)
                0x080073fc                _printf_common
 *fill*         0x080074da        0x2 
 .text._printf_i
                0x080074dc      0x21c D:/Arm/STM32CubeCLT_1.15.1/GNU-tools-for-STM32/bin/../lib/gcc/arm-none-eabi/12.3.1/../../../../arm-none-eabi/lib/thumb/v6-m/nofp\libg_nano.a(libc_a-nano-vfprintf_i.o)
                0x080074dc                _printf_i
 .text.memmove  0x080076f8       0x26 D:/Arm/STM32CubeCLT_1.15.1/GNU-tools-for-STM32/bin/../lib/gcc/arm-none-eabi/12.3.1/../../../../arm-none-eabi/lib/thumb/v6-m/nofp\libg_nano.a(libc_a-memmove.o)
                0x080076f8                memmove
 .text.memchr   0x0800771e       0x16 D:/Arm/STM32CubeCLT_1.15.1/GNU-tools-for-STM32/bin/../lib/gcc/arm-none-eabi/12.3.1/../../../../arm-none-eabi/lib/thumb/v6-m/nofp\libg_nano.a(libc_a-memchr-stub.o)
                0x0800771e                memchr
 .text._realloc_r
                0x08007734       0x5e D:/Arm/STM32CubeCLT_1.15.1/GNU-tools-for-STM32/bin/../lib/gcc/arm-none-eabi/12.3.1/../../../../arm-none-eabi/lib/thumb/v6-m/nofp\libg_nano.a(libc_a-reallocr.o)
                0x08007734                _realloc_r
 .text._malloc_usable_size_r
                0x08007792       0x10 D:/Arm/STM32CubeCLT_1.15.1/GNU-tools-for-STM32/bin/../lib/gcc/arm-none-eabi/12.3.1/../../../../arm-none-eabi/lib/thumb/v6-m/nofp\libg_nano.a(libc_a-msizer.o)
                0x08007792                _malloc_usable_size_r
 *fill*         0x080077a2        0x2 
 .text.round    0x080077a4       0x90 D:/Arm/STM32CubeCLT_1.15.1/GNU-tools-for-STM32/bin/../lib/gcc/arm-none-eabi/12.3.1/../../../../arm-none-eabi/lib/thumb/v6-m/nofp\libm.a(libm_a-s_round.o)
                0x080077a4                round
 *(.glue_7)
 .glue_7        0x08007834        0x0 linker stubs
 *(.glue_7t)
 .glue_7t       0x08007834        0x0 linker stubs
 *(.eh_frame)
 .eh_frame      0x08007834        0x0 D:/Arm/STM32CubeCLT_1.15.1/GNU-tools-for-STM32/bin/../lib/gcc/arm-none-eabi/12.3.1/thumb/v6-m/nofp/crtbegin.o
 *(.init)
 .init          0x08007834        0x4 D:/Arm/STM32CubeCLT_1.15.1/GNU-tools-for-STM32/bin/../lib/gcc/arm-none-eabi/12.3.1/thumb/v6-m/nofp/crti.o
                0x08007834                _init
 .init          0x08007838        0x8 D:/Arm/STM32CubeCLT_1.15.1/GNU-tools-for-STM32/bin/../lib/gcc/arm-none-eabi/12.3.1/thumb/v6-m/nofp/crtn.o
 *(.fini)
 .fini          0x08007840        0x4 D:/Arm/STM32CubeCLT_1.15.1/GNU-tools-for-STM32/bin/../lib/gcc/arm-none-eabi/12.3.1/thumb/v6-m/nofp/crti.o
                0x08007840                _fini
 .fini          0x08007844        0x8 D:/Arm/STM32CubeCLT_1.15.1/GNU-tools-for-STM32/bin/../lib/gcc/arm-none-eabi/12.3.1/thumb/v6-m/nofp/crtn.o
                0x0800784c                        . = ALIGN (0x4)
                0x0800784c                        _etext = .

.vfp11_veneer   0x0800784c        0x0
 .vfp11_veneer  0x0800784c        0x0 linker stubs

.v4_bx          0x0800784c        0x0
 .v4_bx         0x0800784c        0x0 linker stubs

.iplt           0x0800784c        0x0
 .iplt          0x0800784c        0x0 D:/Arm/STM32CubeCLT_1.15.1/GNU-tools-for-STM32/bin/../lib/gcc/arm-none-eabi/12.3.1/thumb/v6-m/nofp/crtbegin.o

.rodata         0x0800784c      0x24c
                0x0800784c                        . = ALIGN (0x4)
 *(.rodata)
 .rodata        0x0800784c        0xb CMakeFiles/Lora_test.dir/Core/Src/main.c.obj
 *fill*         0x08007857        0x1 
 .rodata        0x08007858       0x29 CMakeFiles/Lora_test.dir/Radio/Src/sx1276-LoRa.c.obj
 *fill*         0x08007881        0x3 
 .rodata        0x08007884       0x33 CMakeFiles/Lora_test.dir/Radio/Src/sx1276-LoRaMisc.c.obj
 *fill*         0x080078b7        0x1 
 .rodata        0x080078b8       0x40 D:/Arm/STM32CubeCLT_1.15.1/GNU-tools-for-STM32/bin/../lib/gcc/arm-none-eabi/12.3.1/thumb/v6-m/nofp\libgcc.a(divdf3.o)
 *(.rodata*)
 .rodata.PingMsg
                0x080078f8        0xb CMakeFiles/Lora_test.dir/Core/Src/main.c.obj
                0x080078f8                PingMsg
 *fill*         0x08007903        0x1 
 .rodata.HoppingFrequencies
                0x08007904       0xcc CMakeFiles/Lora_test.dir/Radio/Src/sx1276-LoRa.c.obj
                0x08007904                HoppingFrequencies
 .rodata.SX1276LoRaProcess
                0x080079d0       0x2c CMakeFiles/Lora_test.dir/Radio/Src/sx1276-LoRa.c.obj
 .rodata.SX1276FskProcess
                0x080079fc       0x30 CMakeFiles/Lora_test.dir/Radio/Src/sx1276-Fsk.c.obj
 .rodata.aPLLMULFactorTable.1
                0x08007a2c       0x10 CMakeFiles/Lora_test.dir/Drivers/STM32F0xx_HAL_Driver/Src/stm32f0xx_hal_rcc.c.obj
 .rodata.aPredivFactorTable.0
                0x08007a3c       0x10 CMakeFiles/Lora_test.dir/Drivers/STM32F0xx_HAL_Driver/Src/stm32f0xx_hal_rcc.c.obj
 .rodata.AHBPrescTable
                0x08007a4c       0x10 CMakeFiles/Lora_test.dir/Core/Src/system_stm32f0xx.c.obj
                0x08007a4c                AHBPrescTable
 .rodata.APBPrescTable
                0x08007a5c        0x8 CMakeFiles/Lora_test.dir/Core/Src/system_stm32f0xx.c.obj
                0x08007a5c                APBPrescTable
 .rodata._svfprintf_r.str1.1
                0x08007a64       0x11 D:/Arm/STM32CubeCLT_1.15.1/GNU-tools-for-STM32/bin/../lib/gcc/arm-none-eabi/12.3.1/../../../../arm-none-eabi/lib/thumb/v6-m/nofp\libg_nano.a(libc_a-nano-svfprintf.o)
 .rodata._printf_i.str1.1
                0x08007a75       0x22 D:/Arm/STM32CubeCLT_1.15.1/GNU-tools-for-STM32/bin/../lib/gcc/arm-none-eabi/12.3.1/../../../../arm-none-eabi/lib/thumb/v6-m/nofp\libg_nano.a(libc_a-nano-vfprintf_i.o)
                0x08007a98                        . = ALIGN (0x4)
 *fill*         0x08007a97        0x1 

.rel.dyn        0x08007a98        0x0
 .rel.iplt      0x08007a98        0x0 D:/Arm/STM32CubeCLT_1.15.1/GNU-tools-for-STM32/bin/../lib/gcc/arm-none-eabi/12.3.1/thumb/v6-m/nofp/crtbegin.o

.ARM.extab
 *(.ARM.extab* .gnu.linkonce.armextab.*)

.ARM            0x08007a98        0x0
                0x08007a98                        __exidx_start = .
 *(.ARM.exidx*)
                0x08007a98                        __exidx_end = .

.preinit_array  0x08007a98        0x0
                0x08007a98                        PROVIDE (__preinit_array_start = .)
 *(.preinit_array*)
                0x08007a98                        PROVIDE (__preinit_array_end = .)

.init_array     0x08007a98        0x4
                0x08007a98                        PROVIDE (__init_array_start = .)
 *(SORT_BY_NAME(.init_array.*))
 *(.init_array*)
 .init_array    0x08007a98        0x4 D:/Arm/STM32CubeCLT_1.15.1/GNU-tools-for-STM32/bin/../lib/gcc/arm-none-eabi/12.3.1/thumb/v6-m/nofp/crtbegin.o
                0x08007a9c                        PROVIDE (__init_array_end = .)

.fini_array     0x08007a9c        0x4
                [!provide]                        PROVIDE (__fini_array_start = .)
 *(SORT_BY_NAME(.fini_array.*))
 *(.fini_array*)
 .fini_array    0x08007a9c        0x4 D:/Arm/STM32CubeCLT_1.15.1/GNU-tools-for-STM32/bin/../lib/gcc/arm-none-eabi/12.3.1/thumb/v6-m/nofp/crtbegin.o
                [!provide]                        PROVIDE (__fini_array_end = .)
                0x08007aa0                        _sidata = LOADADDR (.data)

.data           0x20000000       0x9c load address 0x08007aa0
                0x20000000                        . = ALIGN (0x4)
                0x20000000                        _sdata = .
 *(.data)
 *(.data*)
 .data._impure_ptr
                0x20000000        0x4 D:/Arm/STM32CubeCLT_1.15.1/GNU-tools-for-STM32/bin/../lib/gcc/arm-none-eabi/12.3.1/../../../../arm-none-eabi/lib/thumb/v6-m/nofp\libc_nano.a(libc_a-impure.o)
                0x20000000                _impure_ptr
 .data._impure_data
                0x20000004       0x4c D:/Arm/STM32CubeCLT_1.15.1/GNU-tools-for-STM32/bin/../lib/gcc/arm-none-eabi/12.3.1/../../../../arm-none-eabi/lib/thumb/v6-m/nofp\libc_nano.a(libc_a-impure.o)
                0x20000004                _impure_data
 .data.LoRaSettings
                0x20000050       0x1c CMakeFiles/Lora_test.dir/Radio/Src/sx1276-LoRa.c.obj
                0x20000050                LoRaSettings
 .data.RxGain   0x2000006c        0x1 CMakeFiles/Lora_test.dir/Radio/Src/sx1276-LoRa.c.obj
 .data.opModePrev.1
                0x2000006d        0x1 CMakeFiles/Lora_test.dir/Radio/Src/sx1276-LoRa.c.obj
 .data.antennaSwitchTxOnPrev.0
                0x2000006e        0x1 CMakeFiles/Lora_test.dir/Radio/Src/sx1276-LoRa.c.obj
 *fill*         0x2000006f        0x1 
 .data.FskSettings
                0x20000070       0x1c CMakeFiles/Lora_test.dir/Radio/Src/sx1276-Fsk.c.obj
                0x20000070                FskSettings
 .data.DataChunkSize
                0x2000008c        0x1 CMakeFiles/Lora_test.dir/Radio/Src/sx1276-Fsk.c.obj
 .data.RxGain   0x2000008d        0x1 CMakeFiles/Lora_test.dir/Radio/Src/sx1276-Fsk.c.obj
 .data.opModePrev.1
                0x2000008e        0x1 CMakeFiles/Lora_test.dir/Radio/Src/sx1276-Fsk.c.obj
 .data.antennaSwitchTxOnPrev.0
                0x2000008f        0x1 CMakeFiles/Lora_test.dir/Radio/Src/sx1276-Fsk.c.obj
 .data.uwTickPrio
                0x20000090        0x4 CMakeFiles/Lora_test.dir/Drivers/STM32F0xx_HAL_Driver/Src/stm32f0xx_hal.c.obj
                0x20000090                uwTickPrio
 .data.uwTickFreq
                0x20000094        0x1 CMakeFiles/Lora_test.dir/Drivers/STM32F0xx_HAL_Driver/Src/stm32f0xx_hal.c.obj
                0x20000094                uwTickFreq
 *fill*         0x20000095        0x3 
 .data.SystemCoreClock
                0x20000098        0x4 CMakeFiles/Lora_test.dir/Core/Src/system_stm32f0xx.c.obj
                0x20000098                SystemCoreClock
                0x2000009c                        . = ALIGN (0x4)
                0x2000009c                        _edata = .

.igot.plt       0x2000009c        0x0 load address 0x08007b3c
 .igot.plt      0x2000009c        0x0 D:/Arm/STM32CubeCLT_1.15.1/GNU-tools-for-STM32/bin/../lib/gcc/arm-none-eabi/12.3.1/thumb/v6-m/nofp/crtbegin.o
                0x2000009c                        . = ALIGN (0x4)

.bss            0x200000a0      0x4e4 load address 0x08007b3c
                0x200000a0                        _sbss = .
                0x200000a0                        __bss_start__ = _sbss
 *(.bss)
 .bss           0x200000a0       0x1c D:/Arm/STM32CubeCLT_1.15.1/GNU-tools-for-STM32/bin/../lib/gcc/arm-none-eabi/12.3.1/thumb/v6-m/nofp/crtbegin.o
 *(.bss*)
 .bss.__sf      0x200000bc      0x138 D:/Arm/STM32CubeCLT_1.15.1/GNU-tools-for-STM32/bin/../lib/gcc/arm-none-eabi/12.3.1/../../../../arm-none-eabi/lib/thumb/v6-m/nofp\libc_nano.a(libc_a-findfp.o)
                0x200000bc                __sf
 .bss.errno     0x200001f4        0x4 D:/Arm/STM32CubeCLT_1.15.1/GNU-tools-for-STM32/bin/../lib/gcc/arm-none-eabi/12.3.1/../../../../arm-none-eabi/lib/thumb/v6-m/nofp\libc_nano.a(libc_a-reent.o)
                0x200001f4                errno
 .bss.__lock___malloc_recursive_mutex
                0x200001f8        0x1 D:/Arm/STM32CubeCLT_1.15.1/GNU-tools-for-STM32/bin/../lib/gcc/arm-none-eabi/12.3.1/../../../../arm-none-eabi/lib/thumb/v6-m/nofp\libc_nano.a(libc_a-lock.o)
                0x200001f8                __lock___malloc_recursive_mutex
 *fill*         0x200001f9        0x3 
 .bss.__malloc_sbrk_start
                0x200001fc        0x4 D:/Arm/STM32CubeCLT_1.15.1/GNU-tools-for-STM32/bin/../lib/gcc/arm-none-eabi/12.3.1/../../../../arm-none-eabi/lib/thumb/v6-m/nofp\libc_nano.a(libc_a-mallocr.o)
                0x200001fc                __malloc_sbrk_start
 .bss.__malloc_free_list
                0x20000200        0x4 D:/Arm/STM32CubeCLT_1.15.1/GNU-tools-for-STM32/bin/../lib/gcc/arm-none-eabi/12.3.1/../../../../arm-none-eabi/lib/thumb/v6-m/nofp\libc_nano.a(libc_a-mallocr.o)
                0x20000200                __malloc_free_list
 .bss.Radio     0x20000204        0x4 CMakeFiles/Lora_test.dir/Core/Src/main.c.obj
                0x20000204                Radio
 .bss.num_rx    0x20000208        0x2 CMakeFiles/Lora_test.dir/Core/Src/main.c.obj
                0x20000208                num_rx
 *fill*         0x2000020a        0x2 
 .bss.RXBuffer  0x2000020c       0x64 CMakeFiles/Lora_test.dir/Core/Src/main.c.obj
                0x2000020c                RXBuffer
 .bss.TXBuffer  0x20000270       0x64 CMakeFiles/Lora_test.dir/Core/Src/main.c.obj
                0x20000270                TXBuffer
 .bss.masterSendCount
                0x200002d4        0x2 CMakeFiles/Lora_test.dir/Core/Src/main.c.obj
                0x200002d4                masterSendCount
 *fill*         0x200002d6        0x2 
 .bss.SX1276Regs
                0x200002d8       0x70 CMakeFiles/Lora_test.dir/Radio/Src/sx1276.c.obj
                0x200002d8                SX1276Regs
 .bss.LoRaOn    0x20000348        0x1 CMakeFiles/Lora_test.dir/Radio/Src/sx1276.c.obj
 .bss.LoRaOnState
                0x20000349        0x1 CMakeFiles/Lora_test.dir/Radio/Src/sx1276.c.obj
 *fill*         0x2000034a        0x2 
 .bss.SX1276LR  0x2000034c        0x4 CMakeFiles/Lora_test.dir/Radio/Src/sx1276-LoRa.c.obj
                0x2000034c                SX1276LR
 .bss.RFBuffer  0x20000350       0x64 CMakeFiles/Lora_test.dir/Radio/Src/sx1276-LoRa.c.obj
 .bss.RFLRState
                0x200003b4        0x1 CMakeFiles/Lora_test.dir/Radio/Src/sx1276-LoRa.c.obj
                0x200003b4                RFLRState
 *fill*         0x200003b5        0x1 
 .bss.RxPacketSize
                0x200003b6        0x2 CMakeFiles/Lora_test.dir/Radio/Src/sx1276-LoRa.c.obj
 .bss.RxPacketSnrEstimate
                0x200003b8        0x1 CMakeFiles/Lora_test.dir/Radio/Src/sx1276-LoRa.c.obj
 *fill*         0x200003b9        0x7 
 .bss.RxPacketRssiValue
                0x200003c0        0x8 CMakeFiles/Lora_test.dir/Radio/Src/sx1276-LoRa.c.obj
 .bss.RxTimeoutTimer
                0x200003c8        0x4 CMakeFiles/Lora_test.dir/Radio/Src/sx1276-LoRa.c.obj
 .bss.PacketTimeout
                0x200003cc        0x4 CMakeFiles/Lora_test.dir/Radio/Src/sx1276-LoRa.c.obj
 .bss.TxPacketSize
                0x200003d0        0x2 CMakeFiles/Lora_test.dir/Radio/Src/sx1276-LoRa.c.obj
 *fill*         0x200003d2        0x2 
 .bss.SX1276    0x200003d4        0x4 CMakeFiles/Lora_test.dir/Radio/Src/sx1276-Fsk.c.obj
                0x200003d4                SX1276
 .bss.RFBuffer  0x200003d8       0x64 CMakeFiles/Lora_test.dir/Radio/Src/sx1276-Fsk.c.obj
 .bss.RFState   0x2000043c        0x1 CMakeFiles/Lora_test.dir/Radio/Src/sx1276-Fsk.c.obj
 *fill*         0x2000043d        0x3 
 .bss.PacketTimeout
                0x20000440        0x4 CMakeFiles/Lora_test.dir/Radio/Src/sx1276-Fsk.c.obj
 .bss.Preamble2SyncTimeout
                0x20000444        0x4 CMakeFiles/Lora_test.dir/Radio/Src/sx1276-Fsk.c.obj
 .bss.PreambleDetected
                0x20000448        0x1 CMakeFiles/Lora_test.dir/Radio/Src/sx1276-Fsk.c.obj
 .bss.SyncWordDetected
                0x20000449        0x1 CMakeFiles/Lora_test.dir/Radio/Src/sx1276-Fsk.c.obj
 .bss.PacketDetected
                0x2000044a        0x1 CMakeFiles/Lora_test.dir/Radio/Src/sx1276-Fsk.c.obj
 *fill*         0x2000044b        0x1 
 .bss.RxPacketSize
                0x2000044c        0x2 CMakeFiles/Lora_test.dir/Radio/Src/sx1276-Fsk.c.obj
 .bss.RxBytesRead
                0x2000044e        0x1 CMakeFiles/Lora_test.dir/Radio/Src/sx1276-Fsk.c.obj
 .bss.TxBytesSent
                0x2000044f        0x1 CMakeFiles/Lora_test.dir/Radio/Src/sx1276-Fsk.c.obj
 .bss.RxPacketRssiValue
                0x20000450        0x8 CMakeFiles/Lora_test.dir/Radio/Src/sx1276-Fsk.c.obj
 .bss.RxPacketAfcValue
                0x20000458        0x4 CMakeFiles/Lora_test.dir/Radio/Src/sx1276-Fsk.c.obj
 .bss.RxTimeoutTimer
                0x2000045c        0x4 CMakeFiles/Lora_test.dir/Radio/Src/sx1276-Fsk.c.obj
 .bss.Preamble2SyncTimer
                0x20000460        0x4 CMakeFiles/Lora_test.dir/Radio/Src/sx1276-Fsk.c.obj
 .bss.TxPacketSize
                0x20000464        0x2 CMakeFiles/Lora_test.dir/Radio/Src/sx1276-Fsk.c.obj
 *fill*         0x20000466        0x2 
 .bss.TxTimeoutTimer
                0x20000468        0x4 CMakeFiles/Lora_test.dir/Radio/Src/sx1276-Fsk.c.obj
 .bss.RadioDriver
                0x2000046c       0x24 CMakeFiles/Lora_test.dir/Radio/Src/radio.c.obj
                0x2000046c                RadioDriver
 .bss.hspi2     0x20000490       0x64 CMakeFiles/Lora_test.dir/Core/Src/spi.c.obj
                0x20000490                hspi2
 .bss.huart1    0x200004f4       0x88 CMakeFiles/Lora_test.dir/Core/Src/usart.c.obj
                0x200004f4                huart1
 .bss.uwTick    0x2000057c        0x4 CMakeFiles/Lora_test.dir/Drivers/STM32F0xx_HAL_Driver/Src/stm32f0xx_hal.c.obj
                0x2000057c                uwTick
 .bss.__sbrk_heap_end
                0x20000580        0x4 CMakeFiles/Lora_test.dir/Core/Src/sysmem.c.obj
 *(COMMON)
                0x20000584                        . = ALIGN (0x4)
                0x20000584                        _ebss = .
                0x20000584                        __bss_end__ = _ebss

._user_heap_stack
                0x20000584      0x604 load address 0x08007b3c
                0x20000588                        . = ALIGN (0x8)
 *fill*         0x20000584        0x4 
                [!provide]                        PROVIDE (end = .)
                0x20000588                        PROVIDE (_end = .)
                0x20000788                        . = (. + _Min_Heap_Size)
 *fill*         0x20000588      0x200 
                0x20000b88                        . = (. + _Min_Stack_Size)
 *fill*         0x20000788      0x400 
                0x20000b88                        . = ALIGN (0x8)

/DISCARD/
 libc.a(*)
 libm.a(*)
 libgcc.a(*)

.ARM.attributes
                0x00000000       0x28
 *(.ARM.attributes)
 .ARM.attributes
                0x00000000       0x1e D:/Arm/STM32CubeCLT_1.15.1/GNU-tools-for-STM32/bin/../lib/gcc/arm-none-eabi/12.3.1/thumb/v6-m/nofp/crti.o
 .ARM.attributes
                0x0000001e       0x2c D:/Arm/STM32CubeCLT_1.15.1/GNU-tools-for-STM32/bin/../lib/gcc/arm-none-eabi/12.3.1/thumb/v6-m/nofp/crtbegin.o
 .ARM.attributes
                0x0000004a       0x2c D:/Arm/STM32CubeCLT_1.15.1/GNU-tools-for-STM32/bin/../lib/gcc/arm-none-eabi/12.3.1/../../../../arm-none-eabi/lib/thumb/v6-m/nofp\libc_nano.a(libc_a-findfp.o)
 .ARM.attributes
                0x00000076       0x2c D:/Arm/STM32CubeCLT_1.15.1/GNU-tools-for-STM32/bin/../lib/gcc/arm-none-eabi/12.3.1/../../../../arm-none-eabi/lib/thumb/v6-m/nofp\libc_nano.a(libc_a-memset.o)
 .ARM.attributes
                0x000000a2       0x2c D:/Arm/STM32CubeCLT_1.15.1/GNU-tools-for-STM32/bin/../lib/gcc/arm-none-eabi/12.3.1/../../../../arm-none-eabi/lib/thumb/v6-m/nofp\libc_nano.a(libc_a-reent.o)
 .ARM.attributes
                0x000000ce       0x2c D:/Arm/STM32CubeCLT_1.15.1/GNU-tools-for-STM32/bin/../lib/gcc/arm-none-eabi/12.3.1/../../../../arm-none-eabi/lib/thumb/v6-m/nofp\libc_nano.a(libc_a-impure.o)
 .ARM.attributes
                0x000000fa       0x2c D:/Arm/STM32CubeCLT_1.15.1/GNU-tools-for-STM32/bin/../lib/gcc/arm-none-eabi/12.3.1/../../../../arm-none-eabi/lib/thumb/v6-m/nofp\libc_nano.a(libc_a-init.o)
 .ARM.attributes
                0x00000126       0x2c D:/Arm/STM32CubeCLT_1.15.1/GNU-tools-for-STM32/bin/../lib/gcc/arm-none-eabi/12.3.1/../../../../arm-none-eabi/lib/thumb/v6-m/nofp\libc_nano.a(libc_a-lock.o)
 .ARM.attributes
                0x00000152       0x2c D:/Arm/STM32CubeCLT_1.15.1/GNU-tools-for-STM32/bin/../lib/gcc/arm-none-eabi/12.3.1/../../../../arm-none-eabi/lib/thumb/v6-m/nofp\libc_nano.a(libc_a-freer.o)
 .ARM.attributes
                0x0000017e       0x2c D:/Arm/STM32CubeCLT_1.15.1/GNU-tools-for-STM32/bin/../lib/gcc/arm-none-eabi/12.3.1/../../../../arm-none-eabi/lib/thumb/v6-m/nofp\libc_nano.a(libc_a-mallocr.o)
 .ARM.attributes
                0x000001aa       0x2c D:/Arm/STM32CubeCLT_1.15.1/GNU-tools-for-STM32/bin/../lib/gcc/arm-none-eabi/12.3.1/../../../../arm-none-eabi/lib/thumb/v6-m/nofp\libc_nano.a(libc_a-mlock.o)
 .ARM.attributes
                0x000001d6       0x2c D:/Arm/STM32CubeCLT_1.15.1/GNU-tools-for-STM32/bin/../lib/gcc/arm-none-eabi/12.3.1/../../../../arm-none-eabi/lib/thumb/v6-m/nofp\libc_nano.a(libc_a-sbrkr.o)
 .ARM.attributes
                0x00000202       0x2c CMakeFiles/Lora_test.dir/Core/Src/main.c.obj
 .ARM.attributes
                0x0000022e       0x2c CMakeFiles/Lora_test.dir/Core/Src/delay.c.obj
 .ARM.attributes
                0x0000025a       0x2c CMakeFiles/Lora_test.dir/Radio/Src/sx1276.c.obj
 .ARM.attributes
                0x00000286       0x2c CMakeFiles/Lora_test.dir/Radio/Src/sx1276-Hal.c.obj
 .ARM.attributes
                0x000002b2       0x2c CMakeFiles/Lora_test.dir/Radio/Src/sx1276-LoRa.c.obj
 .ARM.attributes
                0x000002de       0x2c CMakeFiles/Lora_test.dir/Radio/Src/sx1276-LoRaMisc.c.obj
 .ARM.attributes
                0x0000030a       0x2c CMakeFiles/Lora_test.dir/Radio/Src/sx1276-Fsk.c.obj
 .ARM.attributes
                0x00000336       0x2c CMakeFiles/Lora_test.dir/Radio/Src/radio.c.obj
 .ARM.attributes
                0x00000362       0x2c CMakeFiles/Lora_test.dir/Core/Src/gpio.c.obj
 .ARM.attributes
                0x0000038e       0x2c CMakeFiles/Lora_test.dir/Core/Src/spi.c.obj
 .ARM.attributes
                0x000003ba       0x2c CMakeFiles/Lora_test.dir/Core/Src/usart.c.obj
 .ARM.attributes
                0x000003e6       0x2c CMakeFiles/Lora_test.dir/Core/Src/stm32f0xx_it.c.obj
 .ARM.attributes
                0x00000412       0x2c CMakeFiles/Lora_test.dir/Core/Src/stm32f0xx_hal_msp.c.obj
 .ARM.attributes
                0x0000043e       0x2c CMakeFiles/Lora_test.dir/Drivers/STM32F0xx_HAL_Driver/Src/stm32f0xx_hal_spi.c.obj
 .ARM.attributes
                0x0000046a       0x2c CMakeFiles/Lora_test.dir/Drivers/STM32F0xx_HAL_Driver/Src/stm32f0xx_hal_rcc.c.obj
 .ARM.attributes
                0x00000496       0x2c CMakeFiles/Lora_test.dir/Drivers/STM32F0xx_HAL_Driver/Src/stm32f0xx_hal_rcc_ex.c.obj
 .ARM.attributes
                0x000004c2       0x2c CMakeFiles/Lora_test.dir/Drivers/STM32F0xx_HAL_Driver/Src/stm32f0xx_hal.c.obj
 .ARM.attributes
                0x000004ee       0x2c CMakeFiles/Lora_test.dir/Drivers/STM32F0xx_HAL_Driver/Src/stm32f0xx_hal_gpio.c.obj
 .ARM.attributes
                0x0000051a       0x2c CMakeFiles/Lora_test.dir/Drivers/STM32F0xx_HAL_Driver/Src/stm32f0xx_hal_cortex.c.obj
 .ARM.attributes
                0x00000546       0x2c CMakeFiles/Lora_test.dir/Drivers/STM32F0xx_HAL_Driver/Src/stm32f0xx_hal_uart.c.obj
 .ARM.attributes
                0x00000572       0x2c CMakeFiles/Lora_test.dir/Core/Src/system_stm32f0xx.c.obj
 .ARM.attributes
                0x0000059e       0x2c CMakeFiles/Lora_test.dir/Core/Src/sysmem.c.obj
 .ARM.attributes
                0x000005ca       0x21 CMakeFiles/Lora_test.dir/startup_stm32f030x8.s.obj
 .ARM.attributes
                0x000005eb       0x1e D:/Arm/STM32CubeCLT_1.15.1/GNU-tools-for-STM32/bin/../lib/gcc/arm-none-eabi/12.3.1/thumb/v6-m/nofp\libgcc.a(_udivsi3.o)
 .ARM.attributes
                0x00000609       0x1e D:/Arm/STM32CubeCLT_1.15.1/GNU-tools-for-STM32/bin/../lib/gcc/arm-none-eabi/12.3.1/thumb/v6-m/nofp\libgcc.a(_dvmd_tls.o)
 .ARM.attributes
                0x00000627       0x1e D:/Arm/STM32CubeCLT_1.15.1/GNU-tools-for-STM32/bin/../lib/gcc/arm-none-eabi/12.3.1/thumb/v6-m/nofp\libgcc.a(_arm_cmpdf2.o)
 .ARM.attributes
                0x00000645       0x2c D:/Arm/STM32CubeCLT_1.15.1/GNU-tools-for-STM32/bin/../lib/gcc/arm-none-eabi/12.3.1/thumb/v6-m/nofp\libgcc.a(_fixunsdfsi.o)
 .ARM.attributes
                0x00000671       0x2c D:/Arm/STM32CubeCLT_1.15.1/GNU-tools-for-STM32/bin/../lib/gcc/arm-none-eabi/12.3.1/thumb/v6-m/nofp\libgcc.a(adddf3.o)
 .ARM.attributes
                0x0000069d       0x2c D:/Arm/STM32CubeCLT_1.15.1/GNU-tools-for-STM32/bin/../lib/gcc/arm-none-eabi/12.3.1/thumb/v6-m/nofp\libgcc.a(divdf3.o)
 .ARM.attributes
                0x000006c9       0x2c D:/Arm/STM32CubeCLT_1.15.1/GNU-tools-for-STM32/bin/../lib/gcc/arm-none-eabi/12.3.1/thumb/v6-m/nofp\libgcc.a(eqdf2.o)
 .ARM.attributes
                0x000006f5       0x2c D:/Arm/STM32CubeCLT_1.15.1/GNU-tools-for-STM32/bin/../lib/gcc/arm-none-eabi/12.3.1/thumb/v6-m/nofp\libgcc.a(gedf2.o)
 .ARM.attributes
                0x00000721       0x2c D:/Arm/STM32CubeCLT_1.15.1/GNU-tools-for-STM32/bin/../lib/gcc/arm-none-eabi/12.3.1/thumb/v6-m/nofp\libgcc.a(ledf2.o)
 .ARM.attributes
                0x0000074d       0x2c D:/Arm/STM32CubeCLT_1.15.1/GNU-tools-for-STM32/bin/../lib/gcc/arm-none-eabi/12.3.1/thumb/v6-m/nofp\libgcc.a(muldf3.o)
 .ARM.attributes
                0x00000779       0x2c D:/Arm/STM32CubeCLT_1.15.1/GNU-tools-for-STM32/bin/../lib/gcc/arm-none-eabi/12.3.1/thumb/v6-m/nofp\libgcc.a(subdf3.o)
 .ARM.attributes
                0x000007a5       0x2c D:/Arm/STM32CubeCLT_1.15.1/GNU-tools-for-STM32/bin/../lib/gcc/arm-none-eabi/12.3.1/thumb/v6-m/nofp\libgcc.a(fixdfsi.o)
 .ARM.attributes
                0x000007d1       0x2c D:/Arm/STM32CubeCLT_1.15.1/GNU-tools-for-STM32/bin/../lib/gcc/arm-none-eabi/12.3.1/thumb/v6-m/nofp\libgcc.a(floatsidf.o)
 .ARM.attributes
                0x000007fd       0x2c D:/Arm/STM32CubeCLT_1.15.1/GNU-tools-for-STM32/bin/../lib/gcc/arm-none-eabi/12.3.1/thumb/v6-m/nofp\libgcc.a(floatunsidf.o)
 .ARM.attributes
                0x00000829       0x1e D:/Arm/STM32CubeCLT_1.15.1/GNU-tools-for-STM32/bin/../lib/gcc/arm-none-eabi/12.3.1/thumb/v6-m/nofp\libgcc.a(_clzsi2.o)
 .ARM.attributes
                0x00000847       0x2c D:/Arm/STM32CubeCLT_1.15.1/GNU-tools-for-STM32/bin/../lib/gcc/arm-none-eabi/12.3.1/../../../../arm-none-eabi/lib/thumb/v6-m/nofp\libg_nano.a(libc_a-snprintf.o)
 .ARM.attributes
                0x00000873       0x2c D:/Arm/STM32CubeCLT_1.15.1/GNU-tools-for-STM32/bin/../lib/gcc/arm-none-eabi/12.3.1/../../../../arm-none-eabi/lib/thumb/v6-m/nofp\libg_nano.a(libc_a-strncpy.o)
 .ARM.attributes
                0x0000089f       0x2c D:/Arm/STM32CubeCLT_1.15.1/GNU-tools-for-STM32/bin/../lib/gcc/arm-none-eabi/12.3.1/../../../../arm-none-eabi/lib/thumb/v6-m/nofp\libg_nano.a(libc_a-errno.o)
 .ARM.attributes
                0x000008cb       0x2c D:/Arm/STM32CubeCLT_1.15.1/GNU-tools-for-STM32/bin/../lib/gcc/arm-none-eabi/12.3.1/../../../../arm-none-eabi/lib/thumb/v6-m/nofp\libg_nano.a(libc_a-memcpy-stub.o)
 .ARM.attributes
                0x000008f7       0x1c D:/Arm/STM32CubeCLT_1.15.1/GNU-tools-for-STM32/bin/../lib/gcc/arm-none-eabi/12.3.1/../../../../arm-none-eabi/lib/thumb/v6-m/nofp\libg_nano.a(libc_a-strlen.o)
 .ARM.attributes
                0x00000913       0x2c D:/Arm/STM32CubeCLT_1.15.1/GNU-tools-for-STM32/bin/../lib/gcc/arm-none-eabi/12.3.1/../../../../arm-none-eabi/lib/thumb/v6-m/nofp\libg_nano.a(libc_a-nano-svfprintf.o)
 .ARM.attributes
                0x0000093f       0x2c D:/Arm/STM32CubeCLT_1.15.1/GNU-tools-for-STM32/bin/../lib/gcc/arm-none-eabi/12.3.1/../../../../arm-none-eabi/lib/thumb/v6-m/nofp\libg_nano.a(libc_a-nano-vfprintf_i.o)
 .ARM.attributes
                0x0000096b       0x2c D:/Arm/STM32CubeCLT_1.15.1/GNU-tools-for-STM32/bin/../lib/gcc/arm-none-eabi/12.3.1/../../../../arm-none-eabi/lib/thumb/v6-m/nofp\libg_nano.a(libc_a-memmove.o)
 .ARM.attributes
                0x00000997       0x2c D:/Arm/STM32CubeCLT_1.15.1/GNU-tools-for-STM32/bin/../lib/gcc/arm-none-eabi/12.3.1/../../../../arm-none-eabi/lib/thumb/v6-m/nofp\libg_nano.a(libc_a-memchr-stub.o)
 .ARM.attributes
                0x000009c3       0x2c D:/Arm/STM32CubeCLT_1.15.1/GNU-tools-for-STM32/bin/../lib/gcc/arm-none-eabi/12.3.1/../../../../arm-none-eabi/lib/thumb/v6-m/nofp\libg_nano.a(libc_a-reallocr.o)
 .ARM.attributes
                0x000009ef       0x2c D:/Arm/STM32CubeCLT_1.15.1/GNU-tools-for-STM32/bin/../lib/gcc/arm-none-eabi/12.3.1/../../../../arm-none-eabi/lib/thumb/v6-m/nofp\libg_nano.a(libc_a-msizer.o)
 .ARM.attributes
                0x00000a1b       0x1e D:/Arm/STM32CubeCLT_1.15.1/GNU-tools-for-STM32/bin/../lib/gcc/arm-none-eabi/12.3.1/thumb/v6-m/nofp\libgcc.a(_thumb1_case_shi.o)
 .ARM.attributes
                0x00000a39       0x1e D:/Arm/STM32CubeCLT_1.15.1/GNU-tools-for-STM32/bin/../lib/gcc/arm-none-eabi/12.3.1/thumb/v6-m/nofp/crtn.o
 .ARM.attributes
                0x00000a57       0x2c D:/Arm/STM32CubeCLT_1.15.1/GNU-tools-for-STM32/bin/../lib/gcc/arm-none-eabi/12.3.1/../../../../arm-none-eabi/lib/thumb/v6-m/nofp\libm.a(libm_a-s_round.o)
OUTPUT(Lora_test.elf elf32-littlearm)
LOAD linker stubs
LOAD D:/Arm/STM32CubeCLT_1.15.1/GNU-tools-for-STM32/bin/../lib/gcc/arm-none-eabi/12.3.1/../../../../arm-none-eabi/lib/thumb/v6-m/nofp\libc.a
LOAD D:/Arm/STM32CubeCLT_1.15.1/GNU-tools-for-STM32/bin/../lib/gcc/arm-none-eabi/12.3.1/../../../../arm-none-eabi/lib/thumb/v6-m/nofp\libm.a
LOAD D:/Arm/STM32CubeCLT_1.15.1/GNU-tools-for-STM32/bin/../lib/gcc/arm-none-eabi/12.3.1/thumb/v6-m/nofp\libgcc.a

.debug_frame    0x00000000     0x3238
 .debug_frame   0x00000000      0x138 D:/Arm/STM32CubeCLT_1.15.1/GNU-tools-for-STM32/bin/../lib/gcc/arm-none-eabi/12.3.1/../../../../arm-none-eabi/lib/thumb/v6-m/nofp\libc_nano.a(libc_a-findfp.o)
 .debug_frame   0x00000138       0x20 D:/Arm/STM32CubeCLT_1.15.1/GNU-tools-for-STM32/bin/../lib/gcc/arm-none-eabi/12.3.1/../../../../arm-none-eabi/lib/thumb/v6-m/nofp\libc_nano.a(libc_a-memset.o)
 .debug_frame   0x00000158       0x2c D:/Arm/STM32CubeCLT_1.15.1/GNU-tools-for-STM32/bin/../lib/gcc/arm-none-eabi/12.3.1/../../../../arm-none-eabi/lib/thumb/v6-m/nofp\libc_nano.a(libc_a-reent.o)
 .debug_frame   0x00000184       0x2c D:/Arm/STM32CubeCLT_1.15.1/GNU-tools-for-STM32/bin/../lib/gcc/arm-none-eabi/12.3.1/../../../../arm-none-eabi/lib/thumb/v6-m/nofp\libc_nano.a(libc_a-init.o)
 .debug_frame   0x000001b0       0xb0 D:/Arm/STM32CubeCLT_1.15.1/GNU-tools-for-STM32/bin/../lib/gcc/arm-none-eabi/12.3.1/../../../../arm-none-eabi/lib/thumb/v6-m/nofp\libc_nano.a(libc_a-lock.o)
 .debug_frame   0x00000260       0x2c D:/Arm/STM32CubeCLT_1.15.1/GNU-tools-for-STM32/bin/../lib/gcc/arm-none-eabi/12.3.1/../../../../arm-none-eabi/lib/thumb/v6-m/nofp\libc_nano.a(libc_a-freer.o)
 .debug_frame   0x0000028c       0x50 D:/Arm/STM32CubeCLT_1.15.1/GNU-tools-for-STM32/bin/../lib/gcc/arm-none-eabi/12.3.1/../../../../arm-none-eabi/lib/thumb/v6-m/nofp\libc_nano.a(libc_a-mallocr.o)
 .debug_frame   0x000002dc       0x40 D:/Arm/STM32CubeCLT_1.15.1/GNU-tools-for-STM32/bin/../lib/gcc/arm-none-eabi/12.3.1/../../../../arm-none-eabi/lib/thumb/v6-m/nofp\libc_nano.a(libc_a-mlock.o)
 .debug_frame   0x0000031c       0x2c D:/Arm/STM32CubeCLT_1.15.1/GNU-tools-for-STM32/bin/../lib/gcc/arm-none-eabi/12.3.1/../../../../arm-none-eabi/lib/thumb/v6-m/nofp\libc_nano.a(libc_a-sbrkr.o)
 .debug_frame   0x00000348      0x104 CMakeFiles/Lora_test.dir/Core/Src/main.c.obj
 .debug_frame   0x0000044c       0x70 CMakeFiles/Lora_test.dir/Core/Src/delay.c.obj
 .debug_frame   0x000004bc      0x2b4 CMakeFiles/Lora_test.dir/Radio/Src/sx1276.c.obj
 .debug_frame   0x00000770      0x1f8 CMakeFiles/Lora_test.dir/Radio/Src/sx1276-Hal.c.obj
 .debug_frame   0x00000968      0x22c CMakeFiles/Lora_test.dir/Radio/Src/sx1276-LoRa.c.obj
 .debug_frame   0x00000b94      0x4e0 CMakeFiles/Lora_test.dir/Radio/Src/sx1276-LoRaMisc.c.obj
 .debug_frame   0x00001074      0x24c CMakeFiles/Lora_test.dir/Radio/Src/sx1276-Fsk.c.obj
 .debug_frame   0x000012c0       0x2c CMakeFiles/Lora_test.dir/Radio/Src/radio.c.obj
 .debug_frame   0x000012ec       0x30 CMakeFiles/Lora_test.dir/Core/Src/gpio.c.obj
 .debug_frame   0x0000131c       0x8c CMakeFiles/Lora_test.dir/Core/Src/spi.c.obj
 .debug_frame   0x000013a8       0x6c CMakeFiles/Lora_test.dir/Core/Src/usart.c.obj
 .debug_frame   0x00001414       0xb8 CMakeFiles/Lora_test.dir/Core/Src/stm32f0xx_it.c.obj
 .debug_frame   0x000014cc       0x30 CMakeFiles/Lora_test.dir/Core/Src/stm32f0xx_hal_msp.c.obj
 .debug_frame   0x000014fc      0x790 CMakeFiles/Lora_test.dir/Drivers/STM32F0xx_HAL_Driver/Src/stm32f0xx_hal_spi.c.obj
 .debug_frame   0x00001c8c      0x198 CMakeFiles/Lora_test.dir/Drivers/STM32F0xx_HAL_Driver/Src/stm32f0xx_hal_rcc.c.obj
 .debug_frame   0x00001e24       0x70 CMakeFiles/Lora_test.dir/Drivers/STM32F0xx_HAL_Driver/Src/stm32f0xx_hal_rcc_ex.c.obj
 .debug_frame   0x00001e94      0x2a4 CMakeFiles/Lora_test.dir/Drivers/STM32F0xx_HAL_Driver/Src/stm32f0xx_hal.c.obj
 .debug_frame   0x00002138      0x110 CMakeFiles/Lora_test.dir/Drivers/STM32F0xx_HAL_Driver/Src/stm32f0xx_hal_gpio.c.obj
 .debug_frame   0x00002248      0x2a0 CMakeFiles/Lora_test.dir/Drivers/STM32F0xx_HAL_Driver/Src/stm32f0xx_hal_cortex.c.obj
 .debug_frame   0x000024e8      0x810 CMakeFiles/Lora_test.dir/Drivers/STM32F0xx_HAL_Driver/Src/stm32f0xx_hal_uart.c.obj
 .debug_frame   0x00002cf8       0x4c CMakeFiles/Lora_test.dir/Core/Src/system_stm32f0xx.c.obj
 .debug_frame   0x00002d44       0x30 CMakeFiles/Lora_test.dir/Core/Src/sysmem.c.obj
 .debug_frame   0x00002d74       0x20 D:/Arm/STM32CubeCLT_1.15.1/GNU-tools-for-STM32/bin/../lib/gcc/arm-none-eabi/12.3.1/thumb/v6-m/nofp\libgcc.a(_udivsi3.o)
 .debug_frame   0x00002d94       0x2c D:/Arm/STM32CubeCLT_1.15.1/GNU-tools-for-STM32/bin/../lib/gcc/arm-none-eabi/12.3.1/thumb/v6-m/nofp\libgcc.a(_fixunsdfsi.o)
 .debug_frame   0x00002dc0       0x3c D:/Arm/STM32CubeCLT_1.15.1/GNU-tools-for-STM32/bin/../lib/gcc/arm-none-eabi/12.3.1/thumb/v6-m/nofp\libgcc.a(adddf3.o)
 .debug_frame   0x00002dfc       0x3c D:/Arm/STM32CubeCLT_1.15.1/GNU-tools-for-STM32/bin/../lib/gcc/arm-none-eabi/12.3.1/thumb/v6-m/nofp\libgcc.a(divdf3.o)
 .debug_frame   0x00002e38       0x38 D:/Arm/STM32CubeCLT_1.15.1/GNU-tools-for-STM32/bin/../lib/gcc/arm-none-eabi/12.3.1/thumb/v6-m/nofp\libgcc.a(eqdf2.o)
 .debug_frame   0x00002e70       0x3c D:/Arm/STM32CubeCLT_1.15.1/GNU-tools-for-STM32/bin/../lib/gcc/arm-none-eabi/12.3.1/thumb/v6-m/nofp\libgcc.a(gedf2.o)
 .debug_frame   0x00002eac       0x3c D:/Arm/STM32CubeCLT_1.15.1/GNU-tools-for-STM32/bin/../lib/gcc/arm-none-eabi/12.3.1/thumb/v6-m/nofp\libgcc.a(ledf2.o)
 .debug_frame   0x00002ee8       0x3c D:/Arm/STM32CubeCLT_1.15.1/GNU-tools-for-STM32/bin/../lib/gcc/arm-none-eabi/12.3.1/thumb/v6-m/nofp\libgcc.a(muldf3.o)
 .debug_frame   0x00002f24       0x3c D:/Arm/STM32CubeCLT_1.15.1/GNU-tools-for-STM32/bin/../lib/gcc/arm-none-eabi/12.3.1/thumb/v6-m/nofp\libgcc.a(subdf3.o)
 .debug_frame   0x00002f60       0x30 D:/Arm/STM32CubeCLT_1.15.1/GNU-tools-for-STM32/bin/../lib/gcc/arm-none-eabi/12.3.1/thumb/v6-m/nofp\libgcc.a(fixdfsi.o)
 .debug_frame   0x00002f90       0x2c D:/Arm/STM32CubeCLT_1.15.1/GNU-tools-for-STM32/bin/../lib/gcc/arm-none-eabi/12.3.1/thumb/v6-m/nofp\libgcc.a(floatsidf.o)
 .debug_frame   0x00002fbc       0x28 D:/Arm/STM32CubeCLT_1.15.1/GNU-tools-for-STM32/bin/../lib/gcc/arm-none-eabi/12.3.1/thumb/v6-m/nofp\libgcc.a(floatunsidf.o)
 .debug_frame   0x00002fe4       0x50 D:/Arm/STM32CubeCLT_1.15.1/GNU-tools-for-STM32/bin/../lib/gcc/arm-none-eabi/12.3.1/../../../../arm-none-eabi/lib/thumb/v6-m/nofp\libg_nano.a(libc_a-snprintf.o)
 .debug_frame   0x00003034       0x2c D:/Arm/STM32CubeCLT_1.15.1/GNU-tools-for-STM32/bin/../lib/gcc/arm-none-eabi/12.3.1/../../../../arm-none-eabi/lib/thumb/v6-m/nofp\libg_nano.a(libc_a-strncpy.o)
 .debug_frame   0x00003060       0x20 D:/Arm/STM32CubeCLT_1.15.1/GNU-tools-for-STM32/bin/../lib/gcc/arm-none-eabi/12.3.1/../../../../arm-none-eabi/lib/thumb/v6-m/nofp\libg_nano.a(libc_a-errno.o)
 .debug_frame   0x00003080       0x28 D:/Arm/STM32CubeCLT_1.15.1/GNU-tools-for-STM32/bin/../lib/gcc/arm-none-eabi/12.3.1/../../../../arm-none-eabi/lib/thumb/v6-m/nofp\libg_nano.a(libc_a-memcpy-stub.o)
 .debug_frame   0x000030a8       0x74 D:/Arm/STM32CubeCLT_1.15.1/GNU-tools-for-STM32/bin/../lib/gcc/arm-none-eabi/12.3.1/../../../../arm-none-eabi/lib/thumb/v6-m/nofp\libg_nano.a(libc_a-nano-svfprintf.o)
 .debug_frame   0x0000311c       0x54 D:/Arm/STM32CubeCLT_1.15.1/GNU-tools-for-STM32/bin/../lib/gcc/arm-none-eabi/12.3.1/../../../../arm-none-eabi/lib/thumb/v6-m/nofp\libg_nano.a(libc_a-nano-vfprintf_i.o)
 .debug_frame   0x00003170       0x28 D:/Arm/STM32CubeCLT_1.15.1/GNU-tools-for-STM32/bin/../lib/gcc/arm-none-eabi/12.3.1/../../../../arm-none-eabi/lib/thumb/v6-m/nofp\libg_nano.a(libc_a-memmove.o)
 .debug_frame   0x00003198       0x20 D:/Arm/STM32CubeCLT_1.15.1/GNU-tools-for-STM32/bin/../lib/gcc/arm-none-eabi/12.3.1/../../../../arm-none-eabi/lib/thumb/v6-m/nofp\libg_nano.a(libc_a-memchr-stub.o)
 .debug_frame   0x000031b8       0x34 D:/Arm/STM32CubeCLT_1.15.1/GNU-tools-for-STM32/bin/../lib/gcc/arm-none-eabi/12.3.1/../../../../arm-none-eabi/lib/thumb/v6-m/nofp\libg_nano.a(libc_a-reallocr.o)
 .debug_frame   0x000031ec       0x20 D:/Arm/STM32CubeCLT_1.15.1/GNU-tools-for-STM32/bin/../lib/gcc/arm-none-eabi/12.3.1/../../../../arm-none-eabi/lib/thumb/v6-m/nofp\libg_nano.a(libc_a-msizer.o)
 .debug_frame   0x0000320c       0x2c D:/Arm/STM32CubeCLT_1.15.1/GNU-tools-for-STM32/bin/../lib/gcc/arm-none-eabi/12.3.1/../../../../arm-none-eabi/lib/thumb/v6-m/nofp\libm.a(libm_a-s_round.o)

.debug_info     0x00000000    0x12ba3
 .debug_info    0x00000000      0xe1e CMakeFiles/Lora_test.dir/Core/Src/main.c.obj
 .debug_info    0x00000e1e      0x126 CMakeFiles/Lora_test.dir/Core/Src/delay.c.obj
 .debug_info    0x00000f44     0x1067 CMakeFiles/Lora_test.dir/Radio/Src/sx1276.c.obj
 .debug_info    0x00001fab      0x939 CMakeFiles/Lora_test.dir/Radio/Src/sx1276-Hal.c.obj
 .debug_info    0x000028e4     0x120f CMakeFiles/Lora_test.dir/Radio/Src/sx1276-LoRa.c.obj
 .debug_info    0x00003af3     0x114b CMakeFiles/Lora_test.dir/Radio/Src/sx1276-LoRaMisc.c.obj
 .debug_info    0x00004c3e      0xcb5 CMakeFiles/Lora_test.dir/Radio/Src/sx1276-Fsk.c.obj
 .debug_info    0x000058f3      0x22e CMakeFiles/Lora_test.dir/Radio/Src/radio.c.obj
 .debug_info    0x00005b21      0x436 CMakeFiles/Lora_test.dir/Core/Src/gpio.c.obj
 .debug_info    0x00005f57      0x8d2 CMakeFiles/Lora_test.dir/Core/Src/spi.c.obj
 .debug_info    0x00006829      0x92e CMakeFiles/Lora_test.dir/Core/Src/usart.c.obj
 .debug_info    0x00007157      0x10c CMakeFiles/Lora_test.dir/Core/Src/stm32f0xx_it.c.obj
 .debug_info    0x00007263      0x199 CMakeFiles/Lora_test.dir/Core/Src/stm32f0xx_hal_msp.c.obj
 .debug_info    0x000073fc     0x17da CMakeFiles/Lora_test.dir/Drivers/STM32F0xx_HAL_Driver/Src/stm32f0xx_hal_spi.c.obj
 .debug_info    0x00008bd6      0x844 CMakeFiles/Lora_test.dir/Drivers/STM32F0xx_HAL_Driver/Src/stm32f0xx_hal_rcc.c.obj
 .debug_info    0x0000941a      0x35d CMakeFiles/Lora_test.dir/Drivers/STM32F0xx_HAL_Driver/Src/stm32f0xx_hal_rcc_ex.c.obj
 .debug_info    0x00009777      0x670 CMakeFiles/Lora_test.dir/Drivers/STM32F0xx_HAL_Driver/Src/stm32f0xx_hal.c.obj
 .debug_info    0x00009de7      0x5c3 CMakeFiles/Lora_test.dir/Drivers/STM32F0xx_HAL_Driver/Src/stm32f0xx_hal_gpio.c.obj
 .debug_info    0x0000a3aa      0x69b CMakeFiles/Lora_test.dir/Drivers/STM32F0xx_HAL_Driver/Src/stm32f0xx_hal_cortex.c.obj
 .debug_info    0x0000aa45     0x3a2a CMakeFiles/Lora_test.dir/Drivers/STM32F0xx_HAL_Driver/Src/stm32f0xx_hal_uart.c.obj
 .debug_info    0x0000e46f      0x242 CMakeFiles/Lora_test.dir/Core/Src/system_stm32f0xx.c.obj
 .debug_info    0x0000e6b1      0x168 CMakeFiles/Lora_test.dir/Core/Src/sysmem.c.obj
 .debug_info    0x0000e819       0x30 CMakeFiles/Lora_test.dir/startup_stm32f030x8.s.obj
 .debug_info    0x0000e849      0x8bf D:/Arm/STM32CubeCLT_1.15.1/GNU-tools-for-STM32/bin/../lib/gcc/arm-none-eabi/12.3.1/../../../../arm-none-eabi/lib/thumb/v6-m/nofp\libg_nano.a(libc_a-snprintf.o)
 .debug_info    0x0000f108      0x111 D:/Arm/STM32CubeCLT_1.15.1/GNU-tools-for-STM32/bin/../lib/gcc/arm-none-eabi/12.3.1/../../../../arm-none-eabi/lib/thumb/v6-m/nofp\libg_nano.a(libc_a-strncpy.o)
 .debug_info    0x0000f219      0x6fb D:/Arm/STM32CubeCLT_1.15.1/GNU-tools-for-STM32/bin/../lib/gcc/arm-none-eabi/12.3.1/../../../../arm-none-eabi/lib/thumb/v6-m/nofp\libg_nano.a(libc_a-errno.o)
 .debug_info    0x0000f914      0x11b D:/Arm/STM32CubeCLT_1.15.1/GNU-tools-for-STM32/bin/../lib/gcc/arm-none-eabi/12.3.1/../../../../arm-none-eabi/lib/thumb/v6-m/nofp\libg_nano.a(libc_a-memcpy-stub.o)
 .debug_info    0x0000fa2f       0x31 D:/Arm/STM32CubeCLT_1.15.1/GNU-tools-for-STM32/bin/../lib/gcc/arm-none-eabi/12.3.1/../../../../arm-none-eabi/lib/thumb/v6-m/nofp\libg_nano.a(libc_a-strlen.o)
 .debug_info    0x0000fa60     0x10e0 D:/Arm/STM32CubeCLT_1.15.1/GNU-tools-for-STM32/bin/../lib/gcc/arm-none-eabi/12.3.1/../../../../arm-none-eabi/lib/thumb/v6-m/nofp\libg_nano.a(libc_a-nano-svfprintf.o)
 .debug_info    0x00010b40      0xe0a D:/Arm/STM32CubeCLT_1.15.1/GNU-tools-for-STM32/bin/../lib/gcc/arm-none-eabi/12.3.1/../../../../arm-none-eabi/lib/thumb/v6-m/nofp\libg_nano.a(libc_a-nano-vfprintf_i.o)
 .debug_info    0x0001194a      0x109 D:/Arm/STM32CubeCLT_1.15.1/GNU-tools-for-STM32/bin/../lib/gcc/arm-none-eabi/12.3.1/../../../../arm-none-eabi/lib/thumb/v6-m/nofp\libg_nano.a(libc_a-memmove.o)
 .debug_info    0x00011a53      0x110 D:/Arm/STM32CubeCLT_1.15.1/GNU-tools-for-STM32/bin/../lib/gcc/arm-none-eabi/12.3.1/../../../../arm-none-eabi/lib/thumb/v6-m/nofp\libg_nano.a(libc_a-memchr-stub.o)
 .debug_info    0x00011b63      0x8ac D:/Arm/STM32CubeCLT_1.15.1/GNU-tools-for-STM32/bin/../lib/gcc/arm-none-eabi/12.3.1/../../../../arm-none-eabi/lib/thumb/v6-m/nofp\libg_nano.a(libc_a-reallocr.o)
 .debug_info    0x0001240f      0x794 D:/Arm/STM32CubeCLT_1.15.1/GNU-tools-for-STM32/bin/../lib/gcc/arm-none-eabi/12.3.1/../../../../arm-none-eabi/lib/thumb/v6-m/nofp\libg_nano.a(libc_a-msizer.o)

.debug_abbrev   0x00000000     0x3b14
 .debug_abbrev  0x00000000      0x327 CMakeFiles/Lora_test.dir/Core/Src/main.c.obj
 .debug_abbrev  0x00000327       0xc5 CMakeFiles/Lora_test.dir/Core/Src/delay.c.obj
 .debug_abbrev  0x000003ec      0x278 CMakeFiles/Lora_test.dir/Radio/Src/sx1276.c.obj
 .debug_abbrev  0x00000664      0x222 CMakeFiles/Lora_test.dir/Radio/Src/sx1276-Hal.c.obj
 .debug_abbrev  0x00000886      0x33d CMakeFiles/Lora_test.dir/Radio/Src/sx1276-LoRa.c.obj
 .debug_abbrev  0x00000bc3      0x2cb CMakeFiles/Lora_test.dir/Radio/Src/sx1276-LoRaMisc.c.obj
 .debug_abbrev  0x00000e8e      0x30a CMakeFiles/Lora_test.dir/Radio/Src/sx1276-Fsk.c.obj
 .debug_abbrev  0x00001198      0x103 CMakeFiles/Lora_test.dir/Radio/Src/radio.c.obj
 .debug_abbrev  0x0000129b      0x16f CMakeFiles/Lora_test.dir/Core/Src/gpio.c.obj
 .debug_abbrev  0x0000140a      0x210 CMakeFiles/Lora_test.dir/Core/Src/spi.c.obj
 .debug_abbrev  0x0000161a      0x1f6 CMakeFiles/Lora_test.dir/Core/Src/usart.c.obj
 .debug_abbrev  0x00001810       0xa0 CMakeFiles/Lora_test.dir/Core/Src/stm32f0xx_it.c.obj
 .debug_abbrev  0x000018b0       0xc6 CMakeFiles/Lora_test.dir/Core/Src/stm32f0xx_hal_msp.c.obj
 .debug_abbrev  0x00001976      0x265 CMakeFiles/Lora_test.dir/Drivers/STM32F0xx_HAL_Driver/Src/stm32f0xx_hal_spi.c.obj
 .debug_abbrev  0x00001bdb      0x28b CMakeFiles/Lora_test.dir/Drivers/STM32F0xx_HAL_Driver/Src/stm32f0xx_hal_rcc.c.obj
 .debug_abbrev  0x00001e66      0x16f CMakeFiles/Lora_test.dir/Drivers/STM32F0xx_HAL_Driver/Src/stm32f0xx_hal_rcc_ex.c.obj
 .debug_abbrev  0x00001fd5      0x24b CMakeFiles/Lora_test.dir/Drivers/STM32F0xx_HAL_Driver/Src/stm32f0xx_hal.c.obj
 .debug_abbrev  0x00002220      0x1c8 CMakeFiles/Lora_test.dir/Drivers/STM32F0xx_HAL_Driver/Src/stm32f0xx_hal_gpio.c.obj
 .debug_abbrev  0x000023e8      0x28c CMakeFiles/Lora_test.dir/Drivers/STM32F0xx_HAL_Driver/Src/stm32f0xx_hal_cortex.c.obj
 .debug_abbrev  0x00002674      0x2cc CMakeFiles/Lora_test.dir/Drivers/STM32F0xx_HAL_Driver/Src/stm32f0xx_hal_uart.c.obj
 .debug_abbrev  0x00002940      0x11c CMakeFiles/Lora_test.dir/Core/Src/system_stm32f0xx.c.obj
 .debug_abbrev  0x00002a5c       0xbc CMakeFiles/Lora_test.dir/Core/Src/sysmem.c.obj
 .debug_abbrev  0x00002b18       0x24 CMakeFiles/Lora_test.dir/startup_stm32f030x8.s.obj
 .debug_abbrev  0x00002b3c      0x231 D:/Arm/STM32CubeCLT_1.15.1/GNU-tools-for-STM32/bin/../lib/gcc/arm-none-eabi/12.3.1/../../../../arm-none-eabi/lib/thumb/v6-m/nofp\libg_nano.a(libc_a-snprintf.o)
 .debug_abbrev  0x00002d6d       0xa7 D:/Arm/STM32CubeCLT_1.15.1/GNU-tools-for-STM32/bin/../lib/gcc/arm-none-eabi/12.3.1/../../../../arm-none-eabi/lib/thumb/v6-m/nofp\libg_nano.a(libc_a-strncpy.o)
 .debug_abbrev  0x00002e14      0x15e D:/Arm/STM32CubeCLT_1.15.1/GNU-tools-for-STM32/bin/../lib/gcc/arm-none-eabi/12.3.1/../../../../arm-none-eabi/lib/thumb/v6-m/nofp\libg_nano.a(libc_a-errno.o)
 .debug_abbrev  0x00002f72       0xc1 D:/Arm/STM32CubeCLT_1.15.1/GNU-tools-for-STM32/bin/../lib/gcc/arm-none-eabi/12.3.1/../../../../arm-none-eabi/lib/thumb/v6-m/nofp\libg_nano.a(libc_a-memcpy-stub.o)
 .debug_abbrev  0x00003033       0x28 D:/Arm/STM32CubeCLT_1.15.1/GNU-tools-for-STM32/bin/../lib/gcc/arm-none-eabi/12.3.1/../../../../arm-none-eabi/lib/thumb/v6-m/nofp\libg_nano.a(libc_a-strlen.o)
 .debug_abbrev  0x0000305b      0x31e D:/Arm/STM32CubeCLT_1.15.1/GNU-tools-for-STM32/bin/../lib/gcc/arm-none-eabi/12.3.1/../../../../arm-none-eabi/lib/thumb/v6-m/nofp\libg_nano.a(libc_a-nano-svfprintf.o)
 .debug_abbrev  0x00003379      0x29f D:/Arm/STM32CubeCLT_1.15.1/GNU-tools-for-STM32/bin/../lib/gcc/arm-none-eabi/12.3.1/../../../../arm-none-eabi/lib/thumb/v6-m/nofp\libg_nano.a(libc_a-nano-vfprintf_i.o)
 .debug_abbrev  0x00003618       0xac D:/Arm/STM32CubeCLT_1.15.1/GNU-tools-for-STM32/bin/../lib/gcc/arm-none-eabi/12.3.1/../../../../arm-none-eabi/lib/thumb/v6-m/nofp\libg_nano.a(libc_a-memmove.o)
 .debug_abbrev  0x000036c4       0xb1 D:/Arm/STM32CubeCLT_1.15.1/GNU-tools-for-STM32/bin/../lib/gcc/arm-none-eabi/12.3.1/../../../../arm-none-eabi/lib/thumb/v6-m/nofp\libg_nano.a(libc_a-memchr-stub.o)
 .debug_abbrev  0x00003775      0x209 D:/Arm/STM32CubeCLT_1.15.1/GNU-tools-for-STM32/bin/../lib/gcc/arm-none-eabi/12.3.1/../../../../arm-none-eabi/lib/thumb/v6-m/nofp\libg_nano.a(libc_a-reallocr.o)
 .debug_abbrev  0x0000397e      0x196 D:/Arm/STM32CubeCLT_1.15.1/GNU-tools-for-STM32/bin/../lib/gcc/arm-none-eabi/12.3.1/../../../../arm-none-eabi/lib/thumb/v6-m/nofp\libg_nano.a(libc_a-msizer.o)

.debug_aranges  0x00000000      0xe50
 .debug_aranges
                0x00000000       0x58 CMakeFiles/Lora_test.dir/Core/Src/main.c.obj
 .debug_aranges
                0x00000058       0x30 CMakeFiles/Lora_test.dir/Core/Src/delay.c.obj
 .debug_aranges
                0x00000088       0xd0 CMakeFiles/Lora_test.dir/Radio/Src/sx1276.c.obj
 .debug_aranges
                0x00000158       0x98 CMakeFiles/Lora_test.dir/Radio/Src/sx1276-Hal.c.obj
 .debug_aranges
                0x000001f0       0xa8 CMakeFiles/Lora_test.dir/Radio/Src/sx1276-LoRa.c.obj
 .debug_aranges
                0x00000298      0x160 CMakeFiles/Lora_test.dir/Radio/Src/sx1276-LoRaMisc.c.obj
 .debug_aranges
                0x000003f8       0xb0 CMakeFiles/Lora_test.dir/Radio/Src/sx1276-Fsk.c.obj
 .debug_aranges
                0x000004a8       0x20 CMakeFiles/Lora_test.dir/Radio/Src/radio.c.obj
 .debug_aranges
                0x000004c8       0x20 CMakeFiles/Lora_test.dir/Core/Src/gpio.c.obj
 .debug_aranges
                0x000004e8       0x38 CMakeFiles/Lora_test.dir/Core/Src/spi.c.obj
 .debug_aranges
                0x00000520       0x30 CMakeFiles/Lora_test.dir/Core/Src/usart.c.obj
 .debug_aranges
                0x00000550       0x48 CMakeFiles/Lora_test.dir/Core/Src/stm32f0xx_it.c.obj
 .debug_aranges
                0x00000598       0x20 CMakeFiles/Lora_test.dir/Core/Src/stm32f0xx_hal_msp.c.obj
 .debug_aranges
                0x000005b8      0x1f8 CMakeFiles/Lora_test.dir/Drivers/STM32F0xx_HAL_Driver/Src/stm32f0xx_hal_spi.c.obj
 .debug_aranges
                0x000007b0       0x80 CMakeFiles/Lora_test.dir/Drivers/STM32F0xx_HAL_Driver/Src/stm32f0xx_hal_rcc.c.obj
 .debug_aranges
                0x00000830       0x30 CMakeFiles/Lora_test.dir/Drivers/STM32F0xx_HAL_Driver/Src/stm32f0xx_hal_rcc_ex.c.obj
 .debug_aranges
                0x00000860       0xd0 CMakeFiles/Lora_test.dir/Drivers/STM32F0xx_HAL_Driver/Src/stm32f0xx_hal.c.obj
 .debug_aranges
                0x00000930       0x58 CMakeFiles/Lora_test.dir/Drivers/STM32F0xx_HAL_Driver/Src/stm32f0xx_hal_gpio.c.obj
 .debug_aranges
                0x00000988       0xc0 CMakeFiles/Lora_test.dir/Drivers/STM32F0xx_HAL_Driver/Src/stm32f0xx_hal_cortex.c.obj
 .debug_aranges
                0x00000a48      0x218 CMakeFiles/Lora_test.dir/Drivers/STM32F0xx_HAL_Driver/Src/stm32f0xx_hal_uart.c.obj
 .debug_aranges
                0x00000c60       0x28 CMakeFiles/Lora_test.dir/Core/Src/system_stm32f0xx.c.obj
 .debug_aranges
                0x00000c88       0x20 CMakeFiles/Lora_test.dir/Core/Src/sysmem.c.obj
 .debug_aranges
                0x00000ca8       0x28 CMakeFiles/Lora_test.dir/startup_stm32f030x8.s.obj
 .debug_aranges
                0x00000cd0       0x28 D:/Arm/STM32CubeCLT_1.15.1/GNU-tools-for-STM32/bin/../lib/gcc/arm-none-eabi/12.3.1/../../../../arm-none-eabi/lib/thumb/v6-m/nofp\libg_nano.a(libc_a-snprintf.o)
 .debug_aranges
                0x00000cf8       0x20 D:/Arm/STM32CubeCLT_1.15.1/GNU-tools-for-STM32/bin/../lib/gcc/arm-none-eabi/12.3.1/../../../../arm-none-eabi/lib/thumb/v6-m/nofp\libg_nano.a(libc_a-strncpy.o)
 .debug_aranges
                0x00000d18       0x20 D:/Arm/STM32CubeCLT_1.15.1/GNU-tools-for-STM32/bin/../lib/gcc/arm-none-eabi/12.3.1/../../../../arm-none-eabi/lib/thumb/v6-m/nofp\libg_nano.a(libc_a-errno.o)
 .debug_aranges
                0x00000d38       0x20 D:/Arm/STM32CubeCLT_1.15.1/GNU-tools-for-STM32/bin/../lib/gcc/arm-none-eabi/12.3.1/../../../../arm-none-eabi/lib/thumb/v6-m/nofp\libg_nano.a(libc_a-memcpy-stub.o)
 .debug_aranges
                0x00000d58       0x20 D:/Arm/STM32CubeCLT_1.15.1/GNU-tools-for-STM32/bin/../lib/gcc/arm-none-eabi/12.3.1/../../../../arm-none-eabi/lib/thumb/v6-m/nofp\libg_nano.a(libc_a-strlen.o)
 .debug_aranges
                0x00000d78       0x30 D:/Arm/STM32CubeCLT_1.15.1/GNU-tools-for-STM32/bin/../lib/gcc/arm-none-eabi/12.3.1/../../../../arm-none-eabi/lib/thumb/v6-m/nofp\libg_nano.a(libc_a-nano-svfprintf.o)
 .debug_aranges
                0x00000da8       0x28 D:/Arm/STM32CubeCLT_1.15.1/GNU-tools-for-STM32/bin/../lib/gcc/arm-none-eabi/12.3.1/../../../../arm-none-eabi/lib/thumb/v6-m/nofp\libg_nano.a(libc_a-nano-vfprintf_i.o)
 .debug_aranges
                0x00000dd0       0x20 D:/Arm/STM32CubeCLT_1.15.1/GNU-tools-for-STM32/bin/../lib/gcc/arm-none-eabi/12.3.1/../../../../arm-none-eabi/lib/thumb/v6-m/nofp\libg_nano.a(libc_a-memmove.o)
 .debug_aranges
                0x00000df0       0x20 D:/Arm/STM32CubeCLT_1.15.1/GNU-tools-for-STM32/bin/../lib/gcc/arm-none-eabi/12.3.1/../../../../arm-none-eabi/lib/thumb/v6-m/nofp\libg_nano.a(libc_a-memchr-stub.o)
 .debug_aranges
                0x00000e10       0x20 D:/Arm/STM32CubeCLT_1.15.1/GNU-tools-for-STM32/bin/../lib/gcc/arm-none-eabi/12.3.1/../../../../arm-none-eabi/lib/thumb/v6-m/nofp\libg_nano.a(libc_a-reallocr.o)
 .debug_aranges
                0x00000e30       0x20 D:/Arm/STM32CubeCLT_1.15.1/GNU-tools-for-STM32/bin/../lib/gcc/arm-none-eabi/12.3.1/../../../../arm-none-eabi/lib/thumb/v6-m/nofp\libg_nano.a(libc_a-msizer.o)

.debug_rnglists
                0x00000000      0xae2
 .debug_rnglists
                0x00000000       0x40 CMakeFiles/Lora_test.dir/Core/Src/main.c.obj
 .debug_rnglists
                0x00000040       0x1f CMakeFiles/Lora_test.dir/Core/Src/delay.c.obj
 .debug_rnglists
                0x0000005f       0x98 CMakeFiles/Lora_test.dir/Radio/Src/sx1276.c.obj
 .debug_rnglists
                0x000000f7       0x6d CMakeFiles/Lora_test.dir/Radio/Src/sx1276-Hal.c.obj
 .debug_rnglists
                0x00000164       0x7c CMakeFiles/Lora_test.dir/Radio/Src/sx1276-LoRa.c.obj
 .debug_rnglists
                0x000001e0      0x106 CMakeFiles/Lora_test.dir/Radio/Src/sx1276-LoRaMisc.c.obj
 .debug_rnglists
                0x000002e6       0x83 CMakeFiles/Lora_test.dir/Radio/Src/sx1276-Fsk.c.obj
 .debug_rnglists
                0x00000369       0x13 CMakeFiles/Lora_test.dir/Radio/Src/radio.c.obj
 .debug_rnglists
                0x0000037c       0x14 CMakeFiles/Lora_test.dir/Core/Src/gpio.c.obj
 .debug_rnglists
                0x00000390       0x26 CMakeFiles/Lora_test.dir/Core/Src/spi.c.obj
 .debug_rnglists
                0x000003b6       0x20 CMakeFiles/Lora_test.dir/Core/Src/usart.c.obj
 .debug_rnglists
                0x000003d6       0x31 CMakeFiles/Lora_test.dir/Core/Src/stm32f0xx_it.c.obj
 .debug_rnglists
                0x00000407       0x13 CMakeFiles/Lora_test.dir/Core/Src/stm32f0xx_hal_msp.c.obj
 .debug_rnglists
                0x0000041a      0x197 CMakeFiles/Lora_test.dir/Drivers/STM32F0xx_HAL_Driver/Src/stm32f0xx_hal_spi.c.obj
 .debug_rnglists
                0x000005b1       0x60 CMakeFiles/Lora_test.dir/Drivers/STM32F0xx_HAL_Driver/Src/stm32f0xx_hal_rcc.c.obj
 .debug_rnglists
                0x00000611       0x21 CMakeFiles/Lora_test.dir/Drivers/STM32F0xx_HAL_Driver/Src/stm32f0xx_hal_rcc_ex.c.obj
 .debug_rnglists
                0x00000632       0x97 CMakeFiles/Lora_test.dir/Drivers/STM32F0xx_HAL_Driver/Src/stm32f0xx_hal.c.obj
 .debug_rnglists
                0x000006c9       0x3f CMakeFiles/Lora_test.dir/Drivers/STM32F0xx_HAL_Driver/Src/stm32f0xx_hal_gpio.c.obj
 .debug_rnglists
                0x00000708       0x8c CMakeFiles/Lora_test.dir/Drivers/STM32F0xx_HAL_Driver/Src/stm32f0xx_hal_cortex.c.obj
 .debug_rnglists
                0x00000794      0x1ce CMakeFiles/Lora_test.dir/Drivers/STM32F0xx_HAL_Driver/Src/stm32f0xx_hal_uart.c.obj
 .debug_rnglists
                0x00000962       0x1a CMakeFiles/Lora_test.dir/Core/Src/system_stm32f0xx.c.obj
 .debug_rnglists
                0x0000097c       0x13 CMakeFiles/Lora_test.dir/Core/Src/sysmem.c.obj
 .debug_rnglists
                0x0000098f       0x19 CMakeFiles/Lora_test.dir/startup_stm32f030x8.s.obj
 .debug_rnglists
                0x000009a8       0x19 D:/Arm/STM32CubeCLT_1.15.1/GNU-tools-for-STM32/bin/../lib/gcc/arm-none-eabi/12.3.1/../../../../arm-none-eabi/lib/thumb/v6-m/nofp\libg_nano.a(libc_a-snprintf.o)
 .debug_rnglists
                0x000009c1       0x13 D:/Arm/STM32CubeCLT_1.15.1/GNU-tools-for-STM32/bin/../lib/gcc/arm-none-eabi/12.3.1/../../../../arm-none-eabi/lib/thumb/v6-m/nofp\libg_nano.a(libc_a-strncpy.o)
 .debug_rnglists
                0x000009d4       0x13 D:/Arm/STM32CubeCLT_1.15.1/GNU-tools-for-STM32/bin/../lib/gcc/arm-none-eabi/12.3.1/../../../../arm-none-eabi/lib/thumb/v6-m/nofp\libg_nano.a(libc_a-errno.o)
 .debug_rnglists
                0x000009e7       0x13 D:/Arm/STM32CubeCLT_1.15.1/GNU-tools-for-STM32/bin/../lib/gcc/arm-none-eabi/12.3.1/../../../../arm-none-eabi/lib/thumb/v6-m/nofp\libg_nano.a(libc_a-memcpy-stub.o)
 .debug_rnglists
                0x000009fa       0x53 D:/Arm/STM32CubeCLT_1.15.1/GNU-tools-for-STM32/bin/../lib/gcc/arm-none-eabi/12.3.1/../../../../arm-none-eabi/lib/thumb/v6-m/nofp\libg_nano.a(libc_a-nano-svfprintf.o)
 .debug_rnglists
                0x00000a4d       0x49 D:/Arm/STM32CubeCLT_1.15.1/GNU-tools-for-STM32/bin/../lib/gcc/arm-none-eabi/12.3.1/../../../../arm-none-eabi/lib/thumb/v6-m/nofp\libg_nano.a(libc_a-nano-vfprintf_i.o)
 .debug_rnglists
                0x00000a96       0x13 D:/Arm/STM32CubeCLT_1.15.1/GNU-tools-for-STM32/bin/../lib/gcc/arm-none-eabi/12.3.1/../../../../arm-none-eabi/lib/thumb/v6-m/nofp\libg_nano.a(libc_a-memmove.o)
 .debug_rnglists
                0x00000aa9       0x13 D:/Arm/STM32CubeCLT_1.15.1/GNU-tools-for-STM32/bin/../lib/gcc/arm-none-eabi/12.3.1/../../../../arm-none-eabi/lib/thumb/v6-m/nofp\libg_nano.a(libc_a-memchr-stub.o)
 .debug_rnglists
                0x00000abc       0x13 D:/Arm/STM32CubeCLT_1.15.1/GNU-tools-for-STM32/bin/../lib/gcc/arm-none-eabi/12.3.1/../../../../arm-none-eabi/lib/thumb/v6-m/nofp\libg_nano.a(libc_a-reallocr.o)
 .debug_rnglists
                0x00000acf       0x13 D:/Arm/STM32CubeCLT_1.15.1/GNU-tools-for-STM32/bin/../lib/gcc/arm-none-eabi/12.3.1/../../../../arm-none-eabi/lib/thumb/v6-m/nofp\libg_nano.a(libc_a-msizer.o)

.debug_macro    0x00000000    0x139f7
 .debug_macro   0x00000000      0x358 CMakeFiles/Lora_test.dir/Core/Src/main.c.obj
 .debug_macro   0x00000358      0xa8a CMakeFiles/Lora_test.dir/Core/Src/main.c.obj
 .debug_macro   0x00000de2      0x133 CMakeFiles/Lora_test.dir/Core/Src/main.c.obj
 .debug_macro   0x00000f15       0x2e CMakeFiles/Lora_test.dir/Core/Src/main.c.obj
 .debug_macro   0x00000f43       0x22 CMakeFiles/Lora_test.dir/Core/Src/main.c.obj
 .debug_macro   0x00000f65       0x22 CMakeFiles/Lora_test.dir/Core/Src/main.c.obj
 .debug_macro   0x00000f87       0x8e CMakeFiles/Lora_test.dir/Core/Src/main.c.obj
 .debug_macro   0x00001015       0x51 CMakeFiles/Lora_test.dir/Core/Src/main.c.obj
 .debug_macro   0x00001066      0x103 CMakeFiles/Lora_test.dir/Core/Src/main.c.obj
 .debug_macro   0x00001169       0x6a CMakeFiles/Lora_test.dir/Core/Src/main.c.obj
 .debug_macro   0x000011d3      0x1df CMakeFiles/Lora_test.dir/Core/Src/main.c.obj
 .debug_macro   0x000013b2       0x1c CMakeFiles/Lora_test.dir/Core/Src/main.c.obj
 .debug_macro   0x000013ce       0x22 CMakeFiles/Lora_test.dir/Core/Src/main.c.obj
 .debug_macro   0x000013f0       0xaf CMakeFiles/Lora_test.dir/Core/Src/main.c.obj
 .debug_macro   0x0000149f      0x391 CMakeFiles/Lora_test.dir/Core/Src/main.c.obj
 .debug_macro   0x00001830     0x6f47 CMakeFiles/Lora_test.dir/Core/Src/main.c.obj
 .debug_macro   0x00008777       0x66 CMakeFiles/Lora_test.dir/Core/Src/main.c.obj
 .debug_macro   0x000087dd     0x34da CMakeFiles/Lora_test.dir/Core/Src/main.c.obj
 .debug_macro   0x0000bcb7      0x189 CMakeFiles/Lora_test.dir/Core/Src/main.c.obj
 .debug_macro   0x0000be40       0x55 CMakeFiles/Lora_test.dir/Core/Src/main.c.obj